Archive member included to satisfy reference by file (symbol)

.pio\build\genericCH32V003F4P6\libFrameworkNoneOSVariant.a(ch32v00x_gpio.o)
                              .pio\build\genericCH32V003F4P6\FrameworkNoneOSDebug\debug.o (GPIO_Init)
.pio\build\genericCH32V003F4P6\libFrameworkNoneOSVariant.a(ch32v00x_rcc.o)
                              .pio\build\genericCH32V003F4P6\FrameworkNoneOSSSystem\system_ch32v00x.o (RCC_AdjustHSICalibrationValue)
.pio\build\genericCH32V003F4P6\libFrameworkNoneOSVariant.a(ch32v00x_spi.o)
                              .pio\build\genericCH32V003F4P6\src\rfid\rc522.o (SPI_Init)
.pio\build\genericCH32V003F4P6\libFrameworkNoneOSVariant.a(ch32v00x_tim.o)
                              .pio\build\genericCH32V003F4P6\src\motor\motor.o (TIM_TimeBaseInit)
.pio\build\genericCH32V003F4P6\libFrameworkNoneOSVariant.a(ch32v00x_usart.o)
                              .pio\build\genericCH32V003F4P6\FrameworkNoneOSDebug\debug.o (USART_Init)
c:/users/admin/.platformio/packages/toolchain-riscv/bin/../lib/gcc/riscv-wch-elf/12.2.0/rv32ec_xw/ilp32e\libgcc.a(save-restore.o)
                              .pio\build\genericCH32V003F4P6\FrameworkNoneOSDebug\debug.o (__riscv_save_2)
c:/users/admin/.platformio/packages/toolchain-riscv/bin/../lib/gcc/riscv-wch-elf/12.2.0/rv32ec_xw/ilp32e\libgcc.a(muldi3.o)
                              .pio\build\genericCH32V003F4P6\FrameworkNoneOSDebug\debug.o (__mulsi3)
c:/users/admin/.platformio/packages/toolchain-riscv/bin/../lib/gcc/riscv-wch-elf/12.2.0/rv32ec_xw/ilp32e\libgcc.a(div.o)
                              .pio\build\genericCH32V003F4P6\FrameworkNoneOSSSystem\system_ch32v00x.o (__divsi3)
c:/users/admin/.platformio/packages/toolchain-riscv/bin/../lib/gcc/riscv-wch-elf/12.2.0/../../../../riscv-wch-elf/lib/rv32ec_xw/ilp32e\libg_nano.a(lib_a-init.o)
                              .pio\build\genericCH32V003F4P6\FrameworkNoneOSStartup\startup_ch32v00x.o (__libc_init_array)
c:/users/admin/.platformio/packages/toolchain-riscv/bin/../lib/gcc/riscv-wch-elf/12.2.0/../../../../riscv-wch-elf/lib/rv32ec_xw/ilp32e\libg_nano.a(lib_a-memcpy-asm.o)
                              .pio\build\genericCH32V003F4P6\src\ws2812\ws2812.o (memcpy)
c:/users/admin/.platformio/packages/toolchain-riscv/bin/../lib/gcc/riscv-wch-elf/12.2.0/../../../../riscv-wch-elf/lib/rv32ec_xw/ilp32e\libg_nano.a(lib_a-printf.o)
                              .pio\build\genericCH32V003F4P6\src\main.o (printf)
c:/users/admin/.platformio/packages/toolchain-riscv/bin/../lib/gcc/riscv-wch-elf/12.2.0/../../../../riscv-wch-elf/lib/rv32ec_xw/ilp32e\libg_nano.a(lib_a-puts.o)
                              .pio\build\genericCH32V003F4P6\src\main.o (puts)
c:/users/admin/.platformio/packages/toolchain-riscv/bin/../lib/gcc/riscv-wch-elf/12.2.0/../../../../riscv-wch-elf/lib/rv32ec_xw/ilp32e\libg_nano.a(lib_a-wbuf.o)
                              c:/users/admin/.platformio/packages/toolchain-riscv/bin/../lib/gcc/riscv-wch-elf/12.2.0/../../../../riscv-wch-elf/lib/rv32ec_xw/ilp32e\libg_nano.a(lib_a-puts.o) (__swbuf_r)
c:/users/admin/.platformio/packages/toolchain-riscv/bin/../lib/gcc/riscv-wch-elf/12.2.0/../../../../riscv-wch-elf/lib/rv32ec_xw/ilp32e\libg_nano.a(lib_a-wsetup.o)
                              c:/users/admin/.platformio/packages/toolchain-riscv/bin/../lib/gcc/riscv-wch-elf/12.2.0/../../../../riscv-wch-elf/lib/rv32ec_xw/ilp32e\libg_nano.a(lib_a-puts.o) (__swsetup_r)
c:/users/admin/.platformio/packages/toolchain-riscv/bin/../lib/gcc/riscv-wch-elf/12.2.0/../../../../riscv-wch-elf/lib/rv32ec_xw/ilp32e\libg_nano.a(lib_a-fflush.o)
                              c:/users/admin/.platformio/packages/toolchain-riscv/bin/../lib/gcc/riscv-wch-elf/12.2.0/../../../../riscv-wch-elf/lib/rv32ec_xw/ilp32e\libg_nano.a(lib_a-wbuf.o) (_fflush_r)
c:/users/admin/.platformio/packages/toolchain-riscv/bin/../lib/gcc/riscv-wch-elf/12.2.0/../../../../riscv-wch-elf/lib/rv32ec_xw/ilp32e\libg_nano.a(lib_a-findfp.o)
                              c:/users/admin/.platformio/packages/toolchain-riscv/bin/../lib/gcc/riscv-wch-elf/12.2.0/../../../../riscv-wch-elf/lib/rv32ec_xw/ilp32e\libg_nano.a(lib_a-printf.o) (__sinit)
c:/users/admin/.platformio/packages/toolchain-riscv/bin/../lib/gcc/riscv-wch-elf/12.2.0/../../../../riscv-wch-elf/lib/rv32ec_xw/ilp32e\libg_nano.a(lib_a-fwalk.o)
                              c:/users/admin/.platformio/packages/toolchain-riscv/bin/../lib/gcc/riscv-wch-elf/12.2.0/../../../../riscv-wch-elf/lib/rv32ec_xw/ilp32e\libg_nano.a(lib_a-findfp.o) (_fwalk)
c:/users/admin/.platformio/packages/toolchain-riscv/bin/../lib/gcc/riscv-wch-elf/12.2.0/../../../../riscv-wch-elf/lib/rv32ec_xw/ilp32e\libg_nano.a(lib_a-impure.o)
                              c:/users/admin/.platformio/packages/toolchain-riscv/bin/../lib/gcc/riscv-wch-elf/12.2.0/../../../../riscv-wch-elf/lib/rv32ec_xw/ilp32e\libg_nano.a(lib_a-fflush.o) (_global_impure_ptr)
[...]
Memory Configuration

Name             Origin             Length             Attributes
FLASH            0x0000000000000000 0x0000000000004000 xr
RAM              0x0000000020000000 0x0000000000000800 xrw
*default*        0x0000000000000000 0xffffffffffffffff

Linker script and memory map

LOAD .pio\build\genericCH32V003F4P6\FrameworkNoneOSCore\core_riscv.o
LOAD .pio\build\genericCH32V003F4P6\FrameworkNoneOSStartup\startup_ch32v00x.o
LOAD .pio\build\genericCH32V003F4P6\FrameworkNoneOSSSystem\system_ch32v00x.o
LOAD .pio\build\genericCH32V003F4P6\FrameworkNoneOSDebug\debug.o
LOAD .pio\build\genericCH32V003F4P6\FrameworkInitFini\cpp_support.o
LOAD .pio\build\genericCH32V003F4P6\src\line\line.o
LOAD .pio\build\genericCH32V003F4P6\src\main.o
LOAD .pio\build\genericCH32V003F4P6\src\motor\motor.o
LOAD .pio\build\genericCH32V003F4P6\src\rfid\rc522.o
LOAD .pio\build\genericCH32V003F4P6\src\ws2812\ws2812.o
START GROUP
LOAD c:/users/admin/.platformio/packages/toolchain-riscv/bin/../lib/gcc/riscv-wch-elf/12.2.0/../../../../riscv-wch-elf/lib/rv32ec_xw/ilp32e\libm_nano.a
LOAD .pio\build\genericCH32V003F4P6\libFrameworkNoneOSVariant.a
END GROUP
LOAD c:/users/admin/.platformio/packages/toolchain-riscv/bin/../lib/gcc/riscv-wch-elf/12.2.0/rv32ec_xw/ilp32e\libgcc.a
LOAD c:/users/admin/.platformio/packages/toolchain-riscv/bin/../lib/gcc/riscv-wch-elf/12.2.0/../../../../riscv-wch-elf/lib/rv32ec_xw/ilp32e\libg_nano.a
LOAD c:/users/admin/.platformio/packages/toolchain-riscv/bin/../lib/gcc/riscv-wch-elf/12.2.0/../../../../riscv-wch-elf/lib/rv32ec_xw/ilp32e\libc_nano.a
LOAD c:/users/admin/.platformio/packages/toolchain-riscv/bin/../lib/gcc/riscv-wch-elf/12.2.0/rv32ec_xw/ilp32e\libgcc.a
START GROUP
LOAD c:/users/admin/.platformio/packages/toolchain-riscv/bin/../lib/gcc/riscv-wch-elf/12.2.0/rv32ec_xw/ilp32e\libgcc.a
LOAD c:/users/admin/.platformio/packages/toolchain-riscv/bin/../lib/gcc/riscv-wch-elf/12.2.0/../../../../riscv-wch-elf/lib/rv32ec_xw/ilp32e\libc_nano.a
LOAD c:/users/admin/.platformio/packages/toolchain-riscv/bin/../lib/gcc/riscv-wch-elf/12.2.0/../../../../riscv-wch-elf/lib/rv32ec_xw/ilp32e\libnosys.a
END GROUP
START GROUP
LOAD c:/users/admin/.platformio/packages/toolchain-riscv/bin/../lib/gcc/riscv-wch-elf/12.2.0/rv32ec_xw/ilp32e\libgcc.a
LOAD c:/users/admin/.platformio/packages/toolchain-riscv/bin/../lib/gcc/riscv-wch-elf/12.2.0/../../../../riscv-wch-elf/lib/rv32ec_xw/ilp32e\libc_nano.a
LOAD c:/users/admin/.platformio/packages/toolchain-riscv/bin/../lib/gcc/riscv-wch-elf/12.2.0/../../../../riscv-wch-elf/lib/rv32ec_xw/ilp32e\libnosys.a
END GROUP
                0x0000000000000100                __stack_size = 0x100
                [!provide]                        PROVIDE (_stack_size = __stack_size)

.init           0x0000000000000000       0xa0
                0x0000000000000000                _sinit = .
                0x0000000000000000                . = ALIGN (0x4)
 *(SORT_NONE(.init))
 .init          0x0000000000000000       0x9e .pio\build\genericCH32V003F4P6\FrameworkNoneOSStartup\startup_ch32v00x.o
                0x0000000000000000                _start
                0x00000000000000a0                . = ALIGN (0x4)
 *fill*         0x000000000000009e        0x2 
                0x00000000000000a0                _einit = .

.vector         0x00000000000000a0       0x20
 *(.vector)
                0x00000000000000c0                . = ALIGN (0x40)
 *fill*         0x00000000000000a0       0x20 

.highcodelalign
                0x00000000000000c0        0x0
                0x00000000000000c0                . = ALIGN (0x4)
                0x00000000000000c0                PROVIDE (_highcode_lma = .)

.highcode       0x0000000020000000        0x0 load address 0x00000000000000c0
                0x0000000020000000                . = ALIGN (0x4)
                0x0000000020000000                PROVIDE (_highcode_vma_start = .)
 *(.highcode)
 *(.highcode.*)
                0x0000000020000000                . = ALIGN (0x4)
                0x0000000020000000                PROVIDE (_highcode_vma_end = .)

.text           0x00000000000000c0     0x1b88
                0x00000000000000c0                . = ALIGN (0x4)
 *(.text)
 .text          0x00000000000000c0       0x14 c:/users/admin/.platformio/packages/toolchain-riscv/bin/../lib/gcc/riscv-wch-elf/12.2.0/rv32ec_xw/ilp32e\libgcc.a(save-restore.o)
                0x00000000000000c0                __riscv_save_1
                0x00000000000000c0                __riscv_save_2
                0x00000000000000c0                __riscv_save_0
                0x00000000000000ca                __riscv_restore_0
                0x00000000000000ca                __riscv_restore_1
                0x00000000000000ca                __riscv_restore_2
 .text          0x00000000000000d4       0x16 c:/users/admin/.platformio/packages/toolchain-riscv/bin/../lib/gcc/riscv-wch-elf/12.2.0/rv32ec_xw/ilp32e\libgcc.a(muldi3.o)
                0x00000000000000d4                __mulsi3
 *fill*         0x00000000000000ea        0x2 
 .text          0x00000000000000ec       0x7e c:/users/admin/.platformio/packages/toolchain-riscv/bin/../lib/gcc/riscv-wch-elf/12.2.0/rv32ec_xw/ilp32e\libgcc.a(div.o)
                0x00000000000000ec                __divsi3
                0x00000000000000f4                __udivsi3
                0x00000000000000f4                __hidden___udivsi3
                0x0000000000000120                __umodsi3
                0x0000000000000144                __modsi3
 .text          0x000000000000016a       0x10 c:/users/admin/.platformio/packages/toolchain-riscv/bin/../lib/gcc/riscv-wch-elf/12.2.0/../../../../riscv-wch-elf/lib/rv32ec_xw/ilp32e\libg_nano.a(lib_a-memset.o)
                0x000000000000016a                memset
 *(.text.*)
 .text.vector_handler
                0x000000000000017a        0x2 .pio\build\genericCH32V003F4P6\FrameworkNoneOSStartup\startup_ch32v00x.o
                0x000000000000017a                TIM1_CC_IRQHandler
                0x000000000000017a                HardFault_Handler
                0x000000000000017a                SysTick_Handler
                0x000000000000017a                PVD_IRQHandler
                0x000000000000017a                NMI_Handler
                0x000000000000017a                SPI1_IRQHandler
                0x000000000000017a                AWU_IRQHandler
                0x000000000000017a                EXTI7_0_IRQHandler
                0x000000000000017a                DMA1_Channel4_IRQHandler
                0x000000000000017a                ADC1_IRQHandler
                0x000000000000017a                DMA1_Channel7_IRQHandler
                0x000000000000017a                I2C1_EV_IRQHandler
                0x000000000000017a                DMA1_Channel6_IRQHandler
                0x000000000000017a                RCC_IRQHandler
                0x000000000000017a                TIM1_TRG_COM_IRQHandler
                0x000000000000017a                DMA1_Channel1_IRQHandler
                0x000000000000017a                DMA1_Channel5_IRQHandler
                0x000000000000017a                DMA1_Channel3_IRQHandler
                0x000000000000017a                TIM1_UP_IRQHandler
                0x000000000000017a                WWDG_IRQHandler
                0x000000000000017a                TIM2_IRQHandler
                0x000000000000017a                SW_Handler
                0x000000000000017a                TIM1_BRK_IRQHandler
                0x000000000000017a                DMA1_Channel2_IRQHandler
                0x000000000000017a                FLASH_IRQHandler
                0x000000000000017a                USART1_IRQHandler
                0x000000000000017a                I2C1_ER_IRQHandler
 .text.handle_reset
                0x000000000000017c       0xa8 .pio\build\genericCH32V003F4P6\FrameworkNoneOSStartup\startup_ch32v00x.o
                0x000000000000017c                handle_reset
 .text.SystemInit
                0x0000000000000224       0xd8 .pio\build\genericCH32V003F4P6\FrameworkNoneOSSSystem\system_ch32v00x.o
                0x0000000000000224                SystemInit
 .text.SystemCoreClockUpdate
                0x00000000000002fc       0x62 .pio\build\genericCH32V003F4P6\FrameworkNoneOSSSystem\system_ch32v00x.o
                0x00000000000002fc                SystemCoreClockUpdate
 .text.Delay_Init
                0x000000000000035e       0x30 .pio\build\genericCH32V003F4P6\FrameworkNoneOSDebug\debug.o
                0x000000000000035e                Delay_Init
 .text.Delay_Ms
                0x000000000000038e       0x36 .pio\build\genericCH32V003F4P6\FrameworkNoneOSDebug\debug.o
                0x000000000000038e                Delay_Ms
 .text.USART_Printf_Init
                0x00000000000003c4       0x52 .pio\build\genericCH32V003F4P6\FrameworkNoneOSDebug\debug.o
                0x00000000000003c4                USART_Printf_Init
 .text._write   0x0000000000000416       0x44 .pio\build\genericCH32V003F4P6\FrameworkNoneOSDebug\debug.o
                0x0000000000000416                _write
 .text._sbrk    0x000000000000045a       0x26 .pio\build\genericCH32V003F4P6\FrameworkNoneOSDebug\debug.o
                0x000000000000045a                _sbrk
 .text._fini    0x0000000000000480        0x2 .pio\build\genericCH32V003F4P6\FrameworkInitFini\cpp_support.o
                0x0000000000000480                _fini
 .text._init    0x0000000000000482        0x2 .pio\build\genericCH32V003F4P6\FrameworkInitFini\cpp_support.o
                0x0000000000000482                _init
 .text.Line_Init
                0x0000000000000484       0x4a .pio\build\genericCH32V003F4P6\src\line\line.o
                0x0000000000000484                Line_Init
 .text.Line_Get_Byte
                0x00000000000004ce       0x58 .pio\build\genericCH32V003F4P6\src\line\line.o
                0x00000000000004ce                Line_Get_Byte
 .text.startup.main
                0x0000000000000526       0x84 .pio\build\genericCH32V003F4P6\src\main.o
                0x0000000000000526                main
 .text.GPIO_Init
                0x00000000000005aa       0x76 .pio\build\genericCH32V003F4P6\libFrameworkNoneOSVariant.a(ch32v00x_gpio.o)
                0x00000000000005aa                GPIO_Init
 .text.GPIO_ReadInputDataBit
                0x0000000000000620        0xc .pio\build\genericCH32V003F4P6\libFrameworkNoneOSVariant.a(ch32v00x_gpio.o)
                0x0000000000000620                GPIO_ReadInputDataBit
 .text.RCC_AdjustHSICalibrationValue
                0x000000000000062c       0x12 .pio\build\genericCH32V003F4P6\libFrameworkNoneOSVariant.a(ch32v00x_rcc.o)
                0x000000000000062c                RCC_AdjustHSICalibrationValue
 .text.RCC_GetClocksFreq
                0x000000000000063e       0x92 .pio\build\genericCH32V003F4P6\libFrameworkNoneOSVariant.a(ch32v00x_rcc.o)
                0x000000000000063e                RCC_GetClocksFreq
 .text.RCC_APB2PeriphClockCmd
                0x00000000000006d0       0x1e .pio\build\genericCH32V003F4P6\libFrameworkNoneOSVariant.a(ch32v00x_rcc.o)
                0x00000000000006d0                RCC_APB2PeriphClockCmd
 .text.USART_Init
                0x00000000000006ee       0xc6 .pio\build\genericCH32V003F4P6\libFrameworkNoneOSVariant.a(ch32v00x_usart.o)
                0x00000000000006ee                USART_Init
 .text.USART_Cmd
                0x00000000000007b4       0x14 .pio\build\genericCH32V003F4P6\libFrameworkNoneOSVariant.a(ch32v00x_usart.o)
                0x00000000000007b4                USART_Cmd
 .text.USART_SendData
                0x00000000000007c8        0x8 .pio\build\genericCH32V003F4P6\libFrameworkNoneOSVariant.a(ch32v00x_usart.o)
                0x00000000000007c8                USART_SendData
 .text.USART_GetFlagStatus
                0x00000000000007d0        0xa .pio\build\genericCH32V003F4P6\libFrameworkNoneOSVariant.a(ch32v00x_usart.o)
                0x00000000000007d0                USART_GetFlagStatus
 .text.__libc_init_array
                0x00000000000007da       0x72 c:/users/admin/.platformio/packages/toolchain-riscv/bin/../lib/gcc/riscv-wch-elf/12.2.0/../../../../riscv-wch-elf/lib/rv32ec_xw/ilp32e\libg_nano.a(lib_a-init.o)
                0x00000000000007da                __libc_init_array
 .text.printf   0x000000000000084c       0x3e c:/users/admin/.platformio/packages/toolchain-riscv/bin/../lib/gcc/riscv-wch-elf/12.2.0/../../../../riscv-wch-elf/lib/rv32ec_xw/ilp32e\libg_nano.a(lib_a-printf.o)
                0x000000000000084c                iprintf
                0x000000000000084c                printf
 .text._puts_r  0x000000000000088a       0xfa c:/users/admin/.platformio/packages/toolchain-riscv/bin/../lib/gcc/riscv-wch-elf/12.2.0/../../../../riscv-wch-elf/lib/rv32ec_xw/ilp32e\libg_nano.a(lib_a-puts.o)
                0x000000000000088a                _puts_r
 .text.puts     0x0000000000000984        0xc c:/users/admin/.platformio/packages/toolchain-riscv/bin/../lib/gcc/riscv-wch-elf/12.2.0/../../../../riscv-wch-elf/lib/rv32ec_xw/ilp32e\libg_nano.a(lib_a-puts.o)
                0x0000000000000984                puts
 .text.__swbuf_r
                0x0000000000000990       0xc2 c:/users/admin/.platformio/packages/toolchain-riscv/bin/../lib/gcc/riscv-wch-elf/12.2.0/../../../../riscv-wch-elf/lib/rv32ec_xw/ilp32e\libg_nano.a(lib_a-wbuf.o)
                0x0000000000000990                __swbuf_r
 .text.__swsetup_r
                0x0000000000000a52       0xee c:/users/admin/.platformio/packages/toolchain-riscv/bin/../lib/gcc/riscv-wch-elf/12.2.0/../../../../riscv-wch-elf/lib/rv32ec_xw/ilp32e\libg_nano.a(lib_a-wsetup.o)
                0x0000000000000a52                __swsetup_r
 .text.__sflush_r
                0x0000000000000b40      0x12a c:/users/admin/.platformio/packages/toolchain-riscv/bin/../lib/gcc/riscv-wch-elf/12.2.0/../../../../riscv-wch-elf/lib/rv32ec_xw/ilp32e\libg_nano.a(lib_a-fflush.o)
                0x0000000000000b40                __sflush_r
 .text._fflush_r
                0x0000000000000c6a       0x86 c:/users/admin/.platformio/packages/toolchain-riscv/bin/../lib/gcc/riscv-wch-elf/12.2.0/../../../../riscv-wch-elf/lib/rv32ec_xw/ilp32e\libg_nano.a(lib_a-fflush.o)
                0x0000000000000c6a                _fflush_r
 .text.std      0x0000000000000cf0       0x66 c:/users/admin/.platformio/packages/toolchain-riscv/bin/../lib/gcc/riscv-wch-elf/12.2.0/../../../../riscv-wch-elf/lib/rv32ec_xw/ilp32e\libg_nano.a(lib_a-findfp.o)
 .text._cleanup_r
                0x0000000000000d56        0xa c:/users/admin/.platformio/packages/toolchain-riscv/bin/../lib/gcc/riscv-wch-elf/12.2.0/../../../../riscv-wch-elf/lib/rv32ec_xw/ilp32e\libg_nano.a(lib_a-findfp.o)
                0x0000000000000d56                _cleanup_r
 .text.__sfmoreglue
                0x0000000000000d60       0x46 c:/users/admin/.platformio/packages/toolchain-riscv/bin/../lib/gcc/riscv-wch-elf/12.2.0/../../../../riscv-wch-elf/lib/rv32ec_xw/ilp32e\libg_nano.a(lib_a-findfp.o)
                0x0000000000000d60                __sfmoreglue
 .text.__sfp_lock_acquire
                0x0000000000000da6        0x6 c:/users/admin/.platformio/packages/toolchain-riscv/bin/../lib/gcc/riscv-wch-elf/12.2.0/../../../../riscv-wch-elf/lib/rv32ec_xw/ilp32e\libg_nano.a(lib_a-findfp.o)
                0x0000000000000da6                __sfp_lock_acquire
 .text.__sfp_lock_release
                0x0000000000000dac        0x6 c:/users/admin/.platformio/packages/toolchain-riscv/bin/../lib/gcc/riscv-wch-elf/12.2.0/../../../../riscv-wch-elf/lib/rv32ec_xw/ilp32e\libg_nano.a(lib_a-findfp.o)
                0x0000000000000dac                __sfp_lock_release
 .text.__sinit_lock_acquire
                0x0000000000000db2        0x6 c:/users/admin/.platformio/packages/toolchain-riscv/bin/../lib/gcc/riscv-wch-elf/12.2.0/../../../../riscv-wch-elf/lib/rv32ec_xw/ilp32e\libg_nano.a(lib_a-findfp.o)
                0x0000000000000db2                __sinit_lock_acquire
 .text.__sinit_lock_release
                0x0000000000000db8        0x6 c:/users/admin/.platformio/packages/toolchain-riscv/bin/../lib/gcc/riscv-wch-elf/12.2.0/../../../../riscv-wch-elf/lib/rv32ec_xw/ilp32e\libg_nano.a(lib_a-findfp.o)
                0x0000000000000db8                __sinit_lock_release
 .text.__sinit  0x0000000000000dbe       0x68 c:/users/admin/.platformio/packages/toolchain-riscv/bin/../lib/gcc/riscv-wch-elf/12.2.0/../../../../riscv-wch-elf/lib/rv32ec_xw/ilp32e\libg_nano.a(lib_a-findfp.o)
                0x0000000000000dbe                __sinit
 .text.__sfp    0x0000000000000e26       0xa4 c:/users/admin/.platformio/packages/toolchain-riscv/bin/../lib/gcc/riscv-wch-elf/12.2.0/../../../../riscv-wch-elf/lib/rv32ec_xw/ilp32e\libg_nano.a(lib_a-findfp.o)
                0x0000000000000e26                __sfp
 .text._fwalk_reent
                0x0000000000000eca       0x5c c:/users/admin/.platformio/packages/toolchain-riscv/bin/../lib/gcc/riscv-wch-elf/12.2.0/../../../../riscv-wch-elf/lib/rv32ec_xw/ilp32e\libg_nano.a(lib_a-fwalk.o)
                0x0000000000000eca                _fwalk_reent
 .text.__retarget_lock_init_recursive
                0x0000000000000f26        0x2 c:/users/admin/.platformio/packages/toolchain-riscv/bin/../lib/gcc/riscv-wch-elf/12.2.0/../../../../riscv-wch-elf/lib/rv32ec_xw/ilp32e\libg_nano.a(lib_a-lock.o)
                0x0000000000000f26                __retarget_lock_init_recursive
 .text.__retarget_lock_acquire_recursive
                0x0000000000000f28        0x2 c:/users/admin/.platformio/packages/toolchain-riscv/bin/../lib/gcc/riscv-wch-elf/12.2.0/../../../../riscv-wch-elf/lib/rv32ec_xw/ilp32e\libg_nano.a(lib_a-lock.o)
                0x0000000000000f28                __retarget_lock_acquire_recursive
 .text.__retarget_lock_release_recursive
                0x0000000000000f2a        0x2 c:/users/admin/.platformio/packages/toolchain-riscv/bin/../lib/gcc/riscv-wch-elf/12.2.0/../../../../riscv-wch-elf/lib/rv32ec_xw/ilp32e\libg_nano.a(lib_a-lock.o)
                0x0000000000000f2a                __retarget_lock_release_recursive
 .text.__swhatbuf_r
                0x0000000000000f2c       0x5e c:/users/admin/.platformio/packages/toolchain-riscv/bin/../lib/gcc/riscv-wch-elf/12.2.0/../../../../riscv-wch-elf/lib/rv32ec_xw/ilp32e\libg_nano.a(lib_a-makebuf.o)
                0x0000000000000f2c                __swhatbuf_r
 .text.__smakebuf_r
                0x0000000000000f8a       0x8a c:/users/admin/.platformio/packages/toolchain-riscv/bin/../lib/gcc/riscv-wch-elf/12.2.0/../../../../riscv-wch-elf/lib/rv32ec_xw/ilp32e\libg_nano.a(lib_a-makebuf.o)
                0x0000000000000f8a                __smakebuf_r
 .text._free_r  0x0000000000001014       0x9e c:/users/admin/.platformio/packages/toolchain-riscv/bin/../lib/gcc/riscv-wch-elf/12.2.0/../../../../riscv-wch-elf/lib/rv32ec_xw/ilp32e\libg_nano.a(lib_a-nano-freer.o)
                0x0000000000001014                _free_r
 .text.sbrk_aligned
                0x00000000000010b2       0x4c c:/users/admin/.platformio/packages/toolchain-riscv/bin/../lib/gcc/riscv-wch-elf/12.2.0/../../../../riscv-wch-elf/lib/rv32ec_xw/ilp32e\libg_nano.a(lib_a-nano-mallocr.o)
 .text._malloc_r
                0x00000000000010fe      0x10c c:/users/admin/.platformio/packages/toolchain-riscv/bin/../lib/gcc/riscv-wch-elf/12.2.0/../../../../riscv-wch-elf/lib/rv32ec_xw/ilp32e\libg_nano.a(lib_a-nano-mallocr.o)
                0x00000000000010fe                _malloc_r
 .text.__sfputc_r
                0x000000000000120a       0x28 c:/users/admin/.platformio/packages/toolchain-riscv/bin/../lib/gcc/riscv-wch-elf/12.2.0/../../../../riscv-wch-elf/lib/rv32ec_xw/ilp32e\libg_nano.a(lib_a-nano-vfprintf.o)
 .text.__sfputs_r
                0x0000000000001232       0x34 c:/users/admin/.platformio/packages/toolchain-riscv/bin/../lib/gcc/riscv-wch-elf/12.2.0/../../../../riscv-wch-elf/lib/rv32ec_xw/ilp32e\libg_nano.a(lib_a-nano-vfprintf.o)
                0x0000000000001232                __sfputs_r
 .text._vfprintf_r
                0x0000000000001266      0x2cc c:/users/admin/.platformio/packages/toolchain-riscv/bin/../lib/gcc/riscv-wch-elf/12.2.0/../../../../riscv-wch-elf/lib/rv32ec_xw/ilp32e\libg_nano.a(lib_a-nano-vfprintf.o)
                0x0000000000001266                _vfprintf_r
                0x0000000000001266                _vfiprintf_r
 .text._sbrk_r  0x0000000000001532       0x28 c:/users/admin/.platformio/packages/toolchain-riscv/bin/../lib/gcc/riscv-wch-elf/12.2.0/../../../../riscv-wch-elf/lib/rv32ec_xw/ilp32e\libg_nano.a(lib_a-sbrkr.o)
                0x0000000000001532                _sbrk_r
 .text.__sread  0x000000000000155a       0x2c c:/users/admin/.platformio/packages/toolchain-riscv/bin/../lib/gcc/riscv-wch-elf/12.2.0/../../../../riscv-wch-elf/lib/rv32ec_xw/ilp32e\libg_nano.a(lib_a-stdio.o)
                0x000000000000155a                __sread
 .text.__swrite
                0x0000000000001586       0x40 c:/users/admin/.platformio/packages/toolchain-riscv/bin/../lib/gcc/riscv-wch-elf/12.2.0/../../../../riscv-wch-elf/lib/rv32ec_xw/ilp32e\libg_nano.a(lib_a-stdio.o)
                0x0000000000001586                __swrite
 .text.__sseek  0x00000000000015c6       0x30 c:/users/admin/.platformio/packages/toolchain-riscv/bin/../lib/gcc/riscv-wch-elf/12.2.0/../../../../riscv-wch-elf/lib/rv32ec_xw/ilp32e\libg_nano.a(lib_a-stdio.o)
                0x00000000000015c6                __sseek
 .text.__sclose
                0x00000000000015f6        0x6 c:/users/admin/.platformio/packages/toolchain-riscv/bin/../lib/gcc/riscv-wch-elf/12.2.0/../../../../riscv-wch-elf/lib/rv32ec_xw/ilp32e\libg_nano.a(lib_a-stdio.o)
                0x00000000000015f6                __sclose
 .text._write_r
                0x00000000000015fc       0x2c c:/users/admin/.platformio/packages/toolchain-riscv/bin/../lib/gcc/riscv-wch-elf/12.2.0/../../../../riscv-wch-elf/lib/rv32ec_xw/ilp32e\libg_nano.a(lib_a-writer.o)
                0x00000000000015fc                _write_r
 .text._close_r
                0x0000000000001628       0x26 c:/users/admin/.platformio/packages/toolchain-riscv/bin/../lib/gcc/riscv-wch-elf/12.2.0/../../../../riscv-wch-elf/lib/rv32ec_xw/ilp32e\libg_nano.a(lib_a-closer.o)
                0x0000000000001628                _close_r
 .text._fstat_r
                0x000000000000164e       0x28 c:/users/admin/.platformio/packages/toolchain-riscv/bin/../lib/gcc/riscv-wch-elf/12.2.0/../../../../riscv-wch-elf/lib/rv32ec_xw/ilp32e\libg_nano.a(lib_a-fstatr.o)
                0x000000000000164e                _fstat_r
 .text._isatty_r
                0x0000000000001676       0x26 c:/users/admin/.platformio/packages/toolchain-riscv/bin/../lib/gcc/riscv-wch-elf/12.2.0/../../../../riscv-wch-elf/lib/rv32ec_xw/ilp32e\libg_nano.a(lib_a-isattyr.o)
                0x0000000000001676                _isatty_r
 .text._lseek_r
                0x000000000000169c       0x2a c:/users/admin/.platformio/packages/toolchain-riscv/bin/../lib/gcc/riscv-wch-elf/12.2.0/../../../../riscv-wch-elf/lib/rv32ec_xw/ilp32e\libg_nano.a(lib_a-lseekr.o)
                0x000000000000169c                _lseek_r
 .text.memchr   0x00000000000016c6       0x18 c:/users/admin/.platformio/packages/toolchain-riscv/bin/../lib/gcc/riscv-wch-elf/12.2.0/../../../../riscv-wch-elf/lib/rv32ec_xw/ilp32e\libg_nano.a(lib_a-memchr.o)
                0x00000000000016c6                memchr
 .text.__malloc_lock
                0x00000000000016de        0x8 c:/users/admin/.platformio/packages/toolchain-riscv/bin/../lib/gcc/riscv-wch-elf/12.2.0/../../../../riscv-wch-elf/lib/rv32ec_xw/ilp32e\libg_nano.a(lib_a-mlock.o)
                0x00000000000016de                __malloc_lock
 .text.__malloc_unlock
                0x00000000000016e6        0x8 c:/users/admin/.platformio/packages/toolchain-riscv/bin/../lib/gcc/riscv-wch-elf/12.2.0/../../../../riscv-wch-elf/lib/rv32ec_xw/ilp32e\libg_nano.a(lib_a-mlock.o)
                0x00000000000016e6                __malloc_unlock
 .text._printf_common
                0x00000000000016ee      0x100 c:/users/admin/.platformio/packages/toolchain-riscv/bin/../lib/gcc/riscv-wch-elf/12.2.0/../../../../riscv-wch-elf/lib/rv32ec_xw/ilp32e\libg_nano.a(lib_a-nano-vfprintf_i.o)
                0x00000000000016ee                _printf_common
 .text._printf_i
                0x00000000000017ee      0x2aa c:/users/admin/.platformio/packages/toolchain-riscv/bin/../lib/gcc/riscv-wch-elf/12.2.0/../../../../riscv-wch-elf/lib/rv32ec_xw/ilp32e\libg_nano.a(lib_a-nano-vfprintf_i.o)
                0x00000000000017ee                _printf_i
 .text._read_r  0x0000000000001a98       0x2a c:/users/admin/.platformio/packages/toolchain-riscv/bin/../lib/gcc/riscv-wch-elf/12.2.0/../../../../riscv-wch-elf/lib/rv32ec_xw/ilp32e\libg_nano.a(lib_a-readr.o)
                0x0000000000001a98                _read_r
 .text._close   0x0000000000001ac2        0xc c:/users/admin/.platformio/packages/toolchain-riscv/bin/../lib/gcc/riscv-wch-elf/12.2.0/../../../../riscv-wch-elf/lib/rv32ec_xw/ilp32e\libnosys.a(close.o)
                0x0000000000001ac2                _close
 .text._fstat   0x0000000000001ace        0xc c:/users/admin/.platformio/packages/toolchain-riscv/bin/../lib/gcc/riscv-wch-elf/12.2.0/../../../../riscv-wch-elf/lib/rv32ec_xw/ilp32e\libnosys.a(fstat.o)
                0x0000000000001ace                _fstat
 .text._isatty  0x0000000000001ada        0xc c:/users/admin/.platformio/packages/toolchain-riscv/bin/../lib/gcc/riscv-wch-elf/12.2.0/../../../../riscv-wch-elf/lib/rv32ec_xw/ilp32e\libnosys.a(isatty.o)
                0x0000000000001ada                _isatty
 .text._lseek   0x0000000000001ae6        0xc c:/users/admin/.platformio/packages/toolchain-riscv/bin/../lib/gcc/riscv-wch-elf/12.2.0/../../../../riscv-wch-elf/lib/rv32ec_xw/ilp32e\libnosys.a(lseek.o)
                0x0000000000001ae6                _lseek
 .text._read    0x0000000000001af2        0xc c:/users/admin/.platformio/packages/toolchain-riscv/bin/../lib/gcc/riscv-wch-elf/12.2.0/../../../../riscv-wch-elf/lib/rv32ec_xw/ilp32e\libnosys.a(read.o)
                0x0000000000001af2                _read
 *(.rodata)
 *(.rodata*)
 *fill*         0x0000000000001afe        0x2 
 .rodata.main.str1.4
                0x0000000000001b00       0x52 .pio\build\genericCH32V003F4P6\src\main.o
 *fill*         0x0000000000001b52        0x2 
 .rodata.__sf_fake_stderr
                0x0000000000001b54       0x20 c:/users/admin/.platformio/packages/toolchain-riscv/bin/../lib/gcc/riscv-wch-elf/12.2.0/../../../../riscv-wch-elf/lib/rv32ec_xw/ilp32e\libg_nano.a(lib_a-findfp.o)
                0x0000000000001b54                __sf_fake_stderr
 .rodata.__sf_fake_stdout
                0x0000000000001b74       0x20 c:/users/admin/.platformio/packages/toolchain-riscv/bin/../lib/gcc/riscv-wch-elf/12.2.0/../../../../riscv-wch-elf/lib/rv32ec_xw/ilp32e\libg_nano.a(lib_a-findfp.o)
                0x0000000000001b74                __sf_fake_stdout
 .rodata.__sf_fake_stdin
                0x0000000000001b94       0x20 c:/users/admin/.platformio/packages/toolchain-riscv/bin/../lib/gcc/riscv-wch-elf/12.2.0/../../../../riscv-wch-elf/lib/rv32ec_xw/ilp32e\libg_nano.a(lib_a-findfp.o)
                0x0000000000001b94                __sf_fake_stdin
 .rodata._vfprintf_r.str1.4
                0x0000000000001bb4       0x13 c:/users/admin/.platformio/packages/toolchain-riscv/bin/../lib/gcc/riscv-wch-elf/12.2.0/../../../../riscv-wch-elf/lib/rv32ec_xw/ilp32e\libg_nano.a(lib_a-nano-vfprintf.o)
 *fill*         0x0000000000001bc7        0x1 
 .rodata._printf_i.str1.4
                0x0000000000001bc8       0x25 c:/users/admin/.platformio/packages/toolchain-riscv/bin/../lib/gcc/riscv-wch-elf/12.2.0/../../../../riscv-wch-elf/lib/rv32ec_xw/ilp32e\libg_nano.a(lib_a-nano-vfprintf_i.o)
 *fill*         0x0000000000001bed        0x3 
 .rodata._printf_i
                0x0000000000001bf0       0x58 c:/users/admin/.platformio/packages/toolchain-riscv/bin/../lib/gcc/riscv-wch-elf/12.2.0/../../../../riscv-wch-elf/lib/rv32ec_xw/ilp32e\libg_nano.a(lib_a-nano-vfprintf_i.o)
 *(.gnu.linkonce.t.*)
                0x0000000000001c48                . = ALIGN (0x4)
                0x0000000000001c48                __fsymtab_start = .
 *(FSymTab)
                0x0000000000001c48                __fsymtab_end = .
                0x0000000000001c48                . = ALIGN (0x4)
                0x0000000000001c48                __vsymtab_start = .
 *(VSymTab)
                0x0000000000001c48                __vsymtab_end = .
                0x0000000000001c48                . = ALIGN (0x4)
                0x0000000000001c48                . = ALIGN (0x4)
                0x0000000000001c48                __rt_init_start = .
 *(SORT_BY_NAME(.rti_fn*))
                0x0000000000001c48                __rt_init_end = .
                0x0000000000001c48                . = ALIGN (0x4)
                0x0000000000001c48                . = ALIGN (0x4)
                0x0000000000001c48                __rtmsymtab_start = .
 *(RTMSymTab)
                0x0000000000001c48                __rtmsymtab_end = .
                0x0000000000001c48                . = ALIGN (0x4)

.rela.dyn       0x0000000000001c48        0x0
 .rela.init     0x0000000000001c48        0x0 .pio\build\genericCH32V003F4P6\FrameworkNoneOSStartup\startup_ch32v00x.o
 .rela.text.handle_reset
                0x0000000000001c48        0x0 .pio\build\genericCH32V003F4P6\FrameworkNoneOSStartup\startup_ch32v00x.o
 .rela.text._sbrk
                0x0000000000001c48        0x0 .pio\build\genericCH32V003F4P6\FrameworkNoneOSStartup\startup_ch32v00x.o
 .rela.data.curbrk.0
                0x0000000000001c48        0x0 .pio\build\genericCH32V003F4P6\FrameworkNoneOSStartup\startup_ch32v00x.o
 .rela.text.__libc_init_array
                0x0000000000001c48        0x0 .pio\build\genericCH32V003F4P6\FrameworkNoneOSStartup\startup_ch32v00x.o
 .rela.text._vfprintf_r
                0x0000000000001c48        0x0 .pio\build\genericCH32V003F4P6\FrameworkNoneOSStartup\startup_ch32v00x.o

.fini           0x0000000000001c48        0x0
 *(SORT_NONE(.fini))
                0x0000000000001c48                . = ALIGN (0x4)
                [!provide]                        PROVIDE (_etext = .)
                [!provide]                        PROVIDE (_eitcm = .)

.preinit_array  0x0000000000001c48        0x0
                0x0000000000001c48                PROVIDE (__preinit_array_start = .)
 *(.preinit_array)
                0x0000000000001c48                PROVIDE (__preinit_array_end = .)

.init_array     0x0000000000001c48        0x0
                0x0000000000001c48                PROVIDE (__init_array_start = .)
 *(SORT_BY_INIT_PRIORITY(.init_array.*) SORT_BY_INIT_PRIORITY(.ctors.*))
 *(.init_array EXCLUDE_FILE(*crtend?.o *crtend.o *crtbegin?.o *crtbegin.o) .ctors)
                0x0000000000001c48                PROVIDE (__init_array_end = .)

.fini_array     0x0000000000001c48        0x0
                [!provide]                        PROVIDE (__fini_array_start = .)
 *(SORT_BY_INIT_PRIORITY(.fini_array.*) SORT_BY_INIT_PRIORITY(.dtors.*))
 *(.fini_array EXCLUDE_FILE(*crtend?.o *crtend.o *crtbegin?.o *crtbegin.o) .dtors)
                [!provide]                        PROVIDE (__fini_array_end = .)

.ctors
 *crtbegin.o(.ctors)
 *crtbegin?.o(.ctors)
 *(EXCLUDE_FILE(*crtend?.o *crtend.o) .ctors)
 *(SORT_BY_NAME(.ctors.*))
 *(.ctors)

.dtors
 *crtbegin.o(.dtors)
 *crtbegin?.o(.dtors)
 *(EXCLUDE_FILE(*crtend?.o *crtend.o) .dtors)
 *(SORT_BY_NAME(.dtors.*))
 *(.dtors)

.dalign         0x0000000020000000        0x0 load address 0x0000000000001c48
                0x0000000020000000                . = ALIGN (0x4)
                0x0000000020000000                PROVIDE (_data_vma = .)

.dlalign        0x0000000000001c48        0x0
                0x0000000000001c48                . = ALIGN (0x4)
                0x0000000000001c48                PROVIDE (_data_lma = .)

.data           0x0000000020000000       0xac load address 0x0000000000001c48
 *(.gnu.linkonce.r.*)
 *(.data .data.*)
 .data.AHBPrescTable
                0x0000000020000000       0x10 .pio\build\genericCH32V003F4P6\FrameworkNoneOSSSystem\system_ch32v00x.o
                0x0000000020000000                AHBPrescTable
 .data.SystemCoreClock
                0x0000000020000010        0x4 .pio\build\genericCH32V003F4P6\FrameworkNoneOSSSystem\system_ch32v00x.o
                0x0000000020000010                SystemCoreClock
 .data.curbrk.0
                0x0000000020000014        0x4 .pio\build\genericCH32V003F4P6\FrameworkNoneOSDebug\debug.o
 .data.ADCPrescTable
                0x0000000020000018       0x14 .pio\build\genericCH32V003F4P6\libFrameworkNoneOSVariant.a(ch32v00x_rcc.o)
 .data.APBAHBPrescTable
                0x000000002000002c       0x10 .pio\build\genericCH32V003F4P6\libFrameworkNoneOSVariant.a(ch32v00x_rcc.o)
 .data.impure_data
                0x000000002000003c       0x60 c:/users/admin/.platformio/packages/toolchain-riscv/bin/../lib/gcc/riscv-wch-elf/12.2.0/../../../../riscv-wch-elf/lib/rv32ec_xw/ilp32e\libg_nano.a(lib_a-impure.o)
 *(.gnu.linkonce.d.*)
                0x00000000200000a0                . = ALIGN (0x8)
 *fill*         0x000000002000009c        0x4 
                0x00000000200008a0                PROVIDE (__global_pointer$ = (. + 0x800))
 *(.sdata .sdata.*)
 .sdata._impure_ptr
                0x00000000200000a0        0x4 c:/users/admin/.platformio/packages/toolchain-riscv/bin/../lib/gcc/riscv-wch-elf/12.2.0/../../../../riscv-wch-elf/lib/rv32ec_xw/ilp32e\libg_nano.a(lib_a-impure.o)
                0x00000000200000a0                _impure_ptr
 *(.sdata2.*)
 *(.gnu.linkonce.s.*)
                0x00000000200000a8                . = ALIGN (0x8)
 *fill*         0x00000000200000a4        0x4 
 *(.srodata.cst16)
 *(.srodata.cst8)
 *(.srodata.cst4)
 *(.srodata.cst2)
 *(.srodata .srodata.*)
 .srodata._global_impure_ptr
                0x00000000200000a8        0x4 c:/users/admin/.platformio/packages/toolchain-riscv/bin/../lib/gcc/riscv-wch-elf/12.2.0/../../../../riscv-wch-elf/lib/rv32ec_xw/ilp32e\libg_nano.a(lib_a-impure.o)
                0x00000000200000a8                _global_impure_ptr
                0x00000000200000ac                . = ALIGN (0x4)
                0x00000000200000ac                PROVIDE (_edata = .)

.bss            0x00000000200000ac       0x1c load address 0x0000000000001cf4
                0x00000000200000ac                . = ALIGN (0x4)
                0x00000000200000ac                PROVIDE (_sbss = .)
 *(.sbss*)
 .sbss.__lock___malloc_recursive_mutex
                0x00000000200000ac        0x1 c:/users/admin/.platformio/packages/toolchain-riscv/bin/../lib/gcc/riscv-wch-elf/12.2.0/../../../../riscv-wch-elf/lib/rv32ec_xw/ilp32e\libg_nano.a(lib_a-lock.o)
                0x00000000200000ac                __lock___malloc_recursive_mutex
 *fill*         0x00000000200000ad        0x3 
 .sbss.__lock___sfp_recursive_mutex
                0x00000000200000b0        0x1 c:/users/admin/.platformio/packages/toolchain-riscv/bin/../lib/gcc/riscv-wch-elf/12.2.0/../../../../riscv-wch-elf/lib/rv32ec_xw/ilp32e\libg_nano.a(lib_a-lock.o)
                0x00000000200000b0                __lock___sfp_recursive_mutex
 *fill*         0x00000000200000b1        0x3 
 .sbss.__lock___sinit_recursive_mutex
                0x00000000200000b4        0x1 c:/users/admin/.platformio/packages/toolchain-riscv/bin/../lib/gcc/riscv-wch-elf/12.2.0/../../../../riscv-wch-elf/lib/rv32ec_xw/ilp32e\libg_nano.a(lib_a-lock.o)
                0x00000000200000b4                __lock___sinit_recursive_mutex
 *fill*         0x00000000200000b5        0x3 
 .sbss.__malloc_sbrk_start
                0x00000000200000b8        0x4 c:/users/admin/.platformio/packages/toolchain-riscv/bin/../lib/gcc/riscv-wch-elf/12.2.0/../../../../riscv-wch-elf/lib/rv32ec_xw/ilp32e\libg_nano.a(lib_a-nano-mallocr.o)
                0x00000000200000b8                __malloc_sbrk_start
 .sbss.__malloc_free_list
                0x00000000200000bc        0x4 c:/users/admin/.platformio/packages/toolchain-riscv/bin/../lib/gcc/riscv-wch-elf/12.2.0/../../../../riscv-wch-elf/lib/rv32ec_xw/ilp32e\libg_nano.a(lib_a-nano-mallocr.o)
                0x00000000200000bc                __malloc_free_list
 .sbss.errno    0x00000000200000c0        0x4 c:/users/admin/.platformio/packages/toolchain-riscv/bin/../lib/gcc/riscv-wch-elf/12.2.0/../../../../riscv-wch-elf/lib/rv32ec_xw/ilp32e\libg_nano.a(lib_a-reent.o)
                0x00000000200000c0                errno
 *(.gnu.linkonce.sb.*)
 *(.bss*)
 .bss.p_ms      0x00000000200000c4        0x2 .pio\build\genericCH32V003F4P6\FrameworkNoneOSDebug\debug.o
 .bss.p_us      0x00000000200000c6        0x1 .pio\build\genericCH32V003F4P6\FrameworkNoneOSDebug\debug.o
 *(.gnu.linkonce.b.*)
 *(COMMON*)
                0x00000000200000c8                . = ALIGN (0x4)
 *fill*         0x00000000200000c7        0x1 
                0x00000000200000c8                PROVIDE (_ebss = .)
                0x00000000200000c8                PROVIDE (_end = _ebss)
                [!provide]                        PROVIDE (end = .)

.stack          0x0000000020000700      0x100
                0x0000000020000700                PROVIDE (_heap_end = .)
                0x0000000020000700                . = ALIGN (0x4)
                [!provide]                        PROVIDE (_susrstack = .)
                0x0000000020000800                . = (. + __stack_size)
 *fill*         0x0000000020000700      0x100 
                0x0000000020000800                PROVIDE (_eusrstack = .)
                0x0000000020000800                __freertos_irq_stack_top = .
OUTPUT(.pio\build\genericCH32V003F4P6\firmware.elf elf32-littleriscv)

.riscv.attributes
                0x0000000000000000       0x27
 .riscv.attributes
                0x0000000000000000       0x25 .pio\build\genericCH32V003F4P6\FrameworkNoneOSStartup\startup_ch32v00x.o
 .riscv.attributes
                0x0000000000000025       0x27 .pio\build\genericCH32V003F4P6\FrameworkNoneOSSSystem\system_ch32v00x.o
 .riscv.attributes
                0x000000000000004c       0x27 .pio\build\genericCH32V003F4P6\FrameworkNoneOSDebug\debug.o
 .riscv.attributes
                0x0000000000000073       0x27 .pio\build\genericCH32V003F4P6\FrameworkInitFini\cpp_support.o
 .riscv.attributes
                0x000000000000009a       0x27 .pio\build\genericCH32V003F4P6\src\line\line.o
 .riscv.attributes
                0x00000000000000c1       0x27 .pio\build\genericCH32V003F4P6\src\main.o
 .riscv.attributes
                0x00000000000000e8       0x27 .pio\build\genericCH32V003F4P6\libFrameworkNoneOSVariant.a(ch32v00x_gpio.o)
 .riscv.attributes
                0x000000000000010f       0x27 .pio\build\genericCH32V003F4P6\libFrameworkNoneOSVariant.a(ch32v00x_rcc.o)
 .riscv.attributes
                0x0000000000000136       0x27 .pio\build\genericCH32V003F4P6\libFrameworkNoneOSVariant.a(ch32v00x_usart.o)
 .riscv.attributes
                0x000000000000015d       0x25 c:/users/admin/.platformio/packages/toolchain-riscv/bin/../lib/gcc/riscv-wch-elf/12.2.0/rv32ec_xw/ilp32e\libgcc.a(save-restore.o)
 .riscv.attributes
                0x0000000000000182       0x25 c:/users/admin/.platformio/packages/toolchain-riscv/bin/../lib/gcc/riscv-wch-elf/12.2.0/rv32ec_xw/ilp32e\libgcc.a(muldi3.o)
 .riscv.attributes
                0x00000000000001a7       0x25 c:/users/admin/.platformio/packages/toolchain-riscv/bin/../lib/gcc/riscv-wch-elf/12.2.0/rv32ec_xw/ilp32e\libgcc.a(div.o)
 .riscv.attributes
                0x00000000000001cc       0x27 c:/users/admin/.platformio/packages/toolchain-riscv/bin/../lib/gcc/riscv-wch-elf/12.2.0/../../../../riscv-wch-elf/lib/rv32ec_xw/ilp32e\libg_nano.a(lib_a-init.o)
 .riscv.attributes
                0x00000000000001f3       0x27 c:/users/admin/.platformio/packages/toolchain-riscv/bin/../lib/gcc/riscv-wch-elf/12.2.0/../../../../riscv-wch-elf/lib/rv32ec_xw/ilp32e\libg_nano.a(lib_a-printf.o)
 .riscv.attributes
                0x000000000000021a       0x27 c:/users/admin/.platformio/packages/toolchain-riscv/bin/../lib/gcc/riscv-wch-elf/12.2.0/../../../../riscv-wch-elf/lib/rv32ec_xw/ilp32e\libg_nano.a(lib_a-puts.o)
 .riscv.attributes
                0x0000000000000241       0x27 c:/users/admin/.platformio/packages/toolchain-riscv/bin/../lib/gcc/riscv-wch-elf/12.2.0/../../../../riscv-wch-elf/lib/rv32ec_xw/ilp32e\libg_nano.a(lib_a-wbuf.o)
 .riscv.attributes
                0x0000000000000268       0x27 c:/users/admin/.platformio/packages/toolchain-riscv/bin/../lib/gcc/riscv-wch-elf/12.2.0/../../../../riscv-wch-elf/lib/rv32ec_xw/ilp32e\libg_nano.a(lib_a-wsetup.o)
 .riscv.attributes
                0x000000000000028f       0x27 c:/users/admin/.platformio/packages/toolchain-riscv/bin/../lib/gcc/riscv-wch-elf/12.2.0/../../../../riscv-wch-elf/lib/rv32ec_xw/ilp32e\libg_nano.a(lib_a-fflush.o)
 .riscv.attributes
                0x00000000000002b6       0x27 c:/users/admin/.platformio/packages/toolchain-riscv/bin/../lib/gcc/riscv-wch-elf/12.2.0/../../../../riscv-wch-elf/lib/rv32ec_xw/ilp32e\libg_nano.a(lib_a-findfp.o)
 .riscv.attributes
                0x00000000000002dd       0x27 c:/users/admin/.platformio/packages/toolchain-riscv/bin/../lib/gcc/riscv-wch-elf/12.2.0/../../../../riscv-wch-elf/lib/rv32ec_xw/ilp32e\libg_nano.a(lib_a-fwalk.o)
 .riscv.attributes
                0x0000000000000304       0x27 c:/users/admin/.platformio/packages/toolchain-riscv/bin/../lib/gcc/riscv-wch-elf/12.2.0/../../../../riscv-wch-elf/lib/rv32ec_xw/ilp32e\libg_nano.a(lib_a-impure.o)
 .riscv.attributes
                0x000000000000032b       0x27 c:/users/admin/.platformio/packages/toolchain-riscv/bin/../lib/gcc/riscv-wch-elf/12.2.0/../../../../riscv-wch-elf/lib/rv32ec_xw/ilp32e\libg_nano.a(lib_a-lock.o)
 .riscv.attributes
                0x0000000000000352       0x27 c:/users/admin/.platformio/packages/toolchain-riscv/bin/../lib/gcc/riscv-wch-elf/12.2.0/../../../../riscv-wch-elf/lib/rv32ec_xw/ilp32e\libg_nano.a(lib_a-makebuf.o)
 .riscv.attributes
                0x0000000000000379       0x25 c:/users/admin/.platformio/packages/toolchain-riscv/bin/../lib/gcc/riscv-wch-elf/12.2.0/../../../../riscv-wch-elf/lib/rv32ec_xw/ilp32e\libg_nano.a(lib_a-memset.o)
 .riscv.attributes
                0x000000000000039e       0x27 c:/users/admin/.platformio/packages/toolchain-riscv/bin/../lib/gcc/riscv-wch-elf/12.2.0/../../../../riscv-wch-elf/lib/rv32ec_xw/ilp32e\libg_nano.a(lib_a-nano-freer.o)
 .riscv.attributes
                0x00000000000003c5       0x27 c:/users/admin/.platformio/packages/toolchain-riscv/bin/../lib/gcc/riscv-wch-elf/12.2.0/../../../../riscv-wch-elf/lib/rv32ec_xw/ilp32e\libg_nano.a(lib_a-nano-mallocr.o)
 .riscv.attributes
                0x00000000000003ec       0x27 c:/users/admin/.platformio/packages/toolchain-riscv/bin/../lib/gcc/riscv-wch-elf/12.2.0/../../../../riscv-wch-elf/lib/rv32ec_xw/ilp32e\libg_nano.a(lib_a-nano-vfprintf.o)
 .riscv.attributes
                0x0000000000000413       0x27 c:/users/admin/.platformio/packages/toolchain-riscv/bin/../lib/gcc/riscv-wch-elf/12.2.0/../../../../riscv-wch-elf/lib/rv32ec_xw/ilp32e\libg_nano.a(lib_a-sbrkr.o)
 .riscv.attributes
                0x000000000000043a       0x27 c:/users/admin/.platformio/packages/toolchain-riscv/bin/../lib/gcc/riscv-wch-elf/12.2.0/../../../../riscv-wch-elf/lib/rv32ec_xw/ilp32e\libg_nano.a(lib_a-stdio.o)
 .riscv.attributes
                0x0000000000000461       0x27 c:/users/admin/.platformio/packages/toolchain-riscv/bin/../lib/gcc/riscv-wch-elf/12.2.0/../../../../riscv-wch-elf/lib/rv32ec_xw/ilp32e\libg_nano.a(lib_a-writer.o)
 .riscv.attributes
                0x0000000000000488       0x27 c:/users/admin/.platformio/packages/toolchain-riscv/bin/../lib/gcc/riscv-wch-elf/12.2.0/../../../../riscv-wch-elf/lib/rv32ec_xw/ilp32e\libg_nano.a(lib_a-closer.o)
 .riscv.attributes
                0x00000000000004af       0x27 c:/users/admin/.platformio/packages/toolchain-riscv/bin/../lib/gcc/riscv-wch-elf/12.2.0/../../../../riscv-wch-elf/lib/rv32ec_xw/ilp32e\libg_nano.a(lib_a-fstatr.o)
 .riscv.attributes
                0x00000000000004d6       0x27 c:/users/admin/.platformio/packages/toolchain-riscv/bin/../lib/gcc/riscv-wch-elf/12.2.0/../../../../riscv-wch-elf/lib/rv32ec_xw/ilp32e\libg_nano.a(lib_a-isattyr.o)
 .riscv.attributes
                0x00000000000004fd       0x27 c:/users/admin/.platformio/packages/toolchain-riscv/bin/../lib/gcc/riscv-wch-elf/12.2.0/../../../../riscv-wch-elf/lib/rv32ec_xw/ilp32e\libg_nano.a(lib_a-lseekr.o)
 .riscv.attributes
                0x0000000000000524       0x27 c:/users/admin/.platformio/packages/toolchain-riscv/bin/../lib/gcc/riscv-wch-elf/12.2.0/../../../../riscv-wch-elf/lib/rv32ec_xw/ilp32e\libg_nano.a(lib_a-memchr.o)
 .riscv.attributes
                0x000000000000054b       0x27 c:/users/admin/.platformio/packages/toolchain-riscv/bin/../lib/gcc/riscv-wch-elf/12.2.0/../../../../riscv-wch-elf/lib/rv32ec_xw/ilp32e\libg_nano.a(lib_a-mlock.o)
 .riscv.attributes
                0x0000000000000572       0x27 c:/users/admin/.platformio/packages/toolchain-riscv/bin/../lib/gcc/riscv-wch-elf/12.2.0/../../../../riscv-wch-elf/lib/rv32ec_xw/ilp32e\libg_nano.a(lib_a-nano-vfprintf_i.o)
 .riscv.attributes
                0x0000000000000599       0x27 c:/users/admin/.platformio/packages/toolchain-riscv/bin/../lib/gcc/riscv-wch-elf/12.2.0/../../../../riscv-wch-elf/lib/rv32ec_xw/ilp32e\libg_nano.a(lib_a-readr.o)
 .riscv.attributes
                0x00000000000005c0       0x27 c:/users/admin/.platformio/packages/toolchain-riscv/bin/../lib/gcc/riscv-wch-elf/12.2.0/../../../../riscv-wch-elf/lib/rv32ec_xw/ilp32e\libg_nano.a(lib_a-reent.o)
 .riscv.attributes
                0x00000000000005e7       0x27 c:/users/admin/.platformio/packages/toolchain-riscv/bin/../lib/gcc/riscv-wch-elf/12.2.0/../../../../riscv-wch-elf/lib/rv32ec_xw/ilp32e\libnosys.a(close.o)
 .riscv.attributes
                0x000000000000060e       0x27 c:/users/admin/.platformio/packages/toolchain-riscv/bin/../lib/gcc/riscv-wch-elf/12.2.0/../../../../riscv-wch-elf/lib/rv32ec_xw/ilp32e\libnosys.a(fstat.o)
 .riscv.attributes
                0x0000000000000635       0x27 c:/users/admin/.platformio/packages/toolchain-riscv/bin/../lib/gcc/riscv-wch-elf/12.2.0/../../../../riscv-wch-elf/lib/rv32ec_xw/ilp32e\libnosys.a(isatty.o)
 .riscv.attributes
                0x000000000000065c       0x27 c:/users/admin/.platformio/packages/toolchain-riscv/bin/../lib/gcc/riscv-wch-elf/12.2.0/../../../../riscv-wch-elf/lib/rv32ec_xw/ilp32e\libnosys.a(lseek.o)
 .riscv.attributes
                0x0000000000000683       0x27 c:/users/admin/.platformio/packages/toolchain-riscv/bin/../lib/gcc/riscv-wch-elf/12.2.0/../../../../riscv-wch-elf/lib/rv32ec_xw/ilp32e\libnosys.a(read.o)

.comment        0x0000000000000000       0x31
 .comment       0x0000000000000000       0x31 .pio\build\genericCH32V003F4P6\FrameworkNoneOSSSystem\system_ch32v00x.o
                                         0x32 (size before relaxing)
 .comment       0x0000000000000031       0x32 .pio\build\genericCH32V003F4P6\FrameworkNoneOSDebug\debug.o
 .comment       0x0000000000000031       0x32 .pio\build\genericCH32V003F4P6\FrameworkInitFini\cpp_support.o
 .comment       0x0000000000000031       0x32 .pio\build\genericCH32V003F4P6\src\line\line.o
 .comment       0x0000000000000031       0x32 .pio\build\genericCH32V003F4P6\src\main.o
 .comment       0x0000000000000031       0x32 .pio\build\genericCH32V003F4P6\libFrameworkNoneOSVariant.a(ch32v00x_gpio.o)
 .comment       0x0000000000000031       0x32 .pio\build\genericCH32V003F4P6\libFrameworkNoneOSVariant.a(ch32v00x_rcc.o)
 .comment       0x0000000000000031       0x32 .pio\build\genericCH32V003F4P6\libFrameworkNoneOSVariant.a(ch32v00x_usart.o)
 .comment       0x0000000000000031       0x32 c:/users/admin/.platformio/packages/toolchain-riscv/bin/../lib/gcc/riscv-wch-elf/12.2.0/../../../../riscv-wch-elf/lib/rv32ec_xw/ilp32e\libg_nano.a(lib_a-init.o)
 .comment       0x0000000000000031       0x32 c:/users/admin/.platformio/packages/toolchain-riscv/bin/../lib/gcc/riscv-wch-elf/12.2.0/../../../../riscv-wch-elf/lib/rv32ec_xw/ilp32e\libg_nano.a(lib_a-printf.o)
 .comment       0x0000000000000031       0x32 c:/users/admin/.platformio/packages/toolchain-riscv/bin/../lib/gcc/riscv-wch-elf/12.2.0/../../../../riscv-wch-elf/lib/rv32ec_xw/ilp32e\libg_nano.a(lib_a-puts.o)
 .comment       0x0000000000000031       0x32 c:/users/admin/.platformio/packages/toolchain-riscv/bin/../lib/gcc/riscv-wch-elf/12.2.0/../../../../riscv-wch-elf/lib/rv32ec_xw/ilp32e\libg_nano.a(lib_a-wbuf.o)
 .comment       0x0000000000000031       0x32 c:/users/admin/.platformio/packages/toolchain-riscv/bin/../lib/gcc/riscv-wch-elf/12.2.0/../../../../riscv-wch-elf/lib/rv32ec_xw/ilp32e\libg_nano.a(lib_a-wsetup.o)
 .comment       0x0000000000000031       0x32 c:/users/admin/.platformio/packages/toolchain-riscv/bin/../lib/gcc/riscv-wch-elf/12.2.0/../../../../riscv-wch-elf/lib/rv32ec_xw/ilp32e\libg_nano.a(lib_a-fflush.o)
 .comment       0x0000000000000031       0x32 c:/users/admin/.platformio/packages/toolchain-riscv/bin/../lib/gcc/riscv-wch-elf/12.2.0/../../../../riscv-wch-elf/lib/rv32ec_xw/ilp32e\libg_nano.a(lib_a-findfp.o)
 .comment       0x0000000000000031       0x32 c:/users/admin/.platformio/packages/toolchain-riscv/bin/../lib/gcc/riscv-wch-elf/12.2.0/../../../../riscv-wch-elf/lib/rv32ec_xw/ilp32e\libg_nano.a(lib_a-fwalk.o)
 .comment       0x0000000000000031       0x32 c:/users/admin/.platformio/packages/toolchain-riscv/bin/../lib/gcc/riscv-wch-elf/12.2.0/../../../../riscv-wch-elf/lib/rv32ec_xw/ilp32e\libg_nano.a(lib_a-impure.o)
 .comment       0x0000000000000031       0x32 c:/users/admin/.platformio/packages/toolchain-riscv/bin/../lib/gcc/riscv-wch-elf/12.2.0/../../../../riscv-wch-elf/lib/rv32ec_xw/ilp32e\libg_nano.a(lib_a-lock.o)
 .comment       0x0000000000000031       0x32 c:/users/admin/.platformio/packages/toolchain-riscv/bin/../lib/gcc/riscv-wch-elf/12.2.0/../../../../riscv-wch-elf/lib/rv32ec_xw/ilp32e\libg_nano.a(lib_a-makebuf.o)
 .comment       0x0000000000000031       0x32 c:/users/admin/.platformio/packages/toolchain-riscv/bin/../lib/gcc/riscv-wch-elf/12.2.0/../../../../riscv-wch-elf/lib/rv32ec_xw/ilp32e\libg_nano.a(lib_a-nano-freer.o)
 .comment       0x0000000000000031       0x32 c:/users/admin/.platformio/packages/toolchain-riscv/bin/../lib/gcc/riscv-wch-elf/12.2.0/../../../../riscv-wch-elf/lib/rv32ec_xw/ilp32e\libg_nano.a(lib_a-nano-mallocr.o)
 .comment       0x0000000000000031       0x32 c:/users/admin/.platformio/packages/toolchain-riscv/bin/../lib/gcc/riscv-wch-elf/12.2.0/../../../../riscv-wch-elf/lib/rv32ec_xw/ilp32e\libg_nano.a(lib_a-nano-vfprintf.o)
 .comment       0x0000000000000031       0x32 c:/users/admin/.platformio/packages/toolchain-riscv/bin/../lib/gcc/riscv-wch-elf/12.2.0/../../../../riscv-wch-elf/lib/rv32ec_xw/ilp32e\libg_nano.a(lib_a-sbrkr.o)
 .comment       0x0000000000000031       0x32 c:/users/admin/.platformio/packages/toolchain-riscv/bin/../lib/gcc/riscv-wch-elf/12.2.0/../../../../riscv-wch-elf/lib/rv32ec_xw/ilp32e\libg_nano.a(lib_a-stdio.o)
 .comment       0x0000000000000031       0x32 c:/users/admin/.platformio/packages/toolchain-riscv/bin/../lib/gcc/riscv-wch-elf/12.2.0/../../../../riscv-wch-elf/lib/rv32ec_xw/ilp32e\libg_nano.a(lib_a-writer.o)
 .comment       0x0000000000000031       0x32 c:/users/admin/.platformio/packages/toolchain-riscv/bin/../lib/gcc/riscv-wch-elf/12.2.0/../../../../riscv-wch-elf/lib/rv32ec_xw/ilp32e\libg_nano.a(lib_a-closer.o)
 .comment       0x0000000000000031       0x32 c:/users/admin/.platformio/packages/toolchain-riscv/bin/../lib/gcc/riscv-wch-elf/12.2.0/../../../../riscv-wch-elf/lib/rv32ec_xw/ilp32e\libg_nano.a(lib_a-fstatr.o)
 .comment       0x0000000000000031       0x32 c:/users/admin/.platformio/packages/toolchain-riscv/bin/../lib/gcc/riscv-wch-elf/12.2.0/../../../../riscv-wch-elf/lib/rv32ec_xw/ilp32e\libg_nano.a(lib_a-isattyr.o)
 .comment       0x0000000000000031       0x32 c:/users/admin/.platformio/packages/toolchain-riscv/bin/../lib/gcc/riscv-wch-elf/12.2.0/../../../../riscv-wch-elf/lib/rv32ec_xw/ilp32e\libg_nano.a(lib_a-lseekr.o)
 .comment       0x0000000000000031       0x32 c:/users/admin/.platformio/packages/toolchain-riscv/bin/../lib/gcc/riscv-wch-elf/12.2.0/../../../../riscv-wch-elf/lib/rv32ec_xw/ilp32e\libg_nano.a(lib_a-memchr.o)
 .comment       0x0000000000000031       0x32 c:/users/admin/.platformio/packages/toolchain-riscv/bin/../lib/gcc/riscv-wch-elf/12.2.0/../../../../riscv-wch-elf/lib/rv32ec_xw/ilp32e\libg_nano.a(lib_a-mlock.o)
 .comment       0x0000000000000031       0x32 c:/users/admin/.platformio/packages/toolchain-riscv/bin/../lib/gcc/riscv-wch-elf/12.2.0/../../../../riscv-wch-elf/lib/rv32ec_xw/ilp32e\libg_nano.a(lib_a-nano-vfprintf_i.o)
 .comment       0x0000000000000031       0x32 c:/users/admin/.platformio/packages/toolchain-riscv/bin/../lib/gcc/riscv-wch-elf/12.2.0/../../../../riscv-wch-elf/lib/rv32ec_xw/ilp32e\libg_nano.a(lib_a-readr.o)
 .comment       0x0000000000000031       0x32 c:/users/admin/.platformio/packages/toolchain-riscv/bin/../lib/gcc/riscv-wch-elf/12.2.0/../../../../riscv-wch-elf/lib/rv32ec_xw/ilp32e\libg_nano.a(lib_a-reent.o)
 .comment       0x0000000000000031       0x32 c:/users/admin/.platformio/packages/toolchain-riscv/bin/../lib/gcc/riscv-wch-elf/12.2.0/../../../../riscv-wch-elf/lib/rv32ec_xw/ilp32e\libnosys.a(close.o)
 .comment       0x0000000000000031       0x32 c:/users/admin/.platformio/packages/toolchain-riscv/bin/../lib/gcc/riscv-wch-elf/12.2.0/../../../../riscv-wch-elf/lib/rv32ec_xw/ilp32e\libnosys.a(fstat.o)
 .comment       0x0000000000000031       0x32 c:/users/admin/.platformio/packages/toolchain-riscv/bin/../lib/gcc/riscv-wch-elf/12.2.0/../../../../riscv-wch-elf/lib/rv32ec_xw/ilp32e\libnosys.a(isatty.o)
 .comment       0x0000000000000031       0x32 c:/users/admin/.platformio/packages/toolchain-riscv/bin/../lib/gcc/riscv-wch-elf/12.2.0/../../../../riscv-wch-elf/lib/rv32ec_xw/ilp32e\libnosys.a(lseek.o)
 .comment       0x0000000000000031       0x32 c:/users/admin/.platformio/packages/toolchain-riscv/bin/../lib/gcc/riscv-wch-elf/12.2.0/../../../../riscv-wch-elf/lib/rv32ec_xw/ilp32e\libnosys.a(read.o)

.debug_line     0x0000000000000000     0x3455
 .debug_line    0x0000000000000000      0x14a .pio\build\genericCH32V003F4P6\FrameworkNoneOSStartup\startup_ch32v00x.o
 .debug_line    0x000000000000014a      0x40f .pio\build\genericCH32V003F4P6\FrameworkNoneOSSSystem\system_ch32v00x.o
 .debug_line    0x0000000000000559      0x589 .pio\build\genericCH32V003F4P6\FrameworkNoneOSDebug\debug.o
 .debug_line    0x0000000000000ae2       0x62 .pio\build\genericCH32V003F4P6\FrameworkInitFini\cpp_support.o
 .debug_line    0x0000000000000b44      0x325 .pio\build\genericCH32V003F4P6\src\line\line.o
 .debug_line    0x0000000000000e69      0x23f .pio\build\genericCH32V003F4P6\src\main.o
 .debug_line    0x00000000000010a8      0x9cd .pio\build\genericCH32V003F4P6\libFrameworkNoneOSVariant.a(ch32v00x_gpio.o)
 .debug_line    0x0000000000001a75      0xc6e .pio\build\genericCH32V003F4P6\libFrameworkNoneOSVariant.a(ch32v00x_rcc.o)
 .debug_line    0x00000000000026e3      0xd72 .pio\build\genericCH32V003F4P6\libFrameworkNoneOSVariant.a(ch32v00x_usart.o)

.debug_line_str
                0x0000000000000000      0x684
 .debug_line_str
                0x0000000000000000       0x78 .pio\build\genericCH32V003F4P6\FrameworkNoneOSStartup\startup_ch32v00x.o
                                         0x8b (size before relaxing)
 .debug_line_str
                0x0000000000000078      0x1dd .pio\build\genericCH32V003F4P6\FrameworkNoneOSSSystem\system_ch32v00x.o
                                        0x24c (size before relaxing)
 .debug_line_str
                0x0000000000000255      0x17b .pio\build\genericCH32V003F4P6\FrameworkNoneOSDebug\debug.o
                                        0x354 (size before relaxing)
 .debug_line_str
                0x00000000000003d0       0xa0 .pio\build\genericCH32V003F4P6\FrameworkInitFini\cpp_support.o
                                         0xfc (size before relaxing)
 .debug_line_str
                0x0000000000000470       0x19 .pio\build\genericCH32V003F4P6\src\line\line.o
                                        0x1f9 (size before relaxing)
 .debug_line_str
                0x0000000000000489       0x77 .pio\build\genericCH32V003F4P6\src\main.o
                                        0x238 (size before relaxing)
 .debug_line_str
                0x0000000000000500       0xba .pio\build\genericCH32V003F4P6\libFrameworkNoneOSVariant.a(ch32v00x_gpio.o)
                                        0x2ac (size before relaxing)
 .debug_line_str
                0x00000000000005ba       0x64 .pio\build\genericCH32V003F4P6\libFrameworkNoneOSVariant.a(ch32v00x_rcc.o)
                                        0x299 (size before relaxing)
 .debug_line_str
                0x000000000000061e       0x66 .pio\build\genericCH32V003F4P6\libFrameworkNoneOSVariant.a(ch32v00x_usart.o)
                                        0x2b0 (size before relaxing)

.debug_info     0x0000000000000000     0x2a2b
 .debug_info    0x0000000000000000       0x23 .pio\build\genericCH32V003F4P6\FrameworkNoneOSStartup\startup_ch32v00x.o
 .debug_info    0x0000000000000023      0x353 .pio\build\genericCH32V003F4P6\FrameworkNoneOSSSystem\system_ch32v00x.o
 .debug_info    0x0000000000000376      0x6ed .pio\build\genericCH32V003F4P6\FrameworkNoneOSDebug\debug.o
 .debug_info    0x0000000000000a63       0x47 .pio\build\genericCH32V003F4P6\FrameworkInitFini\cpp_support.o
 .debug_info    0x0000000000000aaa      0x434 .pio\build\genericCH32V003F4P6\src\line\line.o
 .debug_info    0x0000000000000ede      0x25b .pio\build\genericCH32V003F4P6\src\main.o
 .debug_info    0x0000000000001139      0x73a .pio\build\genericCH32V003F4P6\libFrameworkNoneOSVariant.a(ch32v00x_gpio.o)
 .debug_info    0x0000000000001873      0x786 .pio\build\genericCH32V003F4P6\libFrameworkNoneOSVariant.a(ch32v00x_rcc.o)
 .debug_info    0x0000000000001ff9      0xa32 .pio\build\genericCH32V003F4P6\libFrameworkNoneOSVariant.a(ch32v00x_usart.o)

.debug_abbrev   0x0000000000000000      0xce3
 .debug_abbrev  0x0000000000000000       0x12 .pio\build\genericCH32V003F4P6\FrameworkNoneOSStartup\startup_ch32v00x.o
 .debug_abbrev  0x0000000000000012      0x1a7 .pio\build\genericCH32V003F4P6\FrameworkNoneOSSSystem\system_ch32v00x.o
 .debug_abbrev  0x00000000000001b9      0x21d .pio\build\genericCH32V003F4P6\FrameworkNoneOSDebug\debug.o
 .debug_abbrev  0x00000000000003d6       0x43 .pio\build\genericCH32V003F4P6\FrameworkInitFini\cpp_support.o
 .debug_abbrev  0x0000000000000419      0x16e .pio\build\genericCH32V003F4P6\src\line\line.o
 .debug_abbrev  0x0000000000000587      0x137 .pio\build\genericCH32V003F4P6\src\main.o
 .debug_abbrev  0x00000000000006be      0x1f0 .pio\build\genericCH32V003F4P6\libFrameworkNoneOSVariant.a(ch32v00x_gpio.o)
 .debug_abbrev  0x00000000000008ae      0x236 .pio\build\genericCH32V003F4P6\libFrameworkNoneOSVariant.a(ch32v00x_rcc.o)
 .debug_abbrev  0x0000000000000ae4      0x1ff .pio\build\genericCH32V003F4P6\libFrameworkNoneOSVariant.a(ch32v00x_usart.o)

.debug_aranges  0x0000000000000000      0x398
 .debug_aranges
                0x0000000000000000       0x30 .pio\build\genericCH32V003F4P6\FrameworkNoneOSStartup\startup_ch32v00x.o
 .debug_aranges
                0x0000000000000030       0x28 .pio\build\genericCH32V003F4P6\FrameworkNoneOSSSystem\system_ch32v00x.o
 .debug_aranges
                0x0000000000000058       0x50 .pio\build\genericCH32V003F4P6\FrameworkNoneOSDebug\debug.o
 .debug_aranges
                0x00000000000000a8       0x28 .pio\build\genericCH32V003F4P6\FrameworkInitFini\cpp_support.o
 .debug_aranges
                0x00000000000000d0       0x30 .pio\build\genericCH32V003F4P6\src\line\line.o
 .debug_aranges
                0x0000000000000100       0x20 .pio\build\genericCH32V003F4P6\src\main.o
 .debug_aranges
                0x0000000000000120       0x98 .pio\build\genericCH32V003F4P6\libFrameworkNoneOSVariant.a(ch32v00x_gpio.o)
 .debug_aranges
                0x00000000000001b8       0xe0 .pio\build\genericCH32V003F4P6\libFrameworkNoneOSVariant.a(ch32v00x_rcc.o)
 .debug_aranges
                0x0000000000000298      0x100 .pio\build\genericCH32V003F4P6\libFrameworkNoneOSVariant.a(ch32v00x_usart.o)

.debug_str      0x0000000000000000      0xe5c
 .debug_str     0x0000000000000000       0x84 .pio\build\genericCH32V003F4P6\FrameworkNoneOSStartup\startup_ch32v00x.o
 .debug_str     0x0000000000000084      0x272 .pio\build\genericCH32V003F4P6\FrameworkNoneOSSSystem\system_ch32v00x.o
                                        0x2d8 (size before relaxing)
 .debug_str     0x00000000000002f6      0x32b .pio\build\genericCH32V003F4P6\FrameworkNoneOSDebug\debug.o
                                        0x517 (size before relaxing)
 .debug_str     0x0000000000000621        0xc .pio\build\genericCH32V003F4P6\FrameworkInitFini\cpp_support.o
                                         0xd3 (size before relaxing)
 .debug_str     0x000000000000062d       0x40 .pio\build\genericCH32V003F4P6\src\line\line.o
                                        0x350 (size before relaxing)
 .debug_str     0x000000000000066d       0x20 .pio\build\genericCH32V003F4P6\src\main.o
                                        0x1ef (size before relaxing)
 .debug_str     0x000000000000068d      0x1d8 .pio\build\genericCH32V003F4P6\libFrameworkNoneOSVariant.a(ch32v00x_gpio.o)
                                        0x4fe (size before relaxing)
 .debug_str     0x0000000000000865      0x2bf .pio\build\genericCH32V003F4P6\libFrameworkNoneOSVariant.a(ch32v00x_rcc.o)
                                        0x577 (size before relaxing)
 .debug_str     0x0000000000000b24      0x338 .pio\build\genericCH32V003F4P6\libFrameworkNoneOSVariant.a(ch32v00x_usart.o)
                                        0x6ce (size before relaxing)

.debug_rnglists
                0x0000000000000000      0x399
 .debug_rnglists
                0x0000000000000000       0x21 .pio\build\genericCH32V003F4P6\FrameworkNoneOSStartup\startup_ch32v00x.o
 .debug_rnglists
                0x0000000000000021       0x1f .pio\build\genericCH32V003F4P6\FrameworkNoneOSSSystem\system_ch32v00x.o
 .debug_rnglists
                0x0000000000000040       0x4c .pio\build\genericCH32V003F4P6\FrameworkNoneOSDebug\debug.o
 .debug_rnglists
                0x000000000000008c       0x1f .pio\build\genericCH32V003F4P6\FrameworkInitFini\cpp_support.o
 .debug_rnglists
                0x00000000000000ab       0x28 .pio\build\genericCH32V003F4P6\src\line\line.o
 .debug_rnglists
                0x00000000000000d3       0x29 .pio\build\genericCH32V003F4P6\src\main.o
 .debug_rnglists
                0x00000000000000fc       0x9d .pio\build\genericCH32V003F4P6\libFrameworkNoneOSVariant.a(ch32v00x_gpio.o)
 .debug_rnglists
                0x0000000000000199       0xee .pio\build\genericCH32V003F4P6\libFrameworkNoneOSVariant.a(ch32v00x_rcc.o)
 .debug_rnglists
                0x0000000000000287      0x112 .pio\build\genericCH32V003F4P6\libFrameworkNoneOSVariant.a(ch32v00x_usart.o)

.debug_loclists
                0x0000000000000000     0x1306
 .debug_loclists
                0x0000000000000000       0x94 .pio\build\genericCH32V003F4P6\FrameworkNoneOSSSystem\system_ch32v00x.o
 .debug_loclists
                0x0000000000000094      0x196 .pio\build\genericCH32V003F4P6\FrameworkNoneOSDebug\debug.o
 .debug_loclists
                0x000000000000022a       0x3b .pio\build\genericCH32V003F4P6\src\line\line.o
 .debug_loclists
                0x0000000000000265       0x8a .pio\build\genericCH32V003F4P6\src\main.o
 .debug_loclists
                0x00000000000002ef      0x5c1 .pio\build\genericCH32V003F4P6\libFrameworkNoneOSVariant.a(ch32v00x_gpio.o)
 .debug_loclists
                0x00000000000008b0      0x442 .pio\build\genericCH32V003F4P6\libFrameworkNoneOSVariant.a(ch32v00x_rcc.o)
 .debug_loclists
                0x0000000000000cf2      0x614 .pio\build\genericCH32V003F4P6\libFrameworkNoneOSVariant.a(ch32v00x_usart.o)

.debug_frame    0x0000000000000000      0x72c
 .debug_frame   0x0000000000000000       0x4c .pio\build\genericCH32V003F4P6\FrameworkNoneOSSSystem\system_ch32v00x.o
 .debug_frame   0x000000000000004c       0xe4 .pio\build\genericCH32V003F4P6\FrameworkNoneOSDebug\debug.o
 .debug_frame   0x0000000000000130       0x30 .pio\build\genericCH32V003F4P6\FrameworkInitFini\cpp_support.o
 .debug_frame   0x0000000000000160       0x78 .pio\build\genericCH32V003F4P6\src\line\line.o
 .debug_frame   0x00000000000001d8       0x2c .pio\build\genericCH32V003F4P6\src\main.o
 .debug_frame   0x0000000000000204      0x154 .pio\build\genericCH32V003F4P6\libFrameworkNoneOSVariant.a(ch32v00x_gpio.o)
 .debug_frame   0x0000000000000358      0x1d0 .pio\build\genericCH32V003F4P6\libFrameworkNoneOSVariant.a(ch32v00x_rcc.o)
 .debug_frame   0x0000000000000528      0x204 .pio\build\genericCH32V003F4P6\libFrameworkNoneOSVariant.a(ch32v00x_usart.o)
