                                      1 ;--------------------------------------------------------
                                      2 ; File Created by SDCC : free open source ISO C Compiler 
                                      3 ; Version 4.4.0 #14620 (MINGW32)
                                      4 ;--------------------------------------------------------
                                      5 	.module sdcc_stdio
                                      6 	.optsdcc -mmcs51 --model-small
                                      7 	
                                      8 ;--------------------------------------------------------
                                      9 ; Public variables in this module
                                     10 ;--------------------------------------------------------
                                     11 	.globl _MOSI
                                     12 	.globl _P00
                                     13 	.globl _MISO
                                     14 	.globl _P01
                                     15 	.globl _RXD_1
                                     16 	.globl _P02
                                     17 	.globl _P03
                                     18 	.globl _STADC
                                     19 	.globl _P04
                                     20 	.globl _P05
                                     21 	.globl _TXD
                                     22 	.globl _P06
                                     23 	.globl _RXD
                                     24 	.globl _P07
                                     25 	.globl _IT0
                                     26 	.globl _IE0
                                     27 	.globl _IT1
                                     28 	.globl _IE1
                                     29 	.globl _TR0
                                     30 	.globl _TF0
                                     31 	.globl _TR1
                                     32 	.globl _TF1
                                     33 	.globl _P10
                                     34 	.globl _P11
                                     35 	.globl _P12
                                     36 	.globl _SCL
                                     37 	.globl _P13
                                     38 	.globl _SDA
                                     39 	.globl _P14
                                     40 	.globl _P15
                                     41 	.globl _TXD_1
                                     42 	.globl _P16
                                     43 	.globl _P17
                                     44 	.globl _RI
                                     45 	.globl _TI
                                     46 	.globl _RB8
                                     47 	.globl _TB8
                                     48 	.globl _REN
                                     49 	.globl _SM2
                                     50 	.globl _SM1
                                     51 	.globl _FE
                                     52 	.globl _SM0
                                     53 	.globl _P20
                                     54 	.globl _EX0
                                     55 	.globl _ET0
                                     56 	.globl _EX1
                                     57 	.globl _ET1
                                     58 	.globl _ES
                                     59 	.globl _EBOD
                                     60 	.globl _EADC
                                     61 	.globl _EA
                                     62 	.globl _P30
                                     63 	.globl _PX0
                                     64 	.globl _PT0
                                     65 	.globl _PX1
                                     66 	.globl _PT1
                                     67 	.globl _PS
                                     68 	.globl _PBOD
                                     69 	.globl _PADC
                                     70 	.globl _I2CPX
                                     71 	.globl _AA
                                     72 	.globl _SI
                                     73 	.globl _STO
                                     74 	.globl _STA
                                     75 	.globl _I2CEN
                                     76 	.globl _CM_RL2
                                     77 	.globl _TR2
                                     78 	.globl _TF2
                                     79 	.globl _P
                                     80 	.globl _OV
                                     81 	.globl _RS0
                                     82 	.globl _RS1
                                     83 	.globl _F0
                                     84 	.globl _AC
                                     85 	.globl _CY
                                     86 	.globl _CLRPWM
                                     87 	.globl _PWMF
                                     88 	.globl _LOAD
                                     89 	.globl _PWMRUN
                                     90 	.globl _ADCHS0
                                     91 	.globl _ADCHS1
                                     92 	.globl _ADCHS2
                                     93 	.globl _ADCHS3
                                     94 	.globl _ETGSEL0
                                     95 	.globl _ETGSEL1
                                     96 	.globl _ADCS
                                     97 	.globl _ADCF
                                     98 	.globl _RI_1
                                     99 	.globl _TI_1
                                    100 	.globl _RB8_1
                                    101 	.globl _TB8_1
                                    102 	.globl _REN_1
                                    103 	.globl _SM2_1
                                    104 	.globl _SM1_1
                                    105 	.globl _FE_1
                                    106 	.globl _SM0_1
                                    107 	.globl _EIPH1
                                    108 	.globl _EIP1
                                    109 	.globl _PORDIS
                                    110 	.globl _PMD
                                    111 	.globl _PMEN
                                    112 	.globl _PDTCNT
                                    113 	.globl _PDTEN
                                    114 	.globl _SCON_1
                                    115 	.globl _EIPH
                                    116 	.globl _AINDIDS
                                    117 	.globl _SPDR
                                    118 	.globl _SPSR
                                    119 	.globl _SPCR2
                                    120 	.globl _SPCR
                                    121 	.globl _CAPCON4
                                    122 	.globl _CAPCON3
                                    123 	.globl _B
                                    124 	.globl _EIP
                                    125 	.globl _C2H
                                    126 	.globl _C2L
                                    127 	.globl _PIF
                                    128 	.globl _PIPEN
                                    129 	.globl _PINEN
                                    130 	.globl _PICON
                                    131 	.globl _ADCCON0
                                    132 	.globl _C1H
                                    133 	.globl _C1L
                                    134 	.globl _C0H
                                    135 	.globl _C0L
                                    136 	.globl _ADCDLY
                                    137 	.globl _ADCCON2
                                    138 	.globl _ADCCON1
                                    139 	.globl _ACC
                                    140 	.globl _PWMCON1
                                    141 	.globl _PIOCON0
                                    142 	.globl _PWM3L
                                    143 	.globl _PWM2L
                                    144 	.globl _PWM1L
                                    145 	.globl _PWM0L
                                    146 	.globl _PWMPL
                                    147 	.globl _PWMCON0
                                    148 	.globl _FBD
                                    149 	.globl _PNP
                                    150 	.globl _PWM3H
                                    151 	.globl _PWM2H
                                    152 	.globl _PWM1H
                                    153 	.globl _PWM0H
                                    154 	.globl _PWMPH
                                    155 	.globl _PSW
                                    156 	.globl _ADCMPH
                                    157 	.globl _ADCMPL
                                    158 	.globl _PWM5L
                                    159 	.globl _TH2
                                    160 	.globl _PWM4L
                                    161 	.globl _TL2
                                    162 	.globl _RCMP2H
                                    163 	.globl _RCMP2L
                                    164 	.globl _T2MOD
                                    165 	.globl _T2CON
                                    166 	.globl _TA
                                    167 	.globl _PIOCON1
                                    168 	.globl _RH3
                                    169 	.globl _PWM5H
                                    170 	.globl _RL3
                                    171 	.globl _PWM4H
                                    172 	.globl _T3CON
                                    173 	.globl _ADCRH
                                    174 	.globl _ADCRL
                                    175 	.globl _I2ADDR
                                    176 	.globl _I2CON
                                    177 	.globl _I2TOC
                                    178 	.globl _I2CLK
                                    179 	.globl _I2STAT
                                    180 	.globl _I2DAT
                                    181 	.globl _SADDR_1
                                    182 	.globl _SADEN_1
                                    183 	.globl _SADEN
                                    184 	.globl _IP
                                    185 	.globl _PWMINTC
                                    186 	.globl _IPH
                                    187 	.globl _P2S
                                    188 	.globl _P1SR
                                    189 	.globl _P1M2
                                    190 	.globl _P1S
                                    191 	.globl _P1M1
                                    192 	.globl _P0SR
                                    193 	.globl _P0M2
                                    194 	.globl _P0S
                                    195 	.globl _P0M1
                                    196 	.globl _P3
                                    197 	.globl _IAPCN
                                    198 	.globl _IAPFD
                                    199 	.globl _P3SR
                                    200 	.globl _P3M2
                                    201 	.globl _P3S
                                    202 	.globl _P3M1
                                    203 	.globl _BODCON1
                                    204 	.globl _WDCON
                                    205 	.globl _SADDR
                                    206 	.globl _IE
                                    207 	.globl _IAPAH
                                    208 	.globl _IAPAL
                                    209 	.globl _IAPUEN
                                    210 	.globl _IAPTRG
                                    211 	.globl _BODCON0
                                    212 	.globl _AUXR1
                                    213 	.globl _P2
                                    214 	.globl _CHPCON
                                    215 	.globl _EIE1
                                    216 	.globl _EIE
                                    217 	.globl _SBUF_1
                                    218 	.globl _SBUF
                                    219 	.globl _SCON
                                    220 	.globl _CKEN
                                    221 	.globl _CKSWT
                                    222 	.globl _CKDIV
                                    223 	.globl _CAPCON2
                                    224 	.globl _CAPCON1
                                    225 	.globl _CAPCON0
                                    226 	.globl _SFRS
                                    227 	.globl _P1
                                    228 	.globl _WKCON
                                    229 	.globl _CKCON
                                    230 	.globl _TH1
                                    231 	.globl _TH0
                                    232 	.globl _TL1
                                    233 	.globl _TL0
                                    234 	.globl _TMOD
                                    235 	.globl _TCON
                                    236 	.globl _PCON
                                    237 	.globl _RWK
                                    238 	.globl _RCTRIM1
                                    239 	.globl _RCTRIM0
                                    240 	.globl _DPH
                                    241 	.globl _DPL
                                    242 	.globl _SP
                                    243 	.globl _P0
                                    244 	.globl _putchar
                                    245 	.globl _getchar
                                    246 ;--------------------------------------------------------
                                    247 ; special function registers
                                    248 ;--------------------------------------------------------
                                    249 	.area RSEG    (ABS,DATA)
      000000                        250 	.org 0x0000
                           000080   251 _P0	=	0x0080
                           000081   252 _SP	=	0x0081
                           000082   253 _DPL	=	0x0082
                           000083   254 _DPH	=	0x0083
                           000084   255 _RCTRIM0	=	0x0084
                           000085   256 _RCTRIM1	=	0x0085
                           000086   257 _RWK	=	0x0086
                           000087   258 _PCON	=	0x0087
                           000088   259 _TCON	=	0x0088
                           000089   260 _TMOD	=	0x0089
                           00008A   261 _TL0	=	0x008a
                           00008B   262 _TL1	=	0x008b
                           00008C   263 _TH0	=	0x008c
                           00008D   264 _TH1	=	0x008d
                           00008E   265 _CKCON	=	0x008e
                           00008F   266 _WKCON	=	0x008f
                           000090   267 _P1	=	0x0090
                           000091   268 _SFRS	=	0x0091
                           000092   269 _CAPCON0	=	0x0092
                           000093   270 _CAPCON1	=	0x0093
                           000094   271 _CAPCON2	=	0x0094
                           000095   272 _CKDIV	=	0x0095
                           000096   273 _CKSWT	=	0x0096
                           000097   274 _CKEN	=	0x0097
                           000098   275 _SCON	=	0x0098
                           000099   276 _SBUF	=	0x0099
                           00009A   277 _SBUF_1	=	0x009a
                           00009B   278 _EIE	=	0x009b
                           00009C   279 _EIE1	=	0x009c
                           00009F   280 _CHPCON	=	0x009f
                           0000A0   281 _P2	=	0x00a0
                           0000A2   282 _AUXR1	=	0x00a2
                           0000A3   283 _BODCON0	=	0x00a3
                           0000A4   284 _IAPTRG	=	0x00a4
                           0000A5   285 _IAPUEN	=	0x00a5
                           0000A6   286 _IAPAL	=	0x00a6
                           0000A7   287 _IAPAH	=	0x00a7
                           0000A8   288 _IE	=	0x00a8
                           0000A9   289 _SADDR	=	0x00a9
                           0000AA   290 _WDCON	=	0x00aa
                           0000AB   291 _BODCON1	=	0x00ab
                           0000AC   292 _P3M1	=	0x00ac
                           0000AC   293 _P3S	=	0x00ac
                           0000AD   294 _P3M2	=	0x00ad
                           0000AD   295 _P3SR	=	0x00ad
                           0000AE   296 _IAPFD	=	0x00ae
                           0000AF   297 _IAPCN	=	0x00af
                           0000B0   298 _P3	=	0x00b0
                           0000B1   299 _P0M1	=	0x00b1
                           0000B1   300 _P0S	=	0x00b1
                           0000B2   301 _P0M2	=	0x00b2
                           0000B2   302 _P0SR	=	0x00b2
                           0000B3   303 _P1M1	=	0x00b3
                           0000B3   304 _P1S	=	0x00b3
                           0000B4   305 _P1M2	=	0x00b4
                           0000B4   306 _P1SR	=	0x00b4
                           0000B5   307 _P2S	=	0x00b5
                           0000B7   308 _IPH	=	0x00b7
                           0000B7   309 _PWMINTC	=	0x00b7
                           0000B8   310 _IP	=	0x00b8
                           0000B9   311 _SADEN	=	0x00b9
                           0000BA   312 _SADEN_1	=	0x00ba
                           0000BB   313 _SADDR_1	=	0x00bb
                           0000BC   314 _I2DAT	=	0x00bc
                           0000BD   315 _I2STAT	=	0x00bd
                           0000BE   316 _I2CLK	=	0x00be
                           0000BF   317 _I2TOC	=	0x00bf
                           0000C0   318 _I2CON	=	0x00c0
                           0000C1   319 _I2ADDR	=	0x00c1
                           0000C2   320 _ADCRL	=	0x00c2
                           0000C3   321 _ADCRH	=	0x00c3
                           0000C4   322 _T3CON	=	0x00c4
                           0000C4   323 _PWM4H	=	0x00c4
                           0000C5   324 _RL3	=	0x00c5
                           0000C5   325 _PWM5H	=	0x00c5
                           0000C6   326 _RH3	=	0x00c6
                           0000C6   327 _PIOCON1	=	0x00c6
                           0000C7   328 _TA	=	0x00c7
                           0000C8   329 _T2CON	=	0x00c8
                           0000C9   330 _T2MOD	=	0x00c9
                           0000CA   331 _RCMP2L	=	0x00ca
                           0000CB   332 _RCMP2H	=	0x00cb
                           0000CC   333 _TL2	=	0x00cc
                           0000CC   334 _PWM4L	=	0x00cc
                           0000CD   335 _TH2	=	0x00cd
                           0000CD   336 _PWM5L	=	0x00cd
                           0000CE   337 _ADCMPL	=	0x00ce
                           0000CF   338 _ADCMPH	=	0x00cf
                           0000D0   339 _PSW	=	0x00d0
                           0000D1   340 _PWMPH	=	0x00d1
                           0000D2   341 _PWM0H	=	0x00d2
                           0000D3   342 _PWM1H	=	0x00d3
                           0000D4   343 _PWM2H	=	0x00d4
                           0000D5   344 _PWM3H	=	0x00d5
                           0000D6   345 _PNP	=	0x00d6
                           0000D7   346 _FBD	=	0x00d7
                           0000D8   347 _PWMCON0	=	0x00d8
                           0000D9   348 _PWMPL	=	0x00d9
                           0000DA   349 _PWM0L	=	0x00da
                           0000DB   350 _PWM1L	=	0x00db
                           0000DC   351 _PWM2L	=	0x00dc
                           0000DD   352 _PWM3L	=	0x00dd
                           0000DE   353 _PIOCON0	=	0x00de
                           0000DF   354 _PWMCON1	=	0x00df
                           0000E0   355 _ACC	=	0x00e0
                           0000E1   356 _ADCCON1	=	0x00e1
                           0000E2   357 _ADCCON2	=	0x00e2
                           0000E3   358 _ADCDLY	=	0x00e3
                           0000E4   359 _C0L	=	0x00e4
                           0000E5   360 _C0H	=	0x00e5
                           0000E6   361 _C1L	=	0x00e6
                           0000E7   362 _C1H	=	0x00e7
                           0000E8   363 _ADCCON0	=	0x00e8
                           0000E9   364 _PICON	=	0x00e9
                           0000EA   365 _PINEN	=	0x00ea
                           0000EB   366 _PIPEN	=	0x00eb
                           0000EC   367 _PIF	=	0x00ec
                           0000ED   368 _C2L	=	0x00ed
                           0000EE   369 _C2H	=	0x00ee
                           0000EF   370 _EIP	=	0x00ef
                           0000F0   371 _B	=	0x00f0
                           0000F1   372 _CAPCON3	=	0x00f1
                           0000F2   373 _CAPCON4	=	0x00f2
                           0000F3   374 _SPCR	=	0x00f3
                           0000F3   375 _SPCR2	=	0x00f3
                           0000F4   376 _SPSR	=	0x00f4
                           0000F5   377 _SPDR	=	0x00f5
                           0000F6   378 _AINDIDS	=	0x00f6
                           0000F7   379 _EIPH	=	0x00f7
                           0000F8   380 _SCON_1	=	0x00f8
                           0000F9   381 _PDTEN	=	0x00f9
                           0000FA   382 _PDTCNT	=	0x00fa
                           0000FB   383 _PMEN	=	0x00fb
                           0000FC   384 _PMD	=	0x00fc
                           0000FD   385 _PORDIS	=	0x00fd
                           0000FE   386 _EIP1	=	0x00fe
                           0000FF   387 _EIPH1	=	0x00ff
                                    388 ;--------------------------------------------------------
                                    389 ; special function bits
                                    390 ;--------------------------------------------------------
                                    391 	.area RSEG    (ABS,DATA)
      000000                        392 	.org 0x0000
                           0000FF   393 _SM0_1	=	0x00ff
                           0000FF   394 _FE_1	=	0x00ff
                           0000FE   395 _SM1_1	=	0x00fe
                           0000FD   396 _SM2_1	=	0x00fd
                           0000FC   397 _REN_1	=	0x00fc
                           0000FB   398 _TB8_1	=	0x00fb
                           0000FA   399 _RB8_1	=	0x00fa
                           0000F9   400 _TI_1	=	0x00f9
                           0000F8   401 _RI_1	=	0x00f8
                           0000EF   402 _ADCF	=	0x00ef
                           0000EE   403 _ADCS	=	0x00ee
                           0000ED   404 _ETGSEL1	=	0x00ed
                           0000EC   405 _ETGSEL0	=	0x00ec
                           0000EB   406 _ADCHS3	=	0x00eb
                           0000EA   407 _ADCHS2	=	0x00ea
                           0000E9   408 _ADCHS1	=	0x00e9
                           0000E8   409 _ADCHS0	=	0x00e8
                           0000DF   410 _PWMRUN	=	0x00df
                           0000DE   411 _LOAD	=	0x00de
                           0000DD   412 _PWMF	=	0x00dd
                           0000DC   413 _CLRPWM	=	0x00dc
                           0000D7   414 _CY	=	0x00d7
                           0000D6   415 _AC	=	0x00d6
                           0000D5   416 _F0	=	0x00d5
                           0000D4   417 _RS1	=	0x00d4
                           0000D3   418 _RS0	=	0x00d3
                           0000D2   419 _OV	=	0x00d2
                           0000D0   420 _P	=	0x00d0
                           0000CF   421 _TF2	=	0x00cf
                           0000CA   422 _TR2	=	0x00ca
                           0000C8   423 _CM_RL2	=	0x00c8
                           0000C6   424 _I2CEN	=	0x00c6
                           0000C5   425 _STA	=	0x00c5
                           0000C4   426 _STO	=	0x00c4
                           0000C3   427 _SI	=	0x00c3
                           0000C2   428 _AA	=	0x00c2
                           0000C0   429 _I2CPX	=	0x00c0
                           0000BE   430 _PADC	=	0x00be
                           0000BD   431 _PBOD	=	0x00bd
                           0000BC   432 _PS	=	0x00bc
                           0000BB   433 _PT1	=	0x00bb
                           0000BA   434 _PX1	=	0x00ba
                           0000B9   435 _PT0	=	0x00b9
                           0000B8   436 _PX0	=	0x00b8
                           0000B0   437 _P30	=	0x00b0
                           0000AF   438 _EA	=	0x00af
                           0000AE   439 _EADC	=	0x00ae
                           0000AD   440 _EBOD	=	0x00ad
                           0000AC   441 _ES	=	0x00ac
                           0000AB   442 _ET1	=	0x00ab
                           0000AA   443 _EX1	=	0x00aa
                           0000A9   444 _ET0	=	0x00a9
                           0000A8   445 _EX0	=	0x00a8
                           0000A0   446 _P20	=	0x00a0
                           00009F   447 _SM0	=	0x009f
                           00009F   448 _FE	=	0x009f
                           00009E   449 _SM1	=	0x009e
                           00009D   450 _SM2	=	0x009d
                           00009C   451 _REN	=	0x009c
                           00009B   452 _TB8	=	0x009b
                           00009A   453 _RB8	=	0x009a
                           000099   454 _TI	=	0x0099
                           000098   455 _RI	=	0x0098
                           000097   456 _P17	=	0x0097
                           000096   457 _P16	=	0x0096
                           000096   458 _TXD_1	=	0x0096
                           000095   459 _P15	=	0x0095
                           000094   460 _P14	=	0x0094
                           000094   461 _SDA	=	0x0094
                           000093   462 _P13	=	0x0093
                           000093   463 _SCL	=	0x0093
                           000092   464 _P12	=	0x0092
                           000091   465 _P11	=	0x0091
                           000090   466 _P10	=	0x0090
                           00008F   467 _TF1	=	0x008f
                           00008E   468 _TR1	=	0x008e
                           00008D   469 _TF0	=	0x008d
                           00008C   470 _TR0	=	0x008c
                           00008B   471 _IE1	=	0x008b
                           00008A   472 _IT1	=	0x008a
                           000089   473 _IE0	=	0x0089
                           000088   474 _IT0	=	0x0088
                           000087   475 _P07	=	0x0087
                           000087   476 _RXD	=	0x0087
                           000086   477 _P06	=	0x0086
                           000086   478 _TXD	=	0x0086
                           000085   479 _P05	=	0x0085
                           000084   480 _P04	=	0x0084
                           000084   481 _STADC	=	0x0084
                           000083   482 _P03	=	0x0083
                           000082   483 _P02	=	0x0082
                           000082   484 _RXD_1	=	0x0082
                           000081   485 _P01	=	0x0081
                           000081   486 _MISO	=	0x0081
                           000080   487 _P00	=	0x0080
                           000080   488 _MOSI	=	0x0080
                                    489 ;--------------------------------------------------------
                                    490 ; overlayable register banks
                                    491 ;--------------------------------------------------------
                                    492 	.area REG_BANK_0	(REL,OVR,DATA)
      000000                        493 	.ds 8
                                    494 ;--------------------------------------------------------
                                    495 ; internal ram data
                                    496 ;--------------------------------------------------------
                                    497 	.area DSEG    (DATA)
                                    498 ;--------------------------------------------------------
                                    499 ; overlayable items in internal ram
                                    500 ;--------------------------------------------------------
                                    501 	.area	OSEG    (OVR,DATA)
                                    502 ;--------------------------------------------------------
                                    503 ; indirectly addressable internal ram data
                                    504 ;--------------------------------------------------------
                                    505 	.area ISEG    (DATA)
                                    506 ;--------------------------------------------------------
                                    507 ; absolute internal ram data
                                    508 ;--------------------------------------------------------
                                    509 	.area IABS    (ABS,DATA)
                                    510 	.area IABS    (ABS,DATA)
                                    511 ;--------------------------------------------------------
                                    512 ; bit data
                                    513 ;--------------------------------------------------------
                                    514 	.area BSEG    (BIT)
                                    515 ;--------------------------------------------------------
                                    516 ; paged external ram data
                                    517 ;--------------------------------------------------------
                                    518 	.area PSEG    (PAG,XDATA)
                                    519 ;--------------------------------------------------------
                                    520 ; uninitialized external ram data
                                    521 ;--------------------------------------------------------
                                    522 	.area XSEG    (XDATA)
                                    523 ;--------------------------------------------------------
                                    524 ; absolute external ram data
                                    525 ;--------------------------------------------------------
                                    526 	.area XABS    (ABS,XDATA)
                                    527 ;--------------------------------------------------------
                                    528 ; initialized external ram data
                                    529 ;--------------------------------------------------------
                                    530 	.area XISEG   (XDATA)
                                    531 	.area HOME    (CODE)
                                    532 	.area GSINIT0 (CODE)
                                    533 	.area GSINIT1 (CODE)
                                    534 	.area GSINIT2 (CODE)
                                    535 	.area GSINIT3 (CODE)
                                    536 	.area GSINIT4 (CODE)
                                    537 	.area GSINIT5 (CODE)
                                    538 	.area GSINIT  (CODE)
                                    539 	.area GSFINAL (CODE)
                                    540 	.area CSEG    (CODE)
                                    541 ;--------------------------------------------------------
                                    542 ; global & static initialisations
                                    543 ;--------------------------------------------------------
                                    544 	.area HOME    (CODE)
                                    545 	.area GSINIT  (CODE)
                                    546 	.area GSFINAL (CODE)
                                    547 	.area GSINIT  (CODE)
                                    548 ;--------------------------------------------------------
                                    549 ; Home
                                    550 ;--------------------------------------------------------
                                    551 	.area HOME    (CODE)
                                    552 	.area HOME    (CODE)
                                    553 ;--------------------------------------------------------
                                    554 ; code
                                    555 ;--------------------------------------------------------
                                    556 	.area CSEG    (CODE)
                                    557 ;------------------------------------------------------------
                                    558 ;Allocation info for local variables in function 'putchar'
                                    559 ;------------------------------------------------------------
                                    560 ;c                         Allocated to registers r6 r7 
                                    561 ;------------------------------------------------------------
                                    562 ;	lib\N76E003\sdcc_stdio.c:5: int putchar (int c) {
                                    563 ;	-----------------------------------------
                                    564 ;	 function putchar
                                    565 ;	-----------------------------------------
      000000                        566 _putchar:
                           000007   567 	ar7 = 0x07
                           000006   568 	ar6 = 0x06
                           000005   569 	ar5 = 0x05
                           000004   570 	ar4 = 0x04
                           000003   571 	ar3 = 0x03
                           000002   572 	ar2 = 0x02
                           000001   573 	ar1 = 0x01
                           000000   574 	ar0 = 0x00
      000000 AE 82            [24]  575 	mov	r6, dpl
      000002 AF 83            [24]  576 	mov	r7, dph
                                    577 ;	lib\N76E003\sdcc_stdio.c:6: while (!TI);
      000004                        578 00101$:
                                    579 ;	lib\N76E003\sdcc_stdio.c:7: TI = 0;
                                    580 ;	assignBit
      000004 10 99 02         [24]  581 	jbc	_TI,00118$
      000007 80 FB            [24]  582 	sjmp	00101$
      000009                        583 00118$:
                                    584 ;	lib\N76E003\sdcc_stdio.c:8: SBUF = c;
      000009 8E 99            [24]  585 	mov	_SBUF,r6
                                    586 ;	lib\N76E003\sdcc_stdio.c:9: return c;
      00000B 8E 82            [24]  587 	mov	dpl, r6
      00000D 8F 83            [24]  588 	mov	dph, r7
                                    589 ;	lib\N76E003\sdcc_stdio.c:10: }
      00000F 22               [24]  590 	ret
                                    591 ;------------------------------------------------------------
                                    592 ;Allocation info for local variables in function 'getchar'
                                    593 ;------------------------------------------------------------
                                    594 ;	lib\N76E003\sdcc_stdio.c:12: int getchar (void) {
                                    595 ;	-----------------------------------------
                                    596 ;	 function getchar
                                    597 ;	-----------------------------------------
      000010                        598 _getchar:
                                    599 ;	lib\N76E003\sdcc_stdio.c:13: while (!RI);
      000010                        600 00101$:
                                    601 ;	lib\N76E003\sdcc_stdio.c:14: RI = 0;
                                    602 ;	assignBit
      000010 10 98 02         [24]  603 	jbc	_RI,00118$
      000013 80 FB            [24]  604 	sjmp	00101$
      000015                        605 00118$:
                                    606 ;	lib\N76E003\sdcc_stdio.c:15: return SBUF;
      000015 AE 99            [24]  607 	mov	r6,_SBUF
      000017 7F 00            [12]  608 	mov	r7,#0x00
      000019 8E 82            [24]  609 	mov	dpl, r6
      00001B 8F 83            [24]  610 	mov	dph, r7
                                    611 ;	lib\N76E003\sdcc_stdio.c:16: }
      00001D 22               [24]  612 	ret
                                    613 	.area CSEG    (CODE)
                                    614 	.area CONST   (CODE)
                                    615 	.area XINIT   (CODE)
                                    616 	.area CABS    (ABS,CODE)
