                                      1 ;--------------------------------------------------------
                                      2 ; File Created by SDCC : free open source ISO C Compiler 
                                      3 ; Version 4.4.0 #14620 (MINGW32)
                                      4 ;--------------------------------------------------------
                                      5 	.module json
                                      6 	.optsdcc -mmcs51 --model-small
                                      7 	
                                      8 ;--------------------------------------------------------
                                      9 ; Public variables in this module
                                     10 ;--------------------------------------------------------
                                     11 	.globl _parse_json_PARM_9
                                     12 	.globl _parse_json_PARM_8
                                     13 	.globl _parse_json_PARM_7
                                     14 	.globl _parse_json_PARM_6
                                     15 	.globl _parse_json_PARM_5
                                     16 	.globl _parse_json_PARM_4
                                     17 	.globl _parse_json_PARM_3
                                     18 	.globl _parse_json_PARM_2
                                     19 	.globl _parse_json
                                     20 ;--------------------------------------------------------
                                     21 ; special function registers
                                     22 ;--------------------------------------------------------
                                     23 	.area RSEG    (ABS,DATA)
      000000                         24 	.org 0x0000
                                     25 ;--------------------------------------------------------
                                     26 ; special function bits
                                     27 ;--------------------------------------------------------
                                     28 	.area RSEG    (ABS,DATA)
      000000                         29 	.org 0x0000
                                     30 ;--------------------------------------------------------
                                     31 ; overlayable register banks
                                     32 ;--------------------------------------------------------
                                     33 	.area REG_BANK_0	(REL,OVR,DATA)
      000000                         34 	.ds 8
                                     35 ;--------------------------------------------------------
                                     36 ; internal ram data
                                     37 ;--------------------------------------------------------
                                     38 	.area DSEG    (DATA)
      000000                         39 _parse_json_PARM_2:
      000000                         40 	.ds 3
      000003                         41 _parse_json_PARM_3:
      000003                         42 	.ds 3
      000006                         43 _parse_json_PARM_4:
      000006                         44 	.ds 3
      000009                         45 _parse_json_PARM_5:
      000009                         46 	.ds 3
      00000C                         47 _parse_json_PARM_6:
      00000C                         48 	.ds 3
      00000F                         49 _parse_json_PARM_7:
      00000F                         50 	.ds 3
      000012                         51 _parse_json_PARM_8:
      000012                         52 	.ds 3
      000015                         53 _parse_json_PARM_9:
      000015                         54 	.ds 3
      000018                         55 _parse_json_p_10000_3:
      000018                         56 	.ds 3
                                     57 ;--------------------------------------------------------
                                     58 ; overlayable items in internal ram
                                     59 ;--------------------------------------------------------
                                     60 ;--------------------------------------------------------
                                     61 ; indirectly addressable internal ram data
                                     62 ;--------------------------------------------------------
                                     63 	.area ISEG    (DATA)
                                     64 ;--------------------------------------------------------
                                     65 ; absolute internal ram data
                                     66 ;--------------------------------------------------------
                                     67 	.area IABS    (ABS,DATA)
                                     68 	.area IABS    (ABS,DATA)
                                     69 ;--------------------------------------------------------
                                     70 ; bit data
                                     71 ;--------------------------------------------------------
                                     72 	.area BSEG    (BIT)
                                     73 ;--------------------------------------------------------
                                     74 ; paged external ram data
                                     75 ;--------------------------------------------------------
                                     76 	.area PSEG    (PAG,XDATA)
                                     77 ;--------------------------------------------------------
                                     78 ; uninitialized external ram data
                                     79 ;--------------------------------------------------------
                                     80 	.area XSEG    (XDATA)
                                     81 ;--------------------------------------------------------
                                     82 ; absolute external ram data
                                     83 ;--------------------------------------------------------
                                     84 	.area XABS    (ABS,XDATA)
                                     85 ;--------------------------------------------------------
                                     86 ; initialized external ram data
                                     87 ;--------------------------------------------------------
                                     88 	.area XISEG   (XDATA)
                                     89 	.area HOME    (CODE)
                                     90 	.area GSINIT0 (CODE)
                                     91 	.area GSINIT1 (CODE)
                                     92 	.area GSINIT2 (CODE)
                                     93 	.area GSINIT3 (CODE)
                                     94 	.area GSINIT4 (CODE)
                                     95 	.area GSINIT5 (CODE)
                                     96 	.area GSINIT  (CODE)
                                     97 	.area GSFINAL (CODE)
                                     98 	.area CSEG    (CODE)
                                     99 ;--------------------------------------------------------
                                    100 ; global & static initialisations
                                    101 ;--------------------------------------------------------
                                    102 	.area HOME    (CODE)
                                    103 	.area GSINIT  (CODE)
                                    104 	.area GSFINAL (CODE)
                                    105 	.area GSINIT  (CODE)
                                    106 ;--------------------------------------------------------
                                    107 ; Home
                                    108 ;--------------------------------------------------------
                                    109 	.area HOME    (CODE)
                                    110 	.area HOME    (CODE)
                                    111 ;--------------------------------------------------------
                                    112 ; code
                                    113 ;--------------------------------------------------------
                                    114 	.area CSEG    (CODE)
                                    115 ;------------------------------------------------------------
                                    116 ;Allocation info for local variables in function 'parse_json'
                                    117 ;------------------------------------------------------------
                                    118 ;AngleA                    Allocated with name '_parse_json_PARM_2'
                                    119 ;sAngleA                   Allocated with name '_parse_json_PARM_3'
                                    120 ;AngleB                    Allocated with name '_parse_json_PARM_4'
                                    121 ;sAngleB                   Allocated with name '_parse_json_PARM_5'
                                    122 ;MotorA                    Allocated with name '_parse_json_PARM_6'
                                    123 ;sMotorA                   Allocated with name '_parse_json_PARM_7'
                                    124 ;MotorB                    Allocated with name '_parse_json_PARM_8'
                                    125 ;sMotorB                   Allocated with name '_parse_json_PARM_9'
                                    126 ;buf                       Allocated to registers 
                                    127 ;p                         Allocated with name '_parse_json_p_10000_3'
                                    128 ;------------------------------------------------------------
                                    129 ;	src\json.c:3: uint8_t parse_json(const char *buf, int *AngleA, int *sAngleA, int *AngleB, int *sAngleB, int *MotorA, int *sMotorA, int *MotorB, int *sMotorB)
                                    130 ;	-----------------------------------------
                                    131 ;	 function parse_json
                                    132 ;	-----------------------------------------
      000000                        133 _parse_json:
                           000007   134 	ar7 = 0x07
                           000006   135 	ar6 = 0x06
                           000005   136 	ar5 = 0x05
                           000004   137 	ar4 = 0x04
                           000003   138 	ar3 = 0x03
                           000002   139 	ar2 = 0x02
                           000001   140 	ar1 = 0x01
                           000000   141 	ar0 = 0x00
      000000 AD 82            [24]  142 	mov	r5, dpl
      000002 AE 83            [24]  143 	mov	r6, dph
      000004 AF F0            [24]  144 	mov	r7, b
                                    145 ;	src\json.c:8: while (*p && (*p < '0' || *p > '9'))
      000006                        146 00103$:
      000006 8D 82            [24]  147 	mov	dpl,r5
      000008 8E 83            [24]  148 	mov	dph,r6
      00000A 8F F0            [24]  149 	mov	b,r7
      00000C 12r00r00         [24]  150 	lcall	__gptrget
      00000F FC               [12]  151 	mov	r4,a
      000010 60 11            [24]  152 	jz	00105$
      000012 BC 30 00         [24]  153 	cjne	r4,#0x30,00480$
      000015                        154 00480$:
      000015 40 05            [24]  155 	jc	00104$
      000017 EC               [12]  156 	mov	a,r4
      000018 24 C6            [12]  157 	add	a,#0xff - 0x39
      00001A 50 07            [24]  158 	jnc	00105$
      00001C                        159 00104$:
                                    160 ;	src\json.c:9: p++;
      00001C 0D               [12]  161 	inc	r5
      00001D BD 00 E6         [24]  162 	cjne	r5,#0x00,00103$
      000020 0E               [12]  163 	inc	r6
      000021 80 E3            [24]  164 	sjmp	00103$
      000023                        165 00105$:
                                    166 ;	src\json.c:10: *AngleA = 0;
      000023 AA*00            [24]  167 	mov	r2,_parse_json_PARM_2
      000025 AB*01            [24]  168 	mov	r3,(_parse_json_PARM_2 + 1)
      000027 AC*02            [24]  169 	mov	r4,(_parse_json_PARM_2 + 2)
      000029 8A 82            [24]  170 	mov	dpl,r2
      00002B 8B 83            [24]  171 	mov	dph,r3
      00002D 8C F0            [24]  172 	mov	b,r4
      00002F E4               [12]  173 	clr	a
      000030 12r00r00         [24]  174 	lcall	__gptrput
      000033 A3               [24]  175 	inc	dptr
      000034 12r00r00         [24]  176 	lcall	__gptrput
                                    177 ;	src\json.c:11: while (*p >= '0' && *p <= '9')
      000037 8D*18            [24]  178 	mov	_parse_json_p_10000_3,r5
      000039 8E*19            [24]  179 	mov	(_parse_json_p_10000_3 + 1),r6
      00003B 8F*1A            [24]  180 	mov	(_parse_json_p_10000_3 + 2),r7
      00003D                        181 00107$:
      00003D 85*18 82         [24]  182 	mov	dpl,_parse_json_p_10000_3
      000040 85*19 83         [24]  183 	mov	dph,(_parse_json_p_10000_3 + 1)
      000043 85*1A F0         [24]  184 	mov	b,(_parse_json_p_10000_3 + 2)
      000046 12r00r00         [24]  185 	lcall	__gptrget
      000049 F9               [12]  186 	mov	r1,a
      00004A B9 30 00         [24]  187 	cjne	r1,#0x30,00484$
      00004D                        188 00484$:
      00004D 40 59            [24]  189 	jc	00183$
      00004F E9               [12]  190 	mov	a,r1
      000050 24 C6            [12]  191 	add	a,#0xff - 0x39
      000052 40 54            [24]  192 	jc	00183$
                                    193 ;	src\json.c:13: *AngleA = *AngleA * 10 + (*p - '0');
      000054 8A 82            [24]  194 	mov	dpl,r2
      000056 8B 83            [24]  195 	mov	dph,r3
      000058 8C F0            [24]  196 	mov	b,r4
      00005A 12r00r00         [24]  197 	lcall	__gptrget
      00005D F5*00            [12]  198 	mov	__mulint_PARM_2,a
      00005F A3               [24]  199 	inc	dptr
      000060 12r00r00         [24]  200 	lcall	__gptrget
      000063 F5*01            [12]  201 	mov	(__mulint_PARM_2 + 1),a
      000065 90 00 0A         [24]  202 	mov	dptr,#0x000a
      000068 C0 04            [24]  203 	push	ar4
      00006A C0 03            [24]  204 	push	ar3
      00006C C0 02            [24]  205 	push	ar2
      00006E C0 01            [24]  206 	push	ar1
      000070 12r00r00         [24]  207 	lcall	__mulint
      000073 A8 82            [24]  208 	mov	r0, dpl
      000075 AF 83            [24]  209 	mov	r7, dph
      000077 D0 01            [24]  210 	pop	ar1
      000079 D0 02            [24]  211 	pop	ar2
      00007B D0 03            [24]  212 	pop	ar3
      00007D D0 04            [24]  213 	pop	ar4
      00007F 7E 00            [12]  214 	mov	r6,#0x00
      000081 E9               [12]  215 	mov	a,r1
      000082 24 D0            [12]  216 	add	a,#0xd0
      000084 F9               [12]  217 	mov	r1,a
      000085 EE               [12]  218 	mov	a,r6
      000086 34 FF            [12]  219 	addc	a,#0xff
      000088 FE               [12]  220 	mov	r6,a
      000089 E9               [12]  221 	mov	a,r1
      00008A 28               [12]  222 	add	a, r0
      00008B F8               [12]  223 	mov	r0,a
      00008C EE               [12]  224 	mov	a,r6
      00008D 3F               [12]  225 	addc	a, r7
      00008E FF               [12]  226 	mov	r7,a
      00008F 8A 82            [24]  227 	mov	dpl,r2
      000091 8B 83            [24]  228 	mov	dph,r3
      000093 8C F0            [24]  229 	mov	b,r4
      000095 E8               [12]  230 	mov	a,r0
      000096 12r00r00         [24]  231 	lcall	__gptrput
      000099 A3               [24]  232 	inc	dptr
      00009A EF               [12]  233 	mov	a,r7
      00009B 12r00r00         [24]  234 	lcall	__gptrput
                                    235 ;	src\json.c:14: p++;
      00009E 05*18            [12]  236 	inc	_parse_json_p_10000_3
      0000A0 E4               [12]  237 	clr	a
                                    238 ;	src\json.c:16: while (*p && (*p < '0' || *p > '9'))
      0000A1 B5*18 99         [24]  239 	cjne	a,_parse_json_p_10000_3,00107$
      0000A4 05*19            [12]  240 	inc	(_parse_json_p_10000_3 + 1)
      0000A6 80 95            [24]  241 	sjmp	00107$
      0000A8                        242 00183$:
      0000A8 AD*18            [24]  243 	mov	r5,_parse_json_p_10000_3
      0000AA AE*19            [24]  244 	mov	r6,(_parse_json_p_10000_3 + 1)
      0000AC AF*1A            [24]  245 	mov	r7,(_parse_json_p_10000_3 + 2)
      0000AE                        246 00112$:
      0000AE 8D 82            [24]  247 	mov	dpl,r5
      0000B0 8E 83            [24]  248 	mov	dph,r6
      0000B2 8F F0            [24]  249 	mov	b,r7
      0000B4 12r00r00         [24]  250 	lcall	__gptrget
      0000B7 FC               [12]  251 	mov	r4,a
      0000B8 60 11            [24]  252 	jz	00114$
      0000BA BC 30 00         [24]  253 	cjne	r4,#0x30,00489$
      0000BD                        254 00489$:
      0000BD 40 05            [24]  255 	jc	00113$
      0000BF EC               [12]  256 	mov	a,r4
      0000C0 24 C6            [12]  257 	add	a,#0xff - 0x39
      0000C2 50 07            [24]  258 	jnc	00114$
      0000C4                        259 00113$:
                                    260 ;	src\json.c:17: p++;
      0000C4 0D               [12]  261 	inc	r5
      0000C5 BD 00 E6         [24]  262 	cjne	r5,#0x00,00112$
      0000C8 0E               [12]  263 	inc	r6
      0000C9 80 E3            [24]  264 	sjmp	00112$
      0000CB                        265 00114$:
                                    266 ;	src\json.c:18: *sAngleA = 0;
      0000CB AA*03            [24]  267 	mov	r2,_parse_json_PARM_3
      0000CD AB*04            [24]  268 	mov	r3,(_parse_json_PARM_3 + 1)
      0000CF AC*05            [24]  269 	mov	r4,(_parse_json_PARM_3 + 2)
      0000D1 8A 82            [24]  270 	mov	dpl,r2
      0000D3 8B 83            [24]  271 	mov	dph,r3
      0000D5 8C F0            [24]  272 	mov	b,r4
      0000D7 E4               [12]  273 	clr	a
      0000D8 12r00r00         [24]  274 	lcall	__gptrput
      0000DB A3               [24]  275 	inc	dptr
      0000DC 12r00r00         [24]  276 	lcall	__gptrput
                                    277 ;	src\json.c:19: while (*p >= '0' && *p <= '9')
      0000DF 8D*18            [24]  278 	mov	_parse_json_p_10000_3,r5
      0000E1 8E*19            [24]  279 	mov	(_parse_json_p_10000_3 + 1),r6
      0000E3 8F*1A            [24]  280 	mov	(_parse_json_p_10000_3 + 2),r7
      0000E5                        281 00116$:
      0000E5 85*18 82         [24]  282 	mov	dpl,_parse_json_p_10000_3
      0000E8 85*19 83         [24]  283 	mov	dph,(_parse_json_p_10000_3 + 1)
      0000EB 85*1A F0         [24]  284 	mov	b,(_parse_json_p_10000_3 + 2)
      0000EE 12r00r00         [24]  285 	lcall	__gptrget
      0000F1 F9               [12]  286 	mov	r1,a
      0000F2 B9 30 00         [24]  287 	cjne	r1,#0x30,00493$
      0000F5                        288 00493$:
      0000F5 40 59            [24]  289 	jc	00189$
      0000F7 E9               [12]  290 	mov	a,r1
      0000F8 24 C6            [12]  291 	add	a,#0xff - 0x39
      0000FA 40 54            [24]  292 	jc	00189$
                                    293 ;	src\json.c:21: *sAngleA = *sAngleA * 10 + (*p - '0');
      0000FC 8A 82            [24]  294 	mov	dpl,r2
      0000FE 8B 83            [24]  295 	mov	dph,r3
      000100 8C F0            [24]  296 	mov	b,r4
      000102 12r00r00         [24]  297 	lcall	__gptrget
      000105 F5*00            [12]  298 	mov	__mulint_PARM_2,a
      000107 A3               [24]  299 	inc	dptr
      000108 12r00r00         [24]  300 	lcall	__gptrget
      00010B F5*01            [12]  301 	mov	(__mulint_PARM_2 + 1),a
      00010D 90 00 0A         [24]  302 	mov	dptr,#0x000a
      000110 C0 04            [24]  303 	push	ar4
      000112 C0 03            [24]  304 	push	ar3
      000114 C0 02            [24]  305 	push	ar2
      000116 C0 01            [24]  306 	push	ar1
      000118 12r00r00         [24]  307 	lcall	__mulint
      00011B A8 82            [24]  308 	mov	r0, dpl
      00011D AF 83            [24]  309 	mov	r7, dph
      00011F D0 01            [24]  310 	pop	ar1
      000121 D0 02            [24]  311 	pop	ar2
      000123 D0 03            [24]  312 	pop	ar3
      000125 D0 04            [24]  313 	pop	ar4
      000127 7E 00            [12]  314 	mov	r6,#0x00
      000129 E9               [12]  315 	mov	a,r1
      00012A 24 D0            [12]  316 	add	a,#0xd0
      00012C F9               [12]  317 	mov	r1,a
      00012D EE               [12]  318 	mov	a,r6
      00012E 34 FF            [12]  319 	addc	a,#0xff
      000130 FE               [12]  320 	mov	r6,a
      000131 E9               [12]  321 	mov	a,r1
      000132 28               [12]  322 	add	a, r0
      000133 F8               [12]  323 	mov	r0,a
      000134 EE               [12]  324 	mov	a,r6
      000135 3F               [12]  325 	addc	a, r7
      000136 FF               [12]  326 	mov	r7,a
      000137 8A 82            [24]  327 	mov	dpl,r2
      000139 8B 83            [24]  328 	mov	dph,r3
      00013B 8C F0            [24]  329 	mov	b,r4
      00013D E8               [12]  330 	mov	a,r0
      00013E 12r00r00         [24]  331 	lcall	__gptrput
      000141 A3               [24]  332 	inc	dptr
      000142 EF               [12]  333 	mov	a,r7
      000143 12r00r00         [24]  334 	lcall	__gptrput
                                    335 ;	src\json.c:22: p++;
      000146 05*18            [12]  336 	inc	_parse_json_p_10000_3
      000148 E4               [12]  337 	clr	a
                                    338 ;	src\json.c:25: while (*p && (*p < '0' || *p > '9'))
      000149 B5*18 99         [24]  339 	cjne	a,_parse_json_p_10000_3,00116$
      00014C 05*19            [12]  340 	inc	(_parse_json_p_10000_3 + 1)
      00014E 80 95            [24]  341 	sjmp	00116$
      000150                        342 00189$:
      000150 AD*18            [24]  343 	mov	r5,_parse_json_p_10000_3
      000152 AE*19            [24]  344 	mov	r6,(_parse_json_p_10000_3 + 1)
      000154 AF*1A            [24]  345 	mov	r7,(_parse_json_p_10000_3 + 2)
      000156                        346 00121$:
      000156 8D 82            [24]  347 	mov	dpl,r5
      000158 8E 83            [24]  348 	mov	dph,r6
      00015A 8F F0            [24]  349 	mov	b,r7
      00015C 12r00r00         [24]  350 	lcall	__gptrget
      00015F FC               [12]  351 	mov	r4,a
      000160 60 11            [24]  352 	jz	00123$
      000162 BC 30 00         [24]  353 	cjne	r4,#0x30,00498$
      000165                        354 00498$:
      000165 40 05            [24]  355 	jc	00122$
      000167 EC               [12]  356 	mov	a,r4
      000168 24 C6            [12]  357 	add	a,#0xff - 0x39
      00016A 50 07            [24]  358 	jnc	00123$
      00016C                        359 00122$:
                                    360 ;	src\json.c:26: p++;
      00016C 0D               [12]  361 	inc	r5
      00016D BD 00 E6         [24]  362 	cjne	r5,#0x00,00121$
      000170 0E               [12]  363 	inc	r6
      000171 80 E3            [24]  364 	sjmp	00121$
      000173                        365 00123$:
                                    366 ;	src\json.c:27: *AngleB = 0;
      000173 AA*06            [24]  367 	mov	r2,_parse_json_PARM_4
      000175 AB*07            [24]  368 	mov	r3,(_parse_json_PARM_4 + 1)
      000177 AC*08            [24]  369 	mov	r4,(_parse_json_PARM_4 + 2)
      000179 8A 82            [24]  370 	mov	dpl,r2
      00017B 8B 83            [24]  371 	mov	dph,r3
      00017D 8C F0            [24]  372 	mov	b,r4
      00017F E4               [12]  373 	clr	a
      000180 12r00r00         [24]  374 	lcall	__gptrput
      000183 A3               [24]  375 	inc	dptr
      000184 12r00r00         [24]  376 	lcall	__gptrput
                                    377 ;	src\json.c:28: while (*p >= '0' && *p <= '9')
      000187 8D*18            [24]  378 	mov	_parse_json_p_10000_3,r5
      000189 8E*19            [24]  379 	mov	(_parse_json_p_10000_3 + 1),r6
      00018B 8F*1A            [24]  380 	mov	(_parse_json_p_10000_3 + 2),r7
      00018D                        381 00125$:
      00018D 85*18 82         [24]  382 	mov	dpl,_parse_json_p_10000_3
      000190 85*19 83         [24]  383 	mov	dph,(_parse_json_p_10000_3 + 1)
      000193 85*1A F0         [24]  384 	mov	b,(_parse_json_p_10000_3 + 2)
      000196 12r00r00         [24]  385 	lcall	__gptrget
      000199 F9               [12]  386 	mov	r1,a
      00019A B9 30 00         [24]  387 	cjne	r1,#0x30,00502$
      00019D                        388 00502$:
      00019D 40 59            [24]  389 	jc	00195$
      00019F E9               [12]  390 	mov	a,r1
      0001A0 24 C6            [12]  391 	add	a,#0xff - 0x39
      0001A2 40 54            [24]  392 	jc	00195$
                                    393 ;	src\json.c:30: *AngleB = *AngleB * 10 + (*p - '0');
      0001A4 8A 82            [24]  394 	mov	dpl,r2
      0001A6 8B 83            [24]  395 	mov	dph,r3
      0001A8 8C F0            [24]  396 	mov	b,r4
      0001AA 12r00r00         [24]  397 	lcall	__gptrget
      0001AD F5*00            [12]  398 	mov	__mulint_PARM_2,a
      0001AF A3               [24]  399 	inc	dptr
      0001B0 12r00r00         [24]  400 	lcall	__gptrget
      0001B3 F5*01            [12]  401 	mov	(__mulint_PARM_2 + 1),a
      0001B5 90 00 0A         [24]  402 	mov	dptr,#0x000a
      0001B8 C0 04            [24]  403 	push	ar4
      0001BA C0 03            [24]  404 	push	ar3
      0001BC C0 02            [24]  405 	push	ar2
      0001BE C0 01            [24]  406 	push	ar1
      0001C0 12r00r00         [24]  407 	lcall	__mulint
      0001C3 A8 82            [24]  408 	mov	r0, dpl
      0001C5 AF 83            [24]  409 	mov	r7, dph
      0001C7 D0 01            [24]  410 	pop	ar1
      0001C9 D0 02            [24]  411 	pop	ar2
      0001CB D0 03            [24]  412 	pop	ar3
      0001CD D0 04            [24]  413 	pop	ar4
      0001CF 7E 00            [12]  414 	mov	r6,#0x00
      0001D1 E9               [12]  415 	mov	a,r1
      0001D2 24 D0            [12]  416 	add	a,#0xd0
      0001D4 F9               [12]  417 	mov	r1,a
      0001D5 EE               [12]  418 	mov	a,r6
      0001D6 34 FF            [12]  419 	addc	a,#0xff
      0001D8 FE               [12]  420 	mov	r6,a
      0001D9 E9               [12]  421 	mov	a,r1
      0001DA 28               [12]  422 	add	a, r0
      0001DB F8               [12]  423 	mov	r0,a
      0001DC EE               [12]  424 	mov	a,r6
      0001DD 3F               [12]  425 	addc	a, r7
      0001DE FF               [12]  426 	mov	r7,a
      0001DF 8A 82            [24]  427 	mov	dpl,r2
      0001E1 8B 83            [24]  428 	mov	dph,r3
      0001E3 8C F0            [24]  429 	mov	b,r4
      0001E5 E8               [12]  430 	mov	a,r0
      0001E6 12r00r00         [24]  431 	lcall	__gptrput
      0001E9 A3               [24]  432 	inc	dptr
      0001EA EF               [12]  433 	mov	a,r7
      0001EB 12r00r00         [24]  434 	lcall	__gptrput
                                    435 ;	src\json.c:31: p++;
      0001EE 05*18            [12]  436 	inc	_parse_json_p_10000_3
      0001F0 E4               [12]  437 	clr	a
                                    438 ;	src\json.c:33: while (*p && (*p < '0' || *p > '9'))
      0001F1 B5*18 99         [24]  439 	cjne	a,_parse_json_p_10000_3,00125$
      0001F4 05*19            [12]  440 	inc	(_parse_json_p_10000_3 + 1)
      0001F6 80 95            [24]  441 	sjmp	00125$
      0001F8                        442 00195$:
      0001F8 AD*18            [24]  443 	mov	r5,_parse_json_p_10000_3
      0001FA AE*19            [24]  444 	mov	r6,(_parse_json_p_10000_3 + 1)
      0001FC AF*1A            [24]  445 	mov	r7,(_parse_json_p_10000_3 + 2)
      0001FE                        446 00130$:
      0001FE 8D 82            [24]  447 	mov	dpl,r5
      000200 8E 83            [24]  448 	mov	dph,r6
      000202 8F F0            [24]  449 	mov	b,r7
      000204 12r00r00         [24]  450 	lcall	__gptrget
      000207 FC               [12]  451 	mov	r4,a
      000208 60 11            [24]  452 	jz	00132$
      00020A BC 30 00         [24]  453 	cjne	r4,#0x30,00507$
      00020D                        454 00507$:
      00020D 40 05            [24]  455 	jc	00131$
      00020F EC               [12]  456 	mov	a,r4
      000210 24 C6            [12]  457 	add	a,#0xff - 0x39
      000212 50 07            [24]  458 	jnc	00132$
      000214                        459 00131$:
                                    460 ;	src\json.c:34: p++;
      000214 0D               [12]  461 	inc	r5
      000215 BD 00 E6         [24]  462 	cjne	r5,#0x00,00130$
      000218 0E               [12]  463 	inc	r6
      000219 80 E3            [24]  464 	sjmp	00130$
      00021B                        465 00132$:
                                    466 ;	src\json.c:35: *sAngleB = 0;
      00021B AA*09            [24]  467 	mov	r2,_parse_json_PARM_5
      00021D AB*0A            [24]  468 	mov	r3,(_parse_json_PARM_5 + 1)
      00021F AC*0B            [24]  469 	mov	r4,(_parse_json_PARM_5 + 2)
      000221 8A 82            [24]  470 	mov	dpl,r2
      000223 8B 83            [24]  471 	mov	dph,r3
      000225 8C F0            [24]  472 	mov	b,r4
      000227 E4               [12]  473 	clr	a
      000228 12r00r00         [24]  474 	lcall	__gptrput
      00022B A3               [24]  475 	inc	dptr
      00022C 12r00r00         [24]  476 	lcall	__gptrput
                                    477 ;	src\json.c:36: while (*p >= '0' && *p <= '9')
      00022F 8D*18            [24]  478 	mov	_parse_json_p_10000_3,r5
      000231 8E*19            [24]  479 	mov	(_parse_json_p_10000_3 + 1),r6
      000233 8F*1A            [24]  480 	mov	(_parse_json_p_10000_3 + 2),r7
      000235                        481 00134$:
      000235 85*18 82         [24]  482 	mov	dpl,_parse_json_p_10000_3
      000238 85*19 83         [24]  483 	mov	dph,(_parse_json_p_10000_3 + 1)
      00023B 85*1A F0         [24]  484 	mov	b,(_parse_json_p_10000_3 + 2)
      00023E 12r00r00         [24]  485 	lcall	__gptrget
      000241 F9               [12]  486 	mov	r1,a
      000242 B9 30 00         [24]  487 	cjne	r1,#0x30,00511$
      000245                        488 00511$:
      000245 40 59            [24]  489 	jc	00201$
      000247 E9               [12]  490 	mov	a,r1
      000248 24 C6            [12]  491 	add	a,#0xff - 0x39
      00024A 40 54            [24]  492 	jc	00201$
                                    493 ;	src\json.c:38: *sAngleB = *sAngleB * 10 + (*p - '0');
      00024C 8A 82            [24]  494 	mov	dpl,r2
      00024E 8B 83            [24]  495 	mov	dph,r3
      000250 8C F0            [24]  496 	mov	b,r4
      000252 12r00r00         [24]  497 	lcall	__gptrget
      000255 F5*00            [12]  498 	mov	__mulint_PARM_2,a
      000257 A3               [24]  499 	inc	dptr
      000258 12r00r00         [24]  500 	lcall	__gptrget
      00025B F5*01            [12]  501 	mov	(__mulint_PARM_2 + 1),a
      00025D 90 00 0A         [24]  502 	mov	dptr,#0x000a
      000260 C0 04            [24]  503 	push	ar4
      000262 C0 03            [24]  504 	push	ar3
      000264 C0 02            [24]  505 	push	ar2
      000266 C0 01            [24]  506 	push	ar1
      000268 12r00r00         [24]  507 	lcall	__mulint
      00026B A8 82            [24]  508 	mov	r0, dpl
      00026D AF 83            [24]  509 	mov	r7, dph
      00026F D0 01            [24]  510 	pop	ar1
      000271 D0 02            [24]  511 	pop	ar2
      000273 D0 03            [24]  512 	pop	ar3
      000275 D0 04            [24]  513 	pop	ar4
      000277 7E 00            [12]  514 	mov	r6,#0x00
      000279 E9               [12]  515 	mov	a,r1
      00027A 24 D0            [12]  516 	add	a,#0xd0
      00027C F9               [12]  517 	mov	r1,a
      00027D EE               [12]  518 	mov	a,r6
      00027E 34 FF            [12]  519 	addc	a,#0xff
      000280 FE               [12]  520 	mov	r6,a
      000281 E9               [12]  521 	mov	a,r1
      000282 28               [12]  522 	add	a, r0
      000283 F8               [12]  523 	mov	r0,a
      000284 EE               [12]  524 	mov	a,r6
      000285 3F               [12]  525 	addc	a, r7
      000286 FF               [12]  526 	mov	r7,a
      000287 8A 82            [24]  527 	mov	dpl,r2
      000289 8B 83            [24]  528 	mov	dph,r3
      00028B 8C F0            [24]  529 	mov	b,r4
      00028D E8               [12]  530 	mov	a,r0
      00028E 12r00r00         [24]  531 	lcall	__gptrput
      000291 A3               [24]  532 	inc	dptr
      000292 EF               [12]  533 	mov	a,r7
      000293 12r00r00         [24]  534 	lcall	__gptrput
                                    535 ;	src\json.c:39: p++;
      000296 05*18            [12]  536 	inc	_parse_json_p_10000_3
      000298 E4               [12]  537 	clr	a
                                    538 ;	src\json.c:42: while (*p && (*p < '0' || *p > '9'))
      000299 B5*18 99         [24]  539 	cjne	a,_parse_json_p_10000_3,00134$
      00029C 05*19            [12]  540 	inc	(_parse_json_p_10000_3 + 1)
      00029E 80 95            [24]  541 	sjmp	00134$
      0002A0                        542 00201$:
      0002A0 AD*18            [24]  543 	mov	r5,_parse_json_p_10000_3
      0002A2 AE*19            [24]  544 	mov	r6,(_parse_json_p_10000_3 + 1)
      0002A4 AF*1A            [24]  545 	mov	r7,(_parse_json_p_10000_3 + 2)
      0002A6                        546 00139$:
      0002A6 8D 82            [24]  547 	mov	dpl,r5
      0002A8 8E 83            [24]  548 	mov	dph,r6
      0002AA 8F F0            [24]  549 	mov	b,r7
      0002AC 12r00r00         [24]  550 	lcall	__gptrget
      0002AF FC               [12]  551 	mov	r4,a
      0002B0 60 11            [24]  552 	jz	00141$
      0002B2 BC 30 00         [24]  553 	cjne	r4,#0x30,00516$
      0002B5                        554 00516$:
      0002B5 40 05            [24]  555 	jc	00140$
      0002B7 EC               [12]  556 	mov	a,r4
      0002B8 24 C6            [12]  557 	add	a,#0xff - 0x39
      0002BA 50 07            [24]  558 	jnc	00141$
      0002BC                        559 00140$:
                                    560 ;	src\json.c:43: p++;
      0002BC 0D               [12]  561 	inc	r5
      0002BD BD 00 E6         [24]  562 	cjne	r5,#0x00,00139$
      0002C0 0E               [12]  563 	inc	r6
      0002C1 80 E3            [24]  564 	sjmp	00139$
      0002C3                        565 00141$:
                                    566 ;	src\json.c:44: *MotorA = 0;
      0002C3 AA*0C            [24]  567 	mov	r2,_parse_json_PARM_6
      0002C5 AB*0D            [24]  568 	mov	r3,(_parse_json_PARM_6 + 1)
      0002C7 AC*0E            [24]  569 	mov	r4,(_parse_json_PARM_6 + 2)
      0002C9 8A 82            [24]  570 	mov	dpl,r2
      0002CB 8B 83            [24]  571 	mov	dph,r3
      0002CD 8C F0            [24]  572 	mov	b,r4
      0002CF E4               [12]  573 	clr	a
      0002D0 12r00r00         [24]  574 	lcall	__gptrput
      0002D3 A3               [24]  575 	inc	dptr
      0002D4 12r00r00         [24]  576 	lcall	__gptrput
                                    577 ;	src\json.c:45: while (*p >= '0' && *p <= '9')
      0002D7 8D*18            [24]  578 	mov	_parse_json_p_10000_3,r5
      0002D9 8E*19            [24]  579 	mov	(_parse_json_p_10000_3 + 1),r6
      0002DB 8F*1A            [24]  580 	mov	(_parse_json_p_10000_3 + 2),r7
      0002DD                        581 00143$:
      0002DD 85*18 82         [24]  582 	mov	dpl,_parse_json_p_10000_3
      0002E0 85*19 83         [24]  583 	mov	dph,(_parse_json_p_10000_3 + 1)
      0002E3 85*1A F0         [24]  584 	mov	b,(_parse_json_p_10000_3 + 2)
      0002E6 12r00r00         [24]  585 	lcall	__gptrget
      0002E9 F9               [12]  586 	mov	r1,a
      0002EA B9 30 00         [24]  587 	cjne	r1,#0x30,00520$
      0002ED                        588 00520$:
      0002ED 40 59            [24]  589 	jc	00207$
      0002EF E9               [12]  590 	mov	a,r1
      0002F0 24 C6            [12]  591 	add	a,#0xff - 0x39
      0002F2 40 54            [24]  592 	jc	00207$
                                    593 ;	src\json.c:47: *MotorA = *MotorA * 10 + (*p - '0');
      0002F4 8A 82            [24]  594 	mov	dpl,r2
      0002F6 8B 83            [24]  595 	mov	dph,r3
      0002F8 8C F0            [24]  596 	mov	b,r4
      0002FA 12r00r00         [24]  597 	lcall	__gptrget
      0002FD F5*00            [12]  598 	mov	__mulint_PARM_2,a
      0002FF A3               [24]  599 	inc	dptr
      000300 12r00r00         [24]  600 	lcall	__gptrget
      000303 F5*01            [12]  601 	mov	(__mulint_PARM_2 + 1),a
      000305 90 00 0A         [24]  602 	mov	dptr,#0x000a
      000308 C0 04            [24]  603 	push	ar4
      00030A C0 03            [24]  604 	push	ar3
      00030C C0 02            [24]  605 	push	ar2
      00030E C0 01            [24]  606 	push	ar1
      000310 12r00r00         [24]  607 	lcall	__mulint
      000313 A8 82            [24]  608 	mov	r0, dpl
      000315 AF 83            [24]  609 	mov	r7, dph
      000317 D0 01            [24]  610 	pop	ar1
      000319 D0 02            [24]  611 	pop	ar2
      00031B D0 03            [24]  612 	pop	ar3
      00031D D0 04            [24]  613 	pop	ar4
      00031F 7E 00            [12]  614 	mov	r6,#0x00
      000321 E9               [12]  615 	mov	a,r1
      000322 24 D0            [12]  616 	add	a,#0xd0
      000324 F9               [12]  617 	mov	r1,a
      000325 EE               [12]  618 	mov	a,r6
      000326 34 FF            [12]  619 	addc	a,#0xff
      000328 FE               [12]  620 	mov	r6,a
      000329 E9               [12]  621 	mov	a,r1
      00032A 28               [12]  622 	add	a, r0
      00032B F8               [12]  623 	mov	r0,a
      00032C EE               [12]  624 	mov	a,r6
      00032D 3F               [12]  625 	addc	a, r7
      00032E FF               [12]  626 	mov	r7,a
      00032F 8A 82            [24]  627 	mov	dpl,r2
      000331 8B 83            [24]  628 	mov	dph,r3
      000333 8C F0            [24]  629 	mov	b,r4
      000335 E8               [12]  630 	mov	a,r0
      000336 12r00r00         [24]  631 	lcall	__gptrput
      000339 A3               [24]  632 	inc	dptr
      00033A EF               [12]  633 	mov	a,r7
      00033B 12r00r00         [24]  634 	lcall	__gptrput
                                    635 ;	src\json.c:48: p++;
      00033E 05*18            [12]  636 	inc	_parse_json_p_10000_3
      000340 E4               [12]  637 	clr	a
                                    638 ;	src\json.c:50: while (*p && (*p < '0' || *p > '9'))
      000341 B5*18 99         [24]  639 	cjne	a,_parse_json_p_10000_3,00143$
      000344 05*19            [12]  640 	inc	(_parse_json_p_10000_3 + 1)
      000346 80 95            [24]  641 	sjmp	00143$
      000348                        642 00207$:
      000348 AD*18            [24]  643 	mov	r5,_parse_json_p_10000_3
      00034A AE*19            [24]  644 	mov	r6,(_parse_json_p_10000_3 + 1)
      00034C AF*1A            [24]  645 	mov	r7,(_parse_json_p_10000_3 + 2)
      00034E                        646 00148$:
      00034E 8D 82            [24]  647 	mov	dpl,r5
      000350 8E 83            [24]  648 	mov	dph,r6
      000352 8F F0            [24]  649 	mov	b,r7
      000354 12r00r00         [24]  650 	lcall	__gptrget
      000357 FC               [12]  651 	mov	r4,a
      000358 60 11            [24]  652 	jz	00150$
      00035A BC 30 00         [24]  653 	cjne	r4,#0x30,00525$
      00035D                        654 00525$:
      00035D 40 05            [24]  655 	jc	00149$
      00035F EC               [12]  656 	mov	a,r4
      000360 24 C6            [12]  657 	add	a,#0xff - 0x39
      000362 50 07            [24]  658 	jnc	00150$
      000364                        659 00149$:
                                    660 ;	src\json.c:51: p++;
      000364 0D               [12]  661 	inc	r5
      000365 BD 00 E6         [24]  662 	cjne	r5,#0x00,00148$
      000368 0E               [12]  663 	inc	r6
      000369 80 E3            [24]  664 	sjmp	00148$
      00036B                        665 00150$:
                                    666 ;	src\json.c:52: *sMotorA = 0;
      00036B AA*0F            [24]  667 	mov	r2,_parse_json_PARM_7
      00036D AB*10            [24]  668 	mov	r3,(_parse_json_PARM_7 + 1)
      00036F AC*11            [24]  669 	mov	r4,(_parse_json_PARM_7 + 2)
      000371 8A 82            [24]  670 	mov	dpl,r2
      000373 8B 83            [24]  671 	mov	dph,r3
      000375 8C F0            [24]  672 	mov	b,r4
      000377 E4               [12]  673 	clr	a
      000378 12r00r00         [24]  674 	lcall	__gptrput
      00037B A3               [24]  675 	inc	dptr
      00037C 12r00r00         [24]  676 	lcall	__gptrput
                                    677 ;	src\json.c:53: while (*p >= '0' && *p <= '9')
      00037F 8D*18            [24]  678 	mov	_parse_json_p_10000_3,r5
      000381 8E*19            [24]  679 	mov	(_parse_json_p_10000_3 + 1),r6
      000383 8F*1A            [24]  680 	mov	(_parse_json_p_10000_3 + 2),r7
      000385                        681 00152$:
      000385 85*18 82         [24]  682 	mov	dpl,_parse_json_p_10000_3
      000388 85*19 83         [24]  683 	mov	dph,(_parse_json_p_10000_3 + 1)
      00038B 85*1A F0         [24]  684 	mov	b,(_parse_json_p_10000_3 + 2)
      00038E 12r00r00         [24]  685 	lcall	__gptrget
      000391 F9               [12]  686 	mov	r1,a
      000392 B9 30 00         [24]  687 	cjne	r1,#0x30,00529$
      000395                        688 00529$:
      000395 40 59            [24]  689 	jc	00213$
      000397 E9               [12]  690 	mov	a,r1
      000398 24 C6            [12]  691 	add	a,#0xff - 0x39
      00039A 40 54            [24]  692 	jc	00213$
                                    693 ;	src\json.c:55: *sMotorA = *sMotorA * 10 + (*p - '0');
      00039C 8A 82            [24]  694 	mov	dpl,r2
      00039E 8B 83            [24]  695 	mov	dph,r3
      0003A0 8C F0            [24]  696 	mov	b,r4
      0003A2 12r00r00         [24]  697 	lcall	__gptrget
      0003A5 F5*00            [12]  698 	mov	__mulint_PARM_2,a
      0003A7 A3               [24]  699 	inc	dptr
      0003A8 12r00r00         [24]  700 	lcall	__gptrget
      0003AB F5*01            [12]  701 	mov	(__mulint_PARM_2 + 1),a
      0003AD 90 00 0A         [24]  702 	mov	dptr,#0x000a
      0003B0 C0 04            [24]  703 	push	ar4
      0003B2 C0 03            [24]  704 	push	ar3
      0003B4 C0 02            [24]  705 	push	ar2
      0003B6 C0 01            [24]  706 	push	ar1
      0003B8 12r00r00         [24]  707 	lcall	__mulint
      0003BB A8 82            [24]  708 	mov	r0, dpl
      0003BD AF 83            [24]  709 	mov	r7, dph
      0003BF D0 01            [24]  710 	pop	ar1
      0003C1 D0 02            [24]  711 	pop	ar2
      0003C3 D0 03            [24]  712 	pop	ar3
      0003C5 D0 04            [24]  713 	pop	ar4
      0003C7 7E 00            [12]  714 	mov	r6,#0x00
      0003C9 E9               [12]  715 	mov	a,r1
      0003CA 24 D0            [12]  716 	add	a,#0xd0
      0003CC F9               [12]  717 	mov	r1,a
      0003CD EE               [12]  718 	mov	a,r6
      0003CE 34 FF            [12]  719 	addc	a,#0xff
      0003D0 FE               [12]  720 	mov	r6,a
      0003D1 E9               [12]  721 	mov	a,r1
      0003D2 28               [12]  722 	add	a, r0
      0003D3 F8               [12]  723 	mov	r0,a
      0003D4 EE               [12]  724 	mov	a,r6
      0003D5 3F               [12]  725 	addc	a, r7
      0003D6 FF               [12]  726 	mov	r7,a
      0003D7 8A 82            [24]  727 	mov	dpl,r2
      0003D9 8B 83            [24]  728 	mov	dph,r3
      0003DB 8C F0            [24]  729 	mov	b,r4
      0003DD E8               [12]  730 	mov	a,r0
      0003DE 12r00r00         [24]  731 	lcall	__gptrput
      0003E1 A3               [24]  732 	inc	dptr
      0003E2 EF               [12]  733 	mov	a,r7
      0003E3 12r00r00         [24]  734 	lcall	__gptrput
                                    735 ;	src\json.c:56: p++;
      0003E6 05*18            [12]  736 	inc	_parse_json_p_10000_3
      0003E8 E4               [12]  737 	clr	a
                                    738 ;	src\json.c:59: while (*p && (*p < '0' || *p > '9'))
      0003E9 B5*18 99         [24]  739 	cjne	a,_parse_json_p_10000_3,00152$
      0003EC 05*19            [12]  740 	inc	(_parse_json_p_10000_3 + 1)
      0003EE 80 95            [24]  741 	sjmp	00152$
      0003F0                        742 00213$:
      0003F0 AD*18            [24]  743 	mov	r5,_parse_json_p_10000_3
      0003F2 AE*19            [24]  744 	mov	r6,(_parse_json_p_10000_3 + 1)
      0003F4 AF*1A            [24]  745 	mov	r7,(_parse_json_p_10000_3 + 2)
      0003F6                        746 00157$:
      0003F6 8D 82            [24]  747 	mov	dpl,r5
      0003F8 8E 83            [24]  748 	mov	dph,r6
      0003FA 8F F0            [24]  749 	mov	b,r7
      0003FC 12r00r00         [24]  750 	lcall	__gptrget
      0003FF FC               [12]  751 	mov	r4,a
      000400 60 11            [24]  752 	jz	00159$
      000402 BC 30 00         [24]  753 	cjne	r4,#0x30,00534$
      000405                        754 00534$:
      000405 40 05            [24]  755 	jc	00158$
      000407 EC               [12]  756 	mov	a,r4
      000408 24 C6            [12]  757 	add	a,#0xff - 0x39
      00040A 50 07            [24]  758 	jnc	00159$
      00040C                        759 00158$:
                                    760 ;	src\json.c:60: p++;
      00040C 0D               [12]  761 	inc	r5
      00040D BD 00 E6         [24]  762 	cjne	r5,#0x00,00157$
      000410 0E               [12]  763 	inc	r6
      000411 80 E3            [24]  764 	sjmp	00157$
      000413                        765 00159$:
                                    766 ;	src\json.c:61: *MotorB = 0;
      000413 AA*12            [24]  767 	mov	r2,_parse_json_PARM_8
      000415 AB*13            [24]  768 	mov	r3,(_parse_json_PARM_8 + 1)
      000417 AC*14            [24]  769 	mov	r4,(_parse_json_PARM_8 + 2)
      000419 8A 82            [24]  770 	mov	dpl,r2
      00041B 8B 83            [24]  771 	mov	dph,r3
      00041D 8C F0            [24]  772 	mov	b,r4
      00041F E4               [12]  773 	clr	a
      000420 12r00r00         [24]  774 	lcall	__gptrput
      000423 A3               [24]  775 	inc	dptr
      000424 12r00r00         [24]  776 	lcall	__gptrput
                                    777 ;	src\json.c:62: while (*p >= '0' && *p <= '9')
      000427 8D*18            [24]  778 	mov	_parse_json_p_10000_3,r5
      000429 8E*19            [24]  779 	mov	(_parse_json_p_10000_3 + 1),r6
      00042B 8F*1A            [24]  780 	mov	(_parse_json_p_10000_3 + 2),r7
      00042D                        781 00161$:
      00042D 85*18 82         [24]  782 	mov	dpl,_parse_json_p_10000_3
      000430 85*19 83         [24]  783 	mov	dph,(_parse_json_p_10000_3 + 1)
      000433 85*1A F0         [24]  784 	mov	b,(_parse_json_p_10000_3 + 2)
      000436 12r00r00         [24]  785 	lcall	__gptrget
      000439 F9               [12]  786 	mov	r1,a
      00043A B9 30 00         [24]  787 	cjne	r1,#0x30,00538$
      00043D                        788 00538$:
      00043D 40 59            [24]  789 	jc	00219$
      00043F E9               [12]  790 	mov	a,r1
      000440 24 C6            [12]  791 	add	a,#0xff - 0x39
      000442 40 54            [24]  792 	jc	00219$
                                    793 ;	src\json.c:64: *MotorB = *MotorB * 10 + (*p - '0');
      000444 8A 82            [24]  794 	mov	dpl,r2
      000446 8B 83            [24]  795 	mov	dph,r3
      000448 8C F0            [24]  796 	mov	b,r4
      00044A 12r00r00         [24]  797 	lcall	__gptrget
      00044D F5*00            [12]  798 	mov	__mulint_PARM_2,a
      00044F A3               [24]  799 	inc	dptr
      000450 12r00r00         [24]  800 	lcall	__gptrget
      000453 F5*01            [12]  801 	mov	(__mulint_PARM_2 + 1),a
      000455 90 00 0A         [24]  802 	mov	dptr,#0x000a
      000458 C0 04            [24]  803 	push	ar4
      00045A C0 03            [24]  804 	push	ar3
      00045C C0 02            [24]  805 	push	ar2
      00045E C0 01            [24]  806 	push	ar1
      000460 12r00r00         [24]  807 	lcall	__mulint
      000463 A8 82            [24]  808 	mov	r0, dpl
      000465 AF 83            [24]  809 	mov	r7, dph
      000467 D0 01            [24]  810 	pop	ar1
      000469 D0 02            [24]  811 	pop	ar2
      00046B D0 03            [24]  812 	pop	ar3
      00046D D0 04            [24]  813 	pop	ar4
      00046F 7E 00            [12]  814 	mov	r6,#0x00
      000471 E9               [12]  815 	mov	a,r1
      000472 24 D0            [12]  816 	add	a,#0xd0
      000474 F9               [12]  817 	mov	r1,a
      000475 EE               [12]  818 	mov	a,r6
      000476 34 FF            [12]  819 	addc	a,#0xff
      000478 FE               [12]  820 	mov	r6,a
      000479 E9               [12]  821 	mov	a,r1
      00047A 28               [12]  822 	add	a, r0
      00047B F8               [12]  823 	mov	r0,a
      00047C EE               [12]  824 	mov	a,r6
      00047D 3F               [12]  825 	addc	a, r7
      00047E FF               [12]  826 	mov	r7,a
      00047F 8A 82            [24]  827 	mov	dpl,r2
      000481 8B 83            [24]  828 	mov	dph,r3
      000483 8C F0            [24]  829 	mov	b,r4
      000485 E8               [12]  830 	mov	a,r0
      000486 12r00r00         [24]  831 	lcall	__gptrput
      000489 A3               [24]  832 	inc	dptr
      00048A EF               [12]  833 	mov	a,r7
      00048B 12r00r00         [24]  834 	lcall	__gptrput
                                    835 ;	src\json.c:65: p++;
      00048E 05*18            [12]  836 	inc	_parse_json_p_10000_3
      000490 E4               [12]  837 	clr	a
                                    838 ;	src\json.c:67: while (*p && (*p < '0' || *p > '9'))
      000491 B5*18 99         [24]  839 	cjne	a,_parse_json_p_10000_3,00161$
      000494 05*19            [12]  840 	inc	(_parse_json_p_10000_3 + 1)
      000496 80 95            [24]  841 	sjmp	00161$
      000498                        842 00219$:
      000498 AD*18            [24]  843 	mov	r5,_parse_json_p_10000_3
      00049A AE*19            [24]  844 	mov	r6,(_parse_json_p_10000_3 + 1)
      00049C AF*1A            [24]  845 	mov	r7,(_parse_json_p_10000_3 + 2)
      00049E                        846 00166$:
      00049E 8D 82            [24]  847 	mov	dpl,r5
      0004A0 8E 83            [24]  848 	mov	dph,r6
      0004A2 8F F0            [24]  849 	mov	b,r7
      0004A4 12r00r00         [24]  850 	lcall	__gptrget
      0004A7 FC               [12]  851 	mov	r4,a
      0004A8 60 11            [24]  852 	jz	00168$
      0004AA BC 30 00         [24]  853 	cjne	r4,#0x30,00543$
      0004AD                        854 00543$:
      0004AD 40 05            [24]  855 	jc	00167$
      0004AF EC               [12]  856 	mov	a,r4
      0004B0 24 C6            [12]  857 	add	a,#0xff - 0x39
      0004B2 50 07            [24]  858 	jnc	00168$
      0004B4                        859 00167$:
                                    860 ;	src\json.c:68: p++;
      0004B4 0D               [12]  861 	inc	r5
      0004B5 BD 00 E6         [24]  862 	cjne	r5,#0x00,00166$
      0004B8 0E               [12]  863 	inc	r6
      0004B9 80 E3            [24]  864 	sjmp	00166$
      0004BB                        865 00168$:
                                    866 ;	src\json.c:69: *sMotorB = 0;
      0004BB AA*15            [24]  867 	mov	r2,_parse_json_PARM_9
      0004BD AB*16            [24]  868 	mov	r3,(_parse_json_PARM_9 + 1)
      0004BF AC*17            [24]  869 	mov	r4,(_parse_json_PARM_9 + 2)
      0004C1 8A 82            [24]  870 	mov	dpl,r2
      0004C3 8B 83            [24]  871 	mov	dph,r3
      0004C5 8C F0            [24]  872 	mov	b,r4
      0004C7 E4               [12]  873 	clr	a
      0004C8 12r00r00         [24]  874 	lcall	__gptrput
      0004CB A3               [24]  875 	inc	dptr
      0004CC 12r00r00         [24]  876 	lcall	__gptrput
                                    877 ;	src\json.c:70: while (*p >= '0' && *p <= '9')
      0004CF 8D*18            [24]  878 	mov	_parse_json_p_10000_3,r5
      0004D1 8E*19            [24]  879 	mov	(_parse_json_p_10000_3 + 1),r6
      0004D3 8F*1A            [24]  880 	mov	(_parse_json_p_10000_3 + 2),r7
      0004D5                        881 00170$:
      0004D5 85*18 82         [24]  882 	mov	dpl,_parse_json_p_10000_3
      0004D8 85*19 83         [24]  883 	mov	dph,(_parse_json_p_10000_3 + 1)
      0004DB 85*1A F0         [24]  884 	mov	b,(_parse_json_p_10000_3 + 2)
      0004DE 12r00r00         [24]  885 	lcall	__gptrget
      0004E1 F9               [12]  886 	mov	r1,a
      0004E2 B9 30 00         [24]  887 	cjne	r1,#0x30,00547$
      0004E5                        888 00547$:
      0004E5 40 59            [24]  889 	jc	00172$
      0004E7 E9               [12]  890 	mov	a,r1
      0004E8 24 C6            [12]  891 	add	a,#0xff - 0x39
      0004EA 40 54            [24]  892 	jc	00172$
                                    893 ;	src\json.c:72: *sMotorB = *sMotorB * 10 + (*p - '0');
      0004EC 8A 82            [24]  894 	mov	dpl,r2
      0004EE 8B 83            [24]  895 	mov	dph,r3
      0004F0 8C F0            [24]  896 	mov	b,r4
      0004F2 12r00r00         [24]  897 	lcall	__gptrget
      0004F5 F5*00            [12]  898 	mov	__mulint_PARM_2,a
      0004F7 A3               [24]  899 	inc	dptr
      0004F8 12r00r00         [24]  900 	lcall	__gptrget
      0004FB F5*01            [12]  901 	mov	(__mulint_PARM_2 + 1),a
      0004FD 90 00 0A         [24]  902 	mov	dptr,#0x000a
      000500 C0 04            [24]  903 	push	ar4
      000502 C0 03            [24]  904 	push	ar3
      000504 C0 02            [24]  905 	push	ar2
      000506 C0 01            [24]  906 	push	ar1
      000508 12r00r00         [24]  907 	lcall	__mulint
      00050B A8 82            [24]  908 	mov	r0, dpl
      00050D AF 83            [24]  909 	mov	r7, dph
      00050F D0 01            [24]  910 	pop	ar1
      000511 D0 02            [24]  911 	pop	ar2
      000513 D0 03            [24]  912 	pop	ar3
      000515 D0 04            [24]  913 	pop	ar4
      000517 7E 00            [12]  914 	mov	r6,#0x00
      000519 E9               [12]  915 	mov	a,r1
      00051A 24 D0            [12]  916 	add	a,#0xd0
      00051C F9               [12]  917 	mov	r1,a
      00051D EE               [12]  918 	mov	a,r6
      00051E 34 FF            [12]  919 	addc	a,#0xff
      000520 FE               [12]  920 	mov	r6,a
      000521 E9               [12]  921 	mov	a,r1
      000522 28               [12]  922 	add	a, r0
      000523 F8               [12]  923 	mov	r0,a
      000524 EE               [12]  924 	mov	a,r6
      000525 3F               [12]  925 	addc	a, r7
      000526 FF               [12]  926 	mov	r7,a
      000527 8A 82            [24]  927 	mov	dpl,r2
      000529 8B 83            [24]  928 	mov	dph,r3
      00052B 8C F0            [24]  929 	mov	b,r4
      00052D E8               [12]  930 	mov	a,r0
      00052E 12r00r00         [24]  931 	lcall	__gptrput
      000531 A3               [24]  932 	inc	dptr
      000532 EF               [12]  933 	mov	a,r7
      000533 12r00r00         [24]  934 	lcall	__gptrput
                                    935 ;	src\json.c:73: p++;
      000536 05*18            [12]  936 	inc	_parse_json_p_10000_3
      000538 E4               [12]  937 	clr	a
      000539 B5*18 99         [24]  938 	cjne	a,_parse_json_p_10000_3,00170$
      00053C 05*19            [12]  939 	inc	(_parse_json_p_10000_3 + 1)
      00053E 80 95            [24]  940 	sjmp	00170$
      000540                        941 00172$:
                                    942 ;	src\json.c:76: return 1; // parse thành công
      000540 75 82 01         [24]  943 	mov	dpl, #0x01
                                    944 ;	src\json.c:77: }
      000543 22               [24]  945 	ret
                                    946 	.area CSEG    (CODE)
                                    947 	.area CONST   (CODE)
                                    948 	.area XINIT   (CODE)
                                    949 	.area CABS    (ABS,CODE)
