                                      1 ;--------------------------------------------------------
                                      2 ; File Created by SDCC : free open source ISO C Compiler
                                      3 ; Version 4.5.10 #15664 (MINGW32)
                                      4 ;--------------------------------------------------------
                                      5 	.module main
                                      6 	
                                      7 	.optsdcc -mmcs51 --model-small
                                      8 ;--------------------------------------------------------
                                      9 ; Public variables in this module
                                     10 ;--------------------------------------------------------
                                     11 	.globl _main
                                     12 	.globl _Send_Hex_Format
                                     13 	.globl _Send_Binary_String
                                     14 	.globl _Send_JSON_Format
                                     15 	.globl _Send_Individual_Values
                                     16 	.globl _Send_Pattern_Decimal
                                     17 	.globl _Get_Line_Pattern
                                     18 	.globl _Read_Line_Sensors
                                     19 	.globl _UART_Init
                                     20 	.globl _GPIO_Init
                                     21 	.globl _Timer0_Delay1ms
                                     22 	.globl _InitialUART0_Timer1
                                     23 	.globl _printf
                                     24 	.globl _MOSI
                                     25 	.globl _P00
                                     26 	.globl _MISO
                                     27 	.globl _P01
                                     28 	.globl _RXD_1
                                     29 	.globl _P02
                                     30 	.globl _P03
                                     31 	.globl _STADC
                                     32 	.globl _P04
                                     33 	.globl _P05
                                     34 	.globl _TXD
                                     35 	.globl _P06
                                     36 	.globl _RXD
                                     37 	.globl _P07
                                     38 	.globl _IT0
                                     39 	.globl _IE0
                                     40 	.globl _IT1
                                     41 	.globl _IE1
                                     42 	.globl _TR0
                                     43 	.globl _TF0
                                     44 	.globl _TR1
                                     45 	.globl _TF1
                                     46 	.globl _P10
                                     47 	.globl _P11
                                     48 	.globl _P12
                                     49 	.globl _SCL
                                     50 	.globl _P13
                                     51 	.globl _SDA
                                     52 	.globl _P14
                                     53 	.globl _P15
                                     54 	.globl _TXD_1
                                     55 	.globl _P16
                                     56 	.globl _P17
                                     57 	.globl _RI
                                     58 	.globl _TI
                                     59 	.globl _RB8
                                     60 	.globl _TB8
                                     61 	.globl _REN
                                     62 	.globl _SM2
                                     63 	.globl _SM1
                                     64 	.globl _FE
                                     65 	.globl _SM0
                                     66 	.globl _P20
                                     67 	.globl _EX0
                                     68 	.globl _ET0
                                     69 	.globl _EX1
                                     70 	.globl _ET1
                                     71 	.globl _ES
                                     72 	.globl _EBOD
                                     73 	.globl _EADC
                                     74 	.globl _EA
                                     75 	.globl _P30
                                     76 	.globl _PX0
                                     77 	.globl _PT0
                                     78 	.globl _PX1
                                     79 	.globl _PT1
                                     80 	.globl _PS
                                     81 	.globl _PBOD
                                     82 	.globl _PADC
                                     83 	.globl _I2CPX
                                     84 	.globl _AA
                                     85 	.globl _SI
                                     86 	.globl _STO
                                     87 	.globl _STA
                                     88 	.globl _I2CEN
                                     89 	.globl _CM_RL2
                                     90 	.globl _TR2
                                     91 	.globl _TF2
                                     92 	.globl _P
                                     93 	.globl _OV
                                     94 	.globl _RS0
                                     95 	.globl _RS1
                                     96 	.globl _F0
                                     97 	.globl _AC
                                     98 	.globl _CY
                                     99 	.globl _CLRPWM
                                    100 	.globl _PWMF
                                    101 	.globl _LOAD
                                    102 	.globl _PWMRUN
                                    103 	.globl _ADCHS0
                                    104 	.globl _ADCHS1
                                    105 	.globl _ADCHS2
                                    106 	.globl _ADCHS3
                                    107 	.globl _ETGSEL0
                                    108 	.globl _ETGSEL1
                                    109 	.globl _ADCS
                                    110 	.globl _ADCF
                                    111 	.globl _RI_1
                                    112 	.globl _TI_1
                                    113 	.globl _RB8_1
                                    114 	.globl _TB8_1
                                    115 	.globl _REN_1
                                    116 	.globl _SM2_1
                                    117 	.globl _SM1_1
                                    118 	.globl _FE_1
                                    119 	.globl _SM0_1
                                    120 	.globl _EIPH1
                                    121 	.globl _EIP1
                                    122 	.globl _PMD
                                    123 	.globl _PMEN
                                    124 	.globl _PDTCNT
                                    125 	.globl _PDTEN
                                    126 	.globl _SCON_1
                                    127 	.globl _EIPH
                                    128 	.globl _AINDIDS
                                    129 	.globl _SPDR
                                    130 	.globl _SPSR
                                    131 	.globl _SPCR2
                                    132 	.globl _SPCR
                                    133 	.globl _CAPCON4
                                    134 	.globl _CAPCON3
                                    135 	.globl _B
                                    136 	.globl _EIP
                                    137 	.globl _C2H
                                    138 	.globl _C2L
                                    139 	.globl _PIF
                                    140 	.globl _PIPEN
                                    141 	.globl _PINEN
                                    142 	.globl _PICON
                                    143 	.globl _ADCCON0
                                    144 	.globl _C1H
                                    145 	.globl _C1L
                                    146 	.globl _C0H
                                    147 	.globl _C0L
                                    148 	.globl _ADCDLY
                                    149 	.globl _ADCCON2
                                    150 	.globl _ADCCON1
                                    151 	.globl _ACC
                                    152 	.globl _PWMCON1
                                    153 	.globl _PIOCON0
                                    154 	.globl _PWM3L
                                    155 	.globl _PWM2L
                                    156 	.globl _PWM1L
                                    157 	.globl _PWM0L
                                    158 	.globl _PWMPL
                                    159 	.globl _PWMCON0
                                    160 	.globl _FBD
                                    161 	.globl _PNP
                                    162 	.globl _PWM3H
                                    163 	.globl _PWM2H
                                    164 	.globl _PWM1H
                                    165 	.globl _PWM0H
                                    166 	.globl _PWMPH
                                    167 	.globl _PSW
                                    168 	.globl _ADCMPH
                                    169 	.globl _ADCMPL
                                    170 	.globl _PWM5L
                                    171 	.globl _TH2
                                    172 	.globl _PWM4L
                                    173 	.globl _TL2
                                    174 	.globl _RCMP2H
                                    175 	.globl _RCMP2L
                                    176 	.globl _T2MOD
                                    177 	.globl _T2CON
                                    178 	.globl _TA
                                    179 	.globl _PIOCON1
                                    180 	.globl _RH3
                                    181 	.globl _PWM5H
                                    182 	.globl _RL3
                                    183 	.globl _PWM4H
                                    184 	.globl _T3CON
                                    185 	.globl _ADCRH
                                    186 	.globl _ADCRL
                                    187 	.globl _I2ADDR
                                    188 	.globl _I2CON
                                    189 	.globl _I2TOC
                                    190 	.globl _I2CLK
                                    191 	.globl _I2STAT
                                    192 	.globl _I2DAT
                                    193 	.globl _SADDR_1
                                    194 	.globl _SADEN_1
                                    195 	.globl _SADEN
                                    196 	.globl _IP
                                    197 	.globl _PWMINTC
                                    198 	.globl _IPH
                                    199 	.globl _P2S
                                    200 	.globl _P1SR
                                    201 	.globl _P1M2
                                    202 	.globl _P1S
                                    203 	.globl _P1M1
                                    204 	.globl _P0SR
                                    205 	.globl _P0M2
                                    206 	.globl _P0S
                                    207 	.globl _P0M1
                                    208 	.globl _P3
                                    209 	.globl _IAPCN
                                    210 	.globl _IAPFD
                                    211 	.globl _P3SR
                                    212 	.globl _P3M2
                                    213 	.globl _P3S
                                    214 	.globl _P3M1
                                    215 	.globl _BODCON1
                                    216 	.globl _WDCON
                                    217 	.globl _SADDR
                                    218 	.globl _IE
                                    219 	.globl _IAPAH
                                    220 	.globl _IAPAL
                                    221 	.globl _IAPUEN
                                    222 	.globl _IAPTRG
                                    223 	.globl _BODCON0
                                    224 	.globl _AUXR1
                                    225 	.globl _P2
                                    226 	.globl _CHPCON
                                    227 	.globl _EIE1
                                    228 	.globl _EIE
                                    229 	.globl _SBUF_1
                                    230 	.globl _SBUF
                                    231 	.globl _SCON
                                    232 	.globl _CKEN
                                    233 	.globl _CKSWT
                                    234 	.globl _CKDIV
                                    235 	.globl _CAPCON2
                                    236 	.globl _CAPCON1
                                    237 	.globl _CAPCON0
                                    238 	.globl _SFRS
                                    239 	.globl _P1
                                    240 	.globl _WKCON
                                    241 	.globl _CKCON
                                    242 	.globl _TH1
                                    243 	.globl _TH0
                                    244 	.globl _TL1
                                    245 	.globl _TL0
                                    246 	.globl _TMOD
                                    247 	.globl _TCON
                                    248 	.globl _PCON
                                    249 	.globl _RWK
                                    250 	.globl _RCTRIM1
                                    251 	.globl _RCTRIM0
                                    252 	.globl _DPH
                                    253 	.globl _DPL
                                    254 	.globl _SP
                                    255 	.globl _P0
                                    256 	.globl _line_pattern
                                    257 	.globl _line_sensors
                                    258 	.globl _putchar
                                    259 ;--------------------------------------------------------
                                    260 ; special function registers
                                    261 ;--------------------------------------------------------
                                    262 	.area RSEG    (ABS,DATA)
      000000                        263 	.org 0x0000
                           000080   264 _P0	=	0x0080
                           000081   265 _SP	=	0x0081
                           000082   266 _DPL	=	0x0082
                           000083   267 _DPH	=	0x0083
                           000084   268 _RCTRIM0	=	0x0084
                           000085   269 _RCTRIM1	=	0x0085
                           000086   270 _RWK	=	0x0086
                           000087   271 _PCON	=	0x0087
                           000088   272 _TCON	=	0x0088
                           000089   273 _TMOD	=	0x0089
                           00008A   274 _TL0	=	0x008a
                           00008B   275 _TL1	=	0x008b
                           00008C   276 _TH0	=	0x008c
                           00008D   277 _TH1	=	0x008d
                           00008E   278 _CKCON	=	0x008e
                           00008F   279 _WKCON	=	0x008f
                           000090   280 _P1	=	0x0090
                           000091   281 _SFRS	=	0x0091
                           000092   282 _CAPCON0	=	0x0092
                           000093   283 _CAPCON1	=	0x0093
                           000094   284 _CAPCON2	=	0x0094
                           000095   285 _CKDIV	=	0x0095
                           000096   286 _CKSWT	=	0x0096
                           000097   287 _CKEN	=	0x0097
                           000098   288 _SCON	=	0x0098
                           000099   289 _SBUF	=	0x0099
                           00009A   290 _SBUF_1	=	0x009a
                           00009B   291 _EIE	=	0x009b
                           00009C   292 _EIE1	=	0x009c
                           00009F   293 _CHPCON	=	0x009f
                           0000A0   294 _P2	=	0x00a0
                           0000A2   295 _AUXR1	=	0x00a2
                           0000A3   296 _BODCON0	=	0x00a3
                           0000A4   297 _IAPTRG	=	0x00a4
                           0000A5   298 _IAPUEN	=	0x00a5
                           0000A6   299 _IAPAL	=	0x00a6
                           0000A7   300 _IAPAH	=	0x00a7
                           0000A8   301 _IE	=	0x00a8
                           0000A9   302 _SADDR	=	0x00a9
                           0000AA   303 _WDCON	=	0x00aa
                           0000AB   304 _BODCON1	=	0x00ab
                           0000AC   305 _P3M1	=	0x00ac
                           0000AC   306 _P3S	=	0x00ac
                           0000AD   307 _P3M2	=	0x00ad
                           0000AD   308 _P3SR	=	0x00ad
                           0000AE   309 _IAPFD	=	0x00ae
                           0000AF   310 _IAPCN	=	0x00af
                           0000B0   311 _P3	=	0x00b0
                           0000B1   312 _P0M1	=	0x00b1
                           0000B1   313 _P0S	=	0x00b1
                           0000B2   314 _P0M2	=	0x00b2
                           0000B2   315 _P0SR	=	0x00b2
                           0000B3   316 _P1M1	=	0x00b3
                           0000B3   317 _P1S	=	0x00b3
                           0000B4   318 _P1M2	=	0x00b4
                           0000B4   319 _P1SR	=	0x00b4
                           0000B5   320 _P2S	=	0x00b5
                           0000B7   321 _IPH	=	0x00b7
                           0000B7   322 _PWMINTC	=	0x00b7
                           0000B8   323 _IP	=	0x00b8
                           0000B9   324 _SADEN	=	0x00b9
                           0000BA   325 _SADEN_1	=	0x00ba
                           0000BB   326 _SADDR_1	=	0x00bb
                           0000BC   327 _I2DAT	=	0x00bc
                           0000BD   328 _I2STAT	=	0x00bd
                           0000BE   329 _I2CLK	=	0x00be
                           0000BF   330 _I2TOC	=	0x00bf
                           0000C0   331 _I2CON	=	0x00c0
                           0000C1   332 _I2ADDR	=	0x00c1
                           0000C2   333 _ADCRL	=	0x00c2
                           0000C3   334 _ADCRH	=	0x00c3
                           0000C4   335 _T3CON	=	0x00c4
                           0000C4   336 _PWM4H	=	0x00c4
                           0000C5   337 _RL3	=	0x00c5
                           0000C5   338 _PWM5H	=	0x00c5
                           0000C6   339 _RH3	=	0x00c6
                           0000C6   340 _PIOCON1	=	0x00c6
                           0000C7   341 _TA	=	0x00c7
                           0000C8   342 _T2CON	=	0x00c8
                           0000C9   343 _T2MOD	=	0x00c9
                           0000CA   344 _RCMP2L	=	0x00ca
                           0000CB   345 _RCMP2H	=	0x00cb
                           0000CC   346 _TL2	=	0x00cc
                           0000CC   347 _PWM4L	=	0x00cc
                           0000CD   348 _TH2	=	0x00cd
                           0000CD   349 _PWM5L	=	0x00cd
                           0000CE   350 _ADCMPL	=	0x00ce
                           0000CF   351 _ADCMPH	=	0x00cf
                           0000D0   352 _PSW	=	0x00d0
                           0000D1   353 _PWMPH	=	0x00d1
                           0000D2   354 _PWM0H	=	0x00d2
                           0000D3   355 _PWM1H	=	0x00d3
                           0000D4   356 _PWM2H	=	0x00d4
                           0000D5   357 _PWM3H	=	0x00d5
                           0000D6   358 _PNP	=	0x00d6
                           0000D7   359 _FBD	=	0x00d7
                           0000D8   360 _PWMCON0	=	0x00d8
                           0000D9   361 _PWMPL	=	0x00d9
                           0000DA   362 _PWM0L	=	0x00da
                           0000DB   363 _PWM1L	=	0x00db
                           0000DC   364 _PWM2L	=	0x00dc
                           0000DD   365 _PWM3L	=	0x00dd
                           0000DE   366 _PIOCON0	=	0x00de
                           0000DF   367 _PWMCON1	=	0x00df
                           0000E0   368 _ACC	=	0x00e0
                           0000E1   369 _ADCCON1	=	0x00e1
                           0000E2   370 _ADCCON2	=	0x00e2
                           0000E3   371 _ADCDLY	=	0x00e3
                           0000E4   372 _C0L	=	0x00e4
                           0000E5   373 _C0H	=	0x00e5
                           0000E6   374 _C1L	=	0x00e6
                           0000E7   375 _C1H	=	0x00e7
                           0000E8   376 _ADCCON0	=	0x00e8
                           0000E9   377 _PICON	=	0x00e9
                           0000EA   378 _PINEN	=	0x00ea
                           0000EB   379 _PIPEN	=	0x00eb
                           0000EC   380 _PIF	=	0x00ec
                           0000ED   381 _C2L	=	0x00ed
                           0000EE   382 _C2H	=	0x00ee
                           0000EF   383 _EIP	=	0x00ef
                           0000F0   384 _B	=	0x00f0
                           0000F1   385 _CAPCON3	=	0x00f1
                           0000F2   386 _CAPCON4	=	0x00f2
                           0000F3   387 _SPCR	=	0x00f3
                           0000F3   388 _SPCR2	=	0x00f3
                           0000F4   389 _SPSR	=	0x00f4
                           0000F5   390 _SPDR	=	0x00f5
                           0000F6   391 _AINDIDS	=	0x00f6
                           0000F7   392 _EIPH	=	0x00f7
                           0000F8   393 _SCON_1	=	0x00f8
                           0000F9   394 _PDTEN	=	0x00f9
                           0000FA   395 _PDTCNT	=	0x00fa
                           0000FB   396 _PMEN	=	0x00fb
                           0000FC   397 _PMD	=	0x00fc
                           0000FE   398 _EIP1	=	0x00fe
                           0000FF   399 _EIPH1	=	0x00ff
                                    400 ;--------------------------------------------------------
                                    401 ; special function bits
                                    402 ;--------------------------------------------------------
                                    403 	.area RSEG    (ABS,DATA)
      000000                        404 	.org 0x0000
                           0000FF   405 _SM0_1	=	0x00ff
                           0000FF   406 _FE_1	=	0x00ff
                           0000FE   407 _SM1_1	=	0x00fe
                           0000FD   408 _SM2_1	=	0x00fd
                           0000FC   409 _REN_1	=	0x00fc
                           0000FB   410 _TB8_1	=	0x00fb
                           0000FA   411 _RB8_1	=	0x00fa
                           0000F9   412 _TI_1	=	0x00f9
                           0000F8   413 _RI_1	=	0x00f8
                           0000EF   414 _ADCF	=	0x00ef
                           0000EE   415 _ADCS	=	0x00ee
                           0000ED   416 _ETGSEL1	=	0x00ed
                           0000EC   417 _ETGSEL0	=	0x00ec
                           0000EB   418 _ADCHS3	=	0x00eb
                           0000EA   419 _ADCHS2	=	0x00ea
                           0000E9   420 _ADCHS1	=	0x00e9
                           0000E8   421 _ADCHS0	=	0x00e8
                           0000DF   422 _PWMRUN	=	0x00df
                           0000DE   423 _LOAD	=	0x00de
                           0000DD   424 _PWMF	=	0x00dd
                           0000DC   425 _CLRPWM	=	0x00dc
                           0000D7   426 _CY	=	0x00d7
                           0000D6   427 _AC	=	0x00d6
                           0000D5   428 _F0	=	0x00d5
                           0000D4   429 _RS1	=	0x00d4
                           0000D3   430 _RS0	=	0x00d3
                           0000D2   431 _OV	=	0x00d2
                           0000D0   432 _P	=	0x00d0
                           0000CF   433 _TF2	=	0x00cf
                           0000CA   434 _TR2	=	0x00ca
                           0000C8   435 _CM_RL2	=	0x00c8
                           0000C6   436 _I2CEN	=	0x00c6
                           0000C5   437 _STA	=	0x00c5
                           0000C4   438 _STO	=	0x00c4
                           0000C3   439 _SI	=	0x00c3
                           0000C2   440 _AA	=	0x00c2
                           0000C0   441 _I2CPX	=	0x00c0
                           0000BE   442 _PADC	=	0x00be
                           0000BD   443 _PBOD	=	0x00bd
                           0000BC   444 _PS	=	0x00bc
                           0000BB   445 _PT1	=	0x00bb
                           0000BA   446 _PX1	=	0x00ba
                           0000B9   447 _PT0	=	0x00b9
                           0000B8   448 _PX0	=	0x00b8
                           0000B0   449 _P30	=	0x00b0
                           0000AF   450 _EA	=	0x00af
                           0000AE   451 _EADC	=	0x00ae
                           0000AD   452 _EBOD	=	0x00ad
                           0000AC   453 _ES	=	0x00ac
                           0000AB   454 _ET1	=	0x00ab
                           0000AA   455 _EX1	=	0x00aa
                           0000A9   456 _ET0	=	0x00a9
                           0000A8   457 _EX0	=	0x00a8
                           0000A0   458 _P20	=	0x00a0
                           00009F   459 _SM0	=	0x009f
                           00009F   460 _FE	=	0x009f
                           00009E   461 _SM1	=	0x009e
                           00009D   462 _SM2	=	0x009d
                           00009C   463 _REN	=	0x009c
                           00009B   464 _TB8	=	0x009b
                           00009A   465 _RB8	=	0x009a
                           000099   466 _TI	=	0x0099
                           000098   467 _RI	=	0x0098
                           000097   468 _P17	=	0x0097
                           000096   469 _P16	=	0x0096
                           000096   470 _TXD_1	=	0x0096
                           000095   471 _P15	=	0x0095
                           000094   472 _P14	=	0x0094
                           000094   473 _SDA	=	0x0094
                           000093   474 _P13	=	0x0093
                           000093   475 _SCL	=	0x0093
                           000092   476 _P12	=	0x0092
                           000091   477 _P11	=	0x0091
                           000090   478 _P10	=	0x0090
                           00008F   479 _TF1	=	0x008f
                           00008E   480 _TR1	=	0x008e
                           00008D   481 _TF0	=	0x008d
                           00008C   482 _TR0	=	0x008c
                           00008B   483 _IE1	=	0x008b
                           00008A   484 _IT1	=	0x008a
                           000089   485 _IE0	=	0x0089
                           000088   486 _IT0	=	0x0088
                           000087   487 _P07	=	0x0087
                           000087   488 _RXD	=	0x0087
                           000086   489 _P06	=	0x0086
                           000086   490 _TXD	=	0x0086
                           000085   491 _P05	=	0x0085
                           000084   492 _P04	=	0x0084
                           000084   493 _STADC	=	0x0084
                           000083   494 _P03	=	0x0083
                           000082   495 _P02	=	0x0082
                           000082   496 _RXD_1	=	0x0082
                           000081   497 _P01	=	0x0081
                           000081   498 _MISO	=	0x0081
                           000080   499 _P00	=	0x0080
                           000080   500 _MOSI	=	0x0080
                                    501 ;--------------------------------------------------------
                                    502 ; overlayable register banks
                                    503 ;--------------------------------------------------------
                                    504 	.area REG_BANK_0	(REL,OVR,DATA)
      000000                        505 	.ds 8
                                    506 ;--------------------------------------------------------
                                    507 ; internal ram data
                                    508 ;--------------------------------------------------------
                                    509 	.area DSEG    (DATA)
      000000                        510 _line_sensors::
      000000                        511 	.ds 11
      00000B                        512 _line_pattern::
      00000B                        513 	.ds 2
                                    514 ;--------------------------------------------------------
                                    515 ; overlayable items in internal ram
                                    516 ;--------------------------------------------------------
                                    517 	.area	OSEG    (OVR,DATA)
                                    518 	.area	OSEG    (OVR,DATA)
                                    519 ;--------------------------------------------------------
                                    520 ; Stack segment in internal ram
                                    521 ;--------------------------------------------------------
                                    522 	.area SSEG
      000000                        523 __start__stack:
      000000                        524 	.ds	1
                                    525 
                                    526 ;--------------------------------------------------------
                                    527 ; indirectly addressable internal ram data
                                    528 ;--------------------------------------------------------
                                    529 	.area ISEG    (DATA)
                                    530 ;--------------------------------------------------------
                                    531 ; absolute internal ram data
                                    532 ;--------------------------------------------------------
                                    533 	.area IABS    (ABS,DATA)
                                    534 	.area IABS    (ABS,DATA)
                                    535 ;--------------------------------------------------------
                                    536 ; bit data
                                    537 ;--------------------------------------------------------
                                    538 	.area BSEG    (BIT)
                                    539 ;--------------------------------------------------------
                                    540 ; paged external ram data
                                    541 ;--------------------------------------------------------
                                    542 	.area PSEG    (PAG,XDATA)
                                    543 ;--------------------------------------------------------
                                    544 ; uninitialized external ram data
                                    545 ;--------------------------------------------------------
                                    546 	.area XSEG    (XDATA)
                                    547 ;--------------------------------------------------------
                                    548 ; absolute external ram data
                                    549 ;--------------------------------------------------------
                                    550 	.area XABS    (ABS,XDATA)
                                    551 ;--------------------------------------------------------
                                    552 ; initialized external ram data
                                    553 ;--------------------------------------------------------
                                    554 	.area HOME    (CODE)
                                    555 	.area GSINIT0 (CODE)
                                    556 	.area GSINIT1 (CODE)
                                    557 	.area GSINIT2 (CODE)
                                    558 	.area GSINIT3 (CODE)
                                    559 	.area GSINIT4 (CODE)
                                    560 	.area GSINIT5 (CODE)
                                    561 	.area GSINIT  (CODE)
                                    562 	.area GSFINAL (CODE)
                                    563 	.area CSEG    (CODE)
                                    564 ;--------------------------------------------------------
                                    565 ; interrupt vector
                                    566 ;--------------------------------------------------------
                                    567 	.area HOME    (CODE)
      000000                        568 __interrupt_vect:
      000000 02r00r00         [24]  569 	ljmp	__sdcc_gsinit_startup
                                    570 ; restartable atomic support routines
      000003                        571 	.ds	5
      000008                        572 sdcc_atomic_exchange_rollback_start::
      000008 00               [12]  573 	nop
      000009 00               [12]  574 	nop
      00000A                        575 sdcc_atomic_exchange_pdata_impl:
      00000A E2               [24]  576 	movx	a, @r0
      00000B FB               [12]  577 	mov	r3, a
      00000C EA               [12]  578 	mov	a, r2
      00000D F2               [24]  579 	movx	@r0, a
      00000E 80 2C            [24]  580 	sjmp	sdcc_atomic_exchange_exit
      000010 00               [12]  581 	nop
      000011 00               [12]  582 	nop
      000012                        583 sdcc_atomic_exchange_xdata_impl:
      000012 E0               [24]  584 	movx	a, @dptr
      000013 FB               [12]  585 	mov	r3, a
      000014 EA               [12]  586 	mov	a, r2
      000015 F0               [24]  587 	movx	@dptr, a
      000016 80 24            [24]  588 	sjmp	sdcc_atomic_exchange_exit
      000018                        589 sdcc_atomic_compare_exchange_idata_impl:
      000018 E6               [12]  590 	mov	a, @r0
      000019 B5 02 02         [24]  591 	cjne	a, ar2, .+#5
      00001C EB               [12]  592 	mov	a, r3
      00001D F6               [12]  593 	mov	@r0, a
      00001E 22               [24]  594 	ret
      00001F 00               [12]  595 	nop
      000020                        596 sdcc_atomic_compare_exchange_pdata_impl:
      000020 E2               [24]  597 	movx	a, @r0
      000021 B5 02 02         [24]  598 	cjne	a, ar2, .+#5
      000024 EB               [12]  599 	mov	a, r3
      000025 F2               [24]  600 	movx	@r0, a
      000026 22               [24]  601 	ret
      000027 00               [12]  602 	nop
      000028                        603 sdcc_atomic_compare_exchange_xdata_impl:
      000028 E0               [24]  604 	movx	a, @dptr
      000029 B5 02 02         [24]  605 	cjne	a, ar2, .+#5
      00002C EB               [12]  606 	mov	a, r3
      00002D F0               [24]  607 	movx	@dptr, a
      00002E 22               [24]  608 	ret
      00002F                        609 sdcc_atomic_exchange_rollback_end::
                                    610 
      00002F                        611 sdcc_atomic_exchange_gptr_impl::
      00002F 30 F6 E0         [24]  612 	jnb	b.6, sdcc_atomic_exchange_xdata_impl
      000032 A8 82            [24]  613 	mov	r0, dpl
      000034 20 F5 D3         [24]  614 	jb	b.5, sdcc_atomic_exchange_pdata_impl
      000037                        615 sdcc_atomic_exchange_idata_impl:
      000037 EA               [12]  616 	mov	a, r2
      000038 C6               [12]  617 	xch	a, @r0
      000039 F5 82            [12]  618 	mov	dpl, a
      00003B 22               [24]  619 	ret
      00003C                        620 sdcc_atomic_exchange_exit:
      00003C 8B 82            [24]  621 	mov	dpl, r3
      00003E 22               [24]  622 	ret
      00003F                        623 sdcc_atomic_compare_exchange_gptr_impl::
      00003F 30 F6 E6         [24]  624 	jnb	b.6, sdcc_atomic_compare_exchange_xdata_impl
      000042 A8 82            [24]  625 	mov	r0, dpl
      000044 20 F5 D9         [24]  626 	jb	b.5, sdcc_atomic_compare_exchange_pdata_impl
      000047 80 CF            [24]  627 	sjmp	sdcc_atomic_compare_exchange_idata_impl
                                    628 ;--------------------------------------------------------
                                    629 ; global & static initialisations
                                    630 ;--------------------------------------------------------
                                    631 	.area HOME    (CODE)
                                    632 	.area GSINIT  (CODE)
                                    633 	.area GSFINAL (CODE)
                                    634 	.area GSINIT  (CODE)
                                    635 	.globl __sdcc_gsinit_startup
                                    636 	.globl __sdcc_program_startup
                                    637 	.globl __start__stack
                                    638 	.globl __mcs51_genRAMCLEAR
                                    639 ;	src/main.c:23: unsigned int line_pattern = 0;
      000000 E4               [12]  640 	clr	a
      000001 F5*0B            [12]  641 	mov	_line_pattern,a
      000003 F5*0C            [12]  642 	mov	(_line_pattern + 1),a
                                    643 	.area GSFINAL (CODE)
      000000 02r00r49         [24]  644 	ljmp	__sdcc_program_startup
                                    645 ;--------------------------------------------------------
                                    646 ; Home
                                    647 ;--------------------------------------------------------
                                    648 	.area HOME    (CODE)
                                    649 	.area HOME    (CODE)
      000049                        650 __sdcc_program_startup:
      000049 02r03r76         [24]  651 	ljmp	_main
                                    652 ;	return from main will return to caller
                                    653 ;--------------------------------------------------------
                                    654 ; code
                                    655 ;--------------------------------------------------------
                                    656 	.area CSEG    (CODE)
                                    657 ;------------------------------------------------------------
                                    658 ;Allocation info for local variables in function 'putchar'
                                    659 ;------------------------------------------------------------
                                    660 ;c             Allocated to registers r6 r7 
                                    661 ;------------------------------------------------------------
                                    662 ;	src/main.c:14: int putchar(int c) {
                                    663 ;	-----------------------------------------
                                    664 ;	 function putchar
                                    665 ;	-----------------------------------------
      000000                        666 _putchar:
                           000007   667 	ar7 = 0x07
                           000006   668 	ar6 = 0x06
                           000005   669 	ar5 = 0x05
                           000004   670 	ar4 = 0x04
                           000003   671 	ar3 = 0x03
                           000002   672 	ar2 = 0x02
                           000001   673 	ar1 = 0x01
                           000000   674 	ar0 = 0x00
      000000 AE 82            [24]  675 	mov	r6, dpl
      000002 AF 83            [24]  676 	mov	r7, dph
                                    677 ;	src/main.c:15: while (!TI);
      000004                        678 00101$:
                                    679 ;	src/main.c:16: TI = 0;
                                    680 ;	assignBit
      000004 10 99 02         [24]  681 	jbc	_TI,00118$
      000007 80 FB            [24]  682 	sjmp	00101$
      000009                        683 00118$:
                                    684 ;	src/main.c:17: SBUF = c;
      000009 8E 99            [24]  685 	mov	_SBUF,r6
                                    686 ;	src/main.c:18: return c;
      00000B 8E 82            [24]  687 	mov	dpl, r6
      00000D 8F 83            [24]  688 	mov	dph, r7
                                    689 ;	src/main.c:19: }
      00000F 22               [24]  690 	ret
                                    691 ;------------------------------------------------------------
                                    692 ;Allocation info for local variables in function 'GPIO_Init'
                                    693 ;------------------------------------------------------------
                                    694 ;	src/main.c:28: void GPIO_Init(void)
                                    695 ;	-----------------------------------------
                                    696 ;	 function GPIO_Init
                                    697 ;	-----------------------------------------
      000010                        698 _GPIO_Init:
                                    699 ;	src/main.c:31: P15_Input_Mode;
      000010 43 B3 20         [24]  700 	orl	_P1M1,#0x20
      000013 53 B4 DF         [24]  701 	anl	_P1M2,#0xdf
                                    702 ;	src/main.c:32: set_P1S_5;
                                    703 ;	assignBit
      000016 A2 AF            [12]  704 	mov	c,_EA
      000018 92*00            [24]  705 	mov	_BIT_TMP,c
      00001A 75 C7 AA         [24]  706 	mov	_TA,#0xaa
      00001D 75 C7 55         [24]  707 	mov	_TA,#0x55
      000020 75 91 01         [24]  708 	mov	_SFRS,#0x01
      000023 43 B3 20         [24]  709 	orl	_P1S,#0x20
      000026 75 C7 AA         [24]  710 	mov	_TA,#0xaa
      000029 75 C7 55         [24]  711 	mov	_TA,#0x55
      00002C 75 91 00         [24]  712 	mov	_SFRS,#0x00
                                    713 ;	assignBit
      00002F A2*00            [12]  714 	mov	c,_BIT_TMP
      000031 92 AF            [24]  715 	mov	_EA,c
                                    716 ;	src/main.c:35: P05_Input_Mode;
      000033 43 B1 20         [24]  717 	orl	_P0M1,#0x20
      000036 53 B2 DF         [24]  718 	anl	_P0M2,#0xdf
                                    719 ;	src/main.c:36: set_P0S_5;
                                    720 ;	assignBit
      000039 A2 AF            [12]  721 	mov	c,_EA
      00003B 92*00            [24]  722 	mov	_BIT_TMP,c
      00003D 75 C7 AA         [24]  723 	mov	_TA,#0xaa
      000040 75 C7 55         [24]  724 	mov	_TA,#0x55
      000043 75 91 01         [24]  725 	mov	_SFRS,#0x01
      000046 43 B1 20         [24]  726 	orl	_P0S,#0x20
      000049 75 C7 AA         [24]  727 	mov	_TA,#0xaa
      00004C 75 C7 55         [24]  728 	mov	_TA,#0x55
      00004F 75 91 00         [24]  729 	mov	_SFRS,#0x00
                                    730 ;	assignBit
      000052 A2*00            [12]  731 	mov	c,_BIT_TMP
      000054 92 AF            [24]  732 	mov	_EA,c
                                    733 ;	src/main.c:39: P04_Input_Mode;
      000056 43 B1 10         [24]  734 	orl	_P0M1,#0x10
      000059 53 B2 EF         [24]  735 	anl	_P0M2,#0xef
                                    736 ;	src/main.c:40: set_P0S_4;
                                    737 ;	assignBit
      00005C A2 AF            [12]  738 	mov	c,_EA
      00005E 92*00            [24]  739 	mov	_BIT_TMP,c
      000060 75 C7 AA         [24]  740 	mov	_TA,#0xaa
      000063 75 C7 55         [24]  741 	mov	_TA,#0x55
      000066 75 91 01         [24]  742 	mov	_SFRS,#0x01
      000069 43 B1 10         [24]  743 	orl	_P0S,#0x10
      00006C 75 C7 AA         [24]  744 	mov	_TA,#0xaa
      00006F 75 C7 55         [24]  745 	mov	_TA,#0x55
      000072 75 91 00         [24]  746 	mov	_SFRS,#0x00
                                    747 ;	assignBit
      000075 A2*00            [12]  748 	mov	c,_BIT_TMP
      000077 92 AF            [24]  749 	mov	_EA,c
                                    750 ;	src/main.c:43: P03_Input_Mode;
      000079 43 B1 08         [24]  751 	orl	_P0M1,#0x08
      00007C 53 B2 F7         [24]  752 	anl	_P0M2,#0xf7
                                    753 ;	src/main.c:44: set_P0S_3;
                                    754 ;	assignBit
      00007F A2 AF            [12]  755 	mov	c,_EA
      000081 92*00            [24]  756 	mov	_BIT_TMP,c
      000083 75 C7 AA         [24]  757 	mov	_TA,#0xaa
      000086 75 C7 55         [24]  758 	mov	_TA,#0x55
      000089 75 91 01         [24]  759 	mov	_SFRS,#0x01
      00008C 43 B1 08         [24]  760 	orl	_P0S,#0x08
      00008F 75 C7 AA         [24]  761 	mov	_TA,#0xaa
      000092 75 C7 55         [24]  762 	mov	_TA,#0x55
      000095 75 91 00         [24]  763 	mov	_SFRS,#0x00
                                    764 ;	assignBit
      000098 A2*00            [12]  765 	mov	c,_BIT_TMP
      00009A 92 AF            [24]  766 	mov	_EA,c
                                    767 ;	src/main.c:47: P01_Input_Mode;
      00009C 43 B1 02         [24]  768 	orl	_P0M1,#0x02
      00009F 53 B2 FD         [24]  769 	anl	_P0M2,#0xfd
                                    770 ;	src/main.c:48: set_P0S_1;
                                    771 ;	assignBit
      0000A2 A2 AF            [12]  772 	mov	c,_EA
      0000A4 92*00            [24]  773 	mov	_BIT_TMP,c
      0000A6 75 C7 AA         [24]  774 	mov	_TA,#0xaa
      0000A9 75 C7 55         [24]  775 	mov	_TA,#0x55
      0000AC 75 91 01         [24]  776 	mov	_SFRS,#0x01
      0000AF 43 B1 02         [24]  777 	orl	_P0S,#0x02
      0000B2 75 C7 AA         [24]  778 	mov	_TA,#0xaa
      0000B5 75 C7 55         [24]  779 	mov	_TA,#0x55
      0000B8 75 91 00         [24]  780 	mov	_SFRS,#0x00
                                    781 ;	assignBit
      0000BB A2*00            [12]  782 	mov	c,_BIT_TMP
      0000BD 92 AF            [24]  783 	mov	_EA,c
                                    784 ;	src/main.c:51: P00_Input_Mode;
      0000BF 43 B1 01         [24]  785 	orl	_P0M1,#0x01
      0000C2 53 B2 FE         [24]  786 	anl	_P0M2,#0xfe
                                    787 ;	src/main.c:52: set_P0S_0;
                                    788 ;	assignBit
      0000C5 A2 AF            [12]  789 	mov	c,_EA
      0000C7 92*00            [24]  790 	mov	_BIT_TMP,c
      0000C9 75 C7 AA         [24]  791 	mov	_TA,#0xaa
      0000CC 75 C7 55         [24]  792 	mov	_TA,#0x55
      0000CF 75 91 01         [24]  793 	mov	_SFRS,#0x01
      0000D2 43 B1 01         [24]  794 	orl	_P0S,#0x01
      0000D5 75 C7 AA         [24]  795 	mov	_TA,#0xaa
      0000D8 75 C7 55         [24]  796 	mov	_TA,#0x55
      0000DB 75 91 00         [24]  797 	mov	_SFRS,#0x00
                                    798 ;	assignBit
      0000DE A2*00            [12]  799 	mov	c,_BIT_TMP
      0000E0 92 AF            [24]  800 	mov	_EA,c
                                    801 ;	src/main.c:55: P10_Input_Mode;
      0000E2 43 B3 01         [24]  802 	orl	_P1M1,#0x01
      0000E5 53 B4 FE         [24]  803 	anl	_P1M2,#0xfe
                                    804 ;	src/main.c:56: set_P1S_0;
                                    805 ;	assignBit
      0000E8 A2 AF            [12]  806 	mov	c,_EA
      0000EA 92*00            [24]  807 	mov	_BIT_TMP,c
      0000EC 75 C7 AA         [24]  808 	mov	_TA,#0xaa
      0000EF 75 C7 55         [24]  809 	mov	_TA,#0x55
      0000F2 75 91 01         [24]  810 	mov	_SFRS,#0x01
      0000F5 43 B3 01         [24]  811 	orl	_P1S,#0x01
      0000F8 75 C7 AA         [24]  812 	mov	_TA,#0xaa
      0000FB 75 C7 55         [24]  813 	mov	_TA,#0x55
      0000FE 75 91 00         [24]  814 	mov	_SFRS,#0x00
                                    815 ;	assignBit
      000101 A2*00            [12]  816 	mov	c,_BIT_TMP
      000103 92 AF            [24]  817 	mov	_EA,c
                                    818 ;	src/main.c:59: P11_Input_Mode;
      000105 43 B3 02         [24]  819 	orl	_P1M1,#0x02
      000108 53 B4 FD         [24]  820 	anl	_P1M2,#0xfd
                                    821 ;	src/main.c:60: set_P1S_1;
                                    822 ;	assignBit
      00010B A2 AF            [12]  823 	mov	c,_EA
      00010D 92*00            [24]  824 	mov	_BIT_TMP,c
      00010F 75 C7 AA         [24]  825 	mov	_TA,#0xaa
      000112 75 C7 55         [24]  826 	mov	_TA,#0x55
      000115 75 91 01         [24]  827 	mov	_SFRS,#0x01
      000118 43 B3 02         [24]  828 	orl	_P1S,#0x02
      00011B 75 C7 AA         [24]  829 	mov	_TA,#0xaa
      00011E 75 C7 55         [24]  830 	mov	_TA,#0x55
      000121 75 91 00         [24]  831 	mov	_SFRS,#0x00
                                    832 ;	assignBit
      000124 A2*00            [12]  833 	mov	c,_BIT_TMP
      000126 92 AF            [24]  834 	mov	_EA,c
                                    835 ;	src/main.c:63: P12_Input_Mode;
      000128 43 B3 04         [24]  836 	orl	_P1M1,#0x04
      00012B 53 B4 FB         [24]  837 	anl	_P1M2,#0xfb
                                    838 ;	src/main.c:64: set_P1S_2;
                                    839 ;	assignBit
      00012E A2 AF            [12]  840 	mov	c,_EA
      000130 92*00            [24]  841 	mov	_BIT_TMP,c
      000132 75 C7 AA         [24]  842 	mov	_TA,#0xaa
      000135 75 C7 55         [24]  843 	mov	_TA,#0x55
      000138 75 91 01         [24]  844 	mov	_SFRS,#0x01
      00013B 43 B3 04         [24]  845 	orl	_P1S,#0x04
      00013E 75 C7 AA         [24]  846 	mov	_TA,#0xaa
      000141 75 C7 55         [24]  847 	mov	_TA,#0x55
      000144 75 91 00         [24]  848 	mov	_SFRS,#0x00
                                    849 ;	assignBit
      000147 A2*00            [12]  850 	mov	c,_BIT_TMP
      000149 92 AF            [24]  851 	mov	_EA,c
                                    852 ;	src/main.c:67: P13_Input_Mode;
      00014B 43 B3 08         [24]  853 	orl	_P1M1,#0x08
      00014E 53 B4 F7         [24]  854 	anl	_P1M2,#0xf7
                                    855 ;	src/main.c:68: set_P1S_3;
                                    856 ;	assignBit
      000151 A2 AF            [12]  857 	mov	c,_EA
      000153 92*00            [24]  858 	mov	_BIT_TMP,c
      000155 75 C7 AA         [24]  859 	mov	_TA,#0xaa
      000158 75 C7 55         [24]  860 	mov	_TA,#0x55
      00015B 75 91 01         [24]  861 	mov	_SFRS,#0x01
      00015E 43 B3 08         [24]  862 	orl	_P1S,#0x08
      000161 75 C7 AA         [24]  863 	mov	_TA,#0xaa
      000164 75 C7 55         [24]  864 	mov	_TA,#0x55
      000167 75 91 00         [24]  865 	mov	_SFRS,#0x00
                                    866 ;	assignBit
      00016A A2*00            [12]  867 	mov	c,_BIT_TMP
      00016C 92 AF            [24]  868 	mov	_EA,c
                                    869 ;	src/main.c:71: P14_Input_Mode;
      00016E 43 B3 10         [24]  870 	orl	_P1M1,#0x10
      000171 53 B4 EF         [24]  871 	anl	_P1M2,#0xef
                                    872 ;	src/main.c:72: set_P1S_4;
                                    873 ;	assignBit
      000174 A2 AF            [12]  874 	mov	c,_EA
      000176 92*00            [24]  875 	mov	_BIT_TMP,c
      000178 75 C7 AA         [24]  876 	mov	_TA,#0xaa
      00017B 75 C7 55         [24]  877 	mov	_TA,#0x55
      00017E 75 91 01         [24]  878 	mov	_SFRS,#0x01
      000181 43 B3 10         [24]  879 	orl	_P1S,#0x10
      000184 75 C7 AA         [24]  880 	mov	_TA,#0xaa
      000187 75 C7 55         [24]  881 	mov	_TA,#0x55
      00018A 75 91 00         [24]  882 	mov	_SFRS,#0x00
                                    883 ;	assignBit
      00018D A2*00            [12]  884 	mov	c,_BIT_TMP
      00018F 92 AF            [24]  885 	mov	_EA,c
                                    886 ;	src/main.c:73: }
      000191 22               [24]  887 	ret
                                    888 ;------------------------------------------------------------
                                    889 ;Allocation info for local variables in function 'UART_Init'
                                    890 ;------------------------------------------------------------
                                    891 ;	src/main.c:78: void UART_Init(void)
                                    892 ;	-----------------------------------------
                                    893 ;	 function UART_Init
                                    894 ;	-----------------------------------------
      000192                        895 _UART_Init:
                                    896 ;	src/main.c:80: InitialUART0_Timer1(115200);  // 115200 baud rate
      000192 90 C2 00         [24]  897 	mov	dptr,#0xc200
      000195 75 F0 01         [24]  898 	mov	b, #0x01
      000198 E4               [12]  899 	clr	a
      000199 12r00r00         [24]  900 	lcall	_InitialUART0_Timer1
                                    901 ;	src/main.c:82: P0M1 &= ~(1 << 6); 
      00019C 53 B1 BF         [24]  902 	anl	_P0M1,#0xbf
                                    903 ;	src/main.c:84: P0M2 |= (1 << 6);
      00019F 43 B2 40         [24]  904 	orl	_P0M2,#0x40
                                    905 ;	src/main.c:85: }
      0001A2 22               [24]  906 	ret
                                    907 ;------------------------------------------------------------
                                    908 ;Allocation info for local variables in function 'Read_Line_Sensors'
                                    909 ;------------------------------------------------------------
                                    910 ;	src/main.c:90: void Read_Line_Sensors(void)
                                    911 ;	-----------------------------------------
                                    912 ;	 function Read_Line_Sensors
                                    913 ;	-----------------------------------------
      0001A3                        914 _Read_Line_Sensors:
                                    915 ;	src/main.c:92: line_sensors[0]  = P15;  // LINE1
      0001A3 A2 95            [12]  916 	mov	c,_P15
      0001A5 E4               [12]  917 	clr	a
      0001A6 33               [12]  918 	rlc	a
      0001A7 F5*00            [12]  919 	mov	_line_sensors, a
                                    920 ;	src/main.c:93: line_sensors[1]  = P05;  // LINE2
      0001A9 A2 85            [12]  921 	mov	c,_P05
      0001AB E4               [12]  922 	clr	a
      0001AC 33               [12]  923 	rlc	a
      0001AD F5*01            [12]  924 	mov	(_line_sensors + 0x0001), a
                                    925 ;	src/main.c:94: line_sensors[2]  = P04;  // LINE3
      0001AF A2 84            [12]  926 	mov	c,_P04
      0001B1 E4               [12]  927 	clr	a
      0001B2 33               [12]  928 	rlc	a
      0001B3 F5*02            [12]  929 	mov	(_line_sensors + 0x0002), a
                                    930 ;	src/main.c:95: line_sensors[3]  = P03;  // LINE4
      0001B5 A2 83            [12]  931 	mov	c,_P03
      0001B7 E4               [12]  932 	clr	a
      0001B8 33               [12]  933 	rlc	a
      0001B9 F5*03            [12]  934 	mov	(_line_sensors + 0x0003), a
                                    935 ;	src/main.c:96: line_sensors[4]  = P01;  // LINE5
      0001BB A2 81            [12]  936 	mov	c,_P01
      0001BD E4               [12]  937 	clr	a
      0001BE 33               [12]  938 	rlc	a
      0001BF F5*04            [12]  939 	mov	(_line_sensors + 0x0004), a
                                    940 ;	src/main.c:97: line_sensors[5]  = P00;  // LINE6
      0001C1 A2 80            [12]  941 	mov	c,_P00
      0001C3 E4               [12]  942 	clr	a
      0001C4 33               [12]  943 	rlc	a
      0001C5 F5*05            [12]  944 	mov	(_line_sensors + 0x0005), a
                                    945 ;	src/main.c:98: line_sensors[6]  = P10;  // LINE7
      0001C7 A2 90            [12]  946 	mov	c,_P10
      0001C9 E4               [12]  947 	clr	a
      0001CA 33               [12]  948 	rlc	a
      0001CB F5*06            [12]  949 	mov	(_line_sensors + 0x0006), a
                                    950 ;	src/main.c:99: line_sensors[7]  = P11;  // LINE8
      0001CD A2 91            [12]  951 	mov	c,_P11
      0001CF E4               [12]  952 	clr	a
      0001D0 33               [12]  953 	rlc	a
      0001D1 F5*07            [12]  954 	mov	(_line_sensors + 0x0007), a
                                    955 ;	src/main.c:100: line_sensors[8]  = P12;  // LINE9
      0001D3 A2 92            [12]  956 	mov	c,_P12
      0001D5 E4               [12]  957 	clr	a
      0001D6 33               [12]  958 	rlc	a
      0001D7 F5*08            [12]  959 	mov	(_line_sensors + 0x0008), a
                                    960 ;	src/main.c:101: line_sensors[9]  = P13;  // LINE10
      0001D9 A2 93            [12]  961 	mov	c,_P13
      0001DB E4               [12]  962 	clr	a
      0001DC 33               [12]  963 	rlc	a
      0001DD F5*09            [12]  964 	mov	(_line_sensors + 0x0009), a
                                    965 ;	src/main.c:102: line_sensors[10] = P14;  // LINE11
      0001DF A2 94            [12]  966 	mov	c,_P14
      0001E1 E4               [12]  967 	clr	a
      0001E2 33               [12]  968 	rlc	a
      0001E3 F5*0A            [12]  969 	mov	(_line_sensors + 0x000a), a
                                    970 ;	src/main.c:103: }
      0001E5 22               [24]  971 	ret
                                    972 ;------------------------------------------------------------
                                    973 ;Allocation info for local variables in function 'Get_Line_Pattern'
                                    974 ;------------------------------------------------------------
                                    975 ;pattern       Allocated to registers r6 r7 
                                    976 ;i             Allocated to registers r5 
                                    977 ;------------------------------------------------------------
                                    978 ;	src/main.c:108: unsigned int Get_Line_Pattern(void)
                                    979 ;	-----------------------------------------
                                    980 ;	 function Get_Line_Pattern
                                    981 ;	-----------------------------------------
      0001E6                        982 _Get_Line_Pattern:
                                    983 ;	src/main.c:110: unsigned int pattern = 0;
      0001E6 7E 00            [12]  984 	mov	r6,#0x00
      0001E8 7F 00            [12]  985 	mov	r7,#0x00
                                    986 ;	src/main.c:113: for(i = 0; i < 11; i++)
      0001EA 7D 00            [12]  987 	mov	r5,#0x00
      0001EC                        988 00104$:
                                    989 ;	src/main.c:115: if(line_sensors[i] == 1)
      0001EC ED               [12]  990 	mov	a,r5
      0001ED 24r00            [12]  991 	add	a, #_line_sensors
      0001EF F9               [12]  992 	mov	r1,a
      0001F0 87 04            [24]  993 	mov	ar4,@r1
      0001F2 BC 01 19         [24]  994 	cjne	r4,#0x01,00105$
                                    995 ;	src/main.c:116: pattern |= (1 << i);
      0001F5 8D F0            [24]  996 	mov	b,r5
      0001F7 05 F0            [12]  997 	inc	b
      0001F9 7B 01            [12]  998 	mov	r3,#0x01
      0001FB 7C 00            [12]  999 	mov	r4,#0x00
      0001FD 80 06            [24] 1000 	sjmp	00130$
      0001FF                       1001 00129$:
      0001FF EB               [12] 1002 	mov	a,r3
      000200 2B               [12] 1003 	add	a,r3
      000201 FB               [12] 1004 	mov	r3,a
      000202 EC               [12] 1005 	mov	a,r4
      000203 33               [12] 1006 	rlc	a
      000204 FC               [12] 1007 	mov	r4,a
      000205                       1008 00130$:
      000205 D5 F0 F7         [24] 1009 	djnz	b,00129$
      000208 EB               [12] 1010 	mov	a,r3
      000209 42 06            [12] 1011 	orl	ar6,a
      00020B EC               [12] 1012 	mov	a,r4
      00020C 42 07            [12] 1013 	orl	ar7,a
      00020E                       1014 00105$:
                                   1015 ;	src/main.c:113: for(i = 0; i < 11; i++)
      00020E 0D               [12] 1016 	inc	r5
      00020F BD 0B 00         [24] 1017 	cjne	r5,#0x0b,00131$
      000212                       1018 00131$:
      000212 40 D8            [24] 1019 	jc	00104$
                                   1020 ;	src/main.c:119: return pattern;
      000214 8E 82            [24] 1021 	mov	dpl, r6
      000216 8F 83            [24] 1022 	mov	dph, r7
                                   1023 ;	src/main.c:120: }
      000218 22               [24] 1024 	ret
                                   1025 ;------------------------------------------------------------
                                   1026 ;Allocation info for local variables in function 'Send_Pattern_Decimal'
                                   1027 ;------------------------------------------------------------
                                   1028 ;	src/main.c:126: void Send_Pattern_Decimal(void)
                                   1029 ;	-----------------------------------------
                                   1030 ;	 function Send_Pattern_Decimal
                                   1031 ;	-----------------------------------------
      000219                       1032 _Send_Pattern_Decimal:
                                   1033 ;	src/main.c:128: printf("%u\r\n", line_pattern);
      000219 C0*0B            [24] 1034 	push	_line_pattern
      00021B C0*0C            [24] 1035 	push	(_line_pattern + 1)
      00021D 74r00            [12] 1036 	mov	a,#___str_0
      00021F C0 E0            [24] 1037 	push	acc
      000221 74s00            [12] 1038 	mov	a,#(___str_0 >> 8)
      000223 C0 E0            [24] 1039 	push	acc
      000225 74 80            [12] 1040 	mov	a,#0x80
      000227 C0 E0            [24] 1041 	push	acc
      000229 12r00r00         [24] 1042 	lcall	_printf
      00022C E5 81            [12] 1043 	mov	a,sp
      00022E 24 FB            [12] 1044 	add	a,#0xfb
      000230 F5 81            [12] 1045 	mov	sp,a
                                   1046 ;	src/main.c:129: }
      000232 22               [24] 1047 	ret
                                   1048 ;------------------------------------------------------------
                                   1049 ;Allocation info for local variables in function 'Send_Individual_Values'
                                   1050 ;------------------------------------------------------------
                                   1051 ;i             Allocated to registers r7 
                                   1052 ;------------------------------------------------------------
                                   1053 ;	src/main.c:135: void Send_Individual_Values(void)
                                   1054 ;	-----------------------------------------
                                   1055 ;	 function Send_Individual_Values
                                   1056 ;	-----------------------------------------
      000233                       1057 _Send_Individual_Values:
                                   1058 ;	src/main.c:139: for(i = 0; i < 11; i++)
      000233 7F 00            [12] 1059 	mov	r7,#0x00
      000235                       1060 00104$:
                                   1061 ;	src/main.c:141: printf("%u", line_sensors[i]);
      000235 EF               [12] 1062 	mov	a,r7
      000236 24r00            [12] 1063 	add	a, #_line_sensors
      000238 F9               [12] 1064 	mov	r1,a
      000239 87 06            [24] 1065 	mov	ar6,@r1
      00023B 7D 00            [12] 1066 	mov	r5,#0x00
      00023D C0 07            [24] 1067 	push	ar7
      00023F C0 06            [24] 1068 	push	ar6
      000241 C0 05            [24] 1069 	push	ar5
      000243 74r05            [12] 1070 	mov	a,#___str_1
      000245 C0 E0            [24] 1071 	push	acc
      000247 74s00            [12] 1072 	mov	a,#(___str_1 >> 8)
      000249 C0 E0            [24] 1073 	push	acc
      00024B 74 80            [12] 1074 	mov	a,#0x80
      00024D C0 E0            [24] 1075 	push	acc
      00024F 12r00r00         [24] 1076 	lcall	_printf
      000252 E5 81            [12] 1077 	mov	a,sp
      000254 24 FB            [12] 1078 	add	a,#0xfb
      000256 F5 81            [12] 1079 	mov	sp,a
      000258 D0 07            [24] 1080 	pop	ar7
                                   1081 ;	src/main.c:142: if(i < 10)
      00025A BF 0A 00         [24] 1082 	cjne	r7,#0x0a,00127$
      00025D                       1083 00127$:
      00025D 50 19            [24] 1084 	jnc	00105$
                                   1085 ;	src/main.c:143: printf(" ");
      00025F C0 07            [24] 1086 	push	ar7
      000261 74r08            [12] 1087 	mov	a,#___str_2
      000263 C0 E0            [24] 1088 	push	acc
      000265 74s00            [12] 1089 	mov	a,#(___str_2 >> 8)
      000267 C0 E0            [24] 1090 	push	acc
      000269 74 80            [12] 1091 	mov	a,#0x80
      00026B C0 E0            [24] 1092 	push	acc
      00026D 12r00r00         [24] 1093 	lcall	_printf
      000270 15 81            [12] 1094 	dec	sp
      000272 15 81            [12] 1095 	dec	sp
      000274 15 81            [12] 1096 	dec	sp
      000276 D0 07            [24] 1097 	pop	ar7
      000278                       1098 00105$:
                                   1099 ;	src/main.c:139: for(i = 0; i < 11; i++)
      000278 0F               [12] 1100 	inc	r7
      000279 BF 0B 00         [24] 1101 	cjne	r7,#0x0b,00129$
      00027C                       1102 00129$:
      00027C 40 B7            [24] 1103 	jc	00104$
                                   1104 ;	src/main.c:145: printf("\r\n");
      00027E 74r0A            [12] 1105 	mov	a,#___str_3
      000280 C0 E0            [24] 1106 	push	acc
      000282 74s00            [12] 1107 	mov	a,#(___str_3 >> 8)
      000284 C0 E0            [24] 1108 	push	acc
      000286 74 80            [12] 1109 	mov	a,#0x80
      000288 C0 E0            [24] 1110 	push	acc
      00028A 12r00r00         [24] 1111 	lcall	_printf
      00028D 15 81            [12] 1112 	dec	sp
      00028F 15 81            [12] 1113 	dec	sp
      000291 15 81            [12] 1114 	dec	sp
                                   1115 ;	src/main.c:146: }
      000293 22               [24] 1116 	ret
                                   1117 ;------------------------------------------------------------
                                   1118 ;Allocation info for local variables in function 'Send_JSON_Format'
                                   1119 ;------------------------------------------------------------
                                   1120 ;i             Allocated to registers r7 
                                   1121 ;------------------------------------------------------------
                                   1122 ;	src/main.c:152: void Send_JSON_Format(void)
                                   1123 ;	-----------------------------------------
                                   1124 ;	 function Send_JSON_Format
                                   1125 ;	-----------------------------------------
      000294                       1126 _Send_JSON_Format:
                                   1127 ;	src/main.c:154: printf("{\"sensors\":[");
      000294 74r0D            [12] 1128 	mov	a,#___str_4
      000296 C0 E0            [24] 1129 	push	acc
      000298 74s00            [12] 1130 	mov	a,#(___str_4 >> 8)
      00029A C0 E0            [24] 1131 	push	acc
      00029C 74 80            [12] 1132 	mov	a,#0x80
      00029E C0 E0            [24] 1133 	push	acc
      0002A0 12r00r00         [24] 1134 	lcall	_printf
      0002A3 15 81            [12] 1135 	dec	sp
      0002A5 15 81            [12] 1136 	dec	sp
      0002A7 15 81            [12] 1137 	dec	sp
                                   1138 ;	src/main.c:156: for(unsigned char i = 0; i < 11; i++)
      0002A9 7F 00            [12] 1139 	mov	r7,#0x00
      0002AB                       1140 00105$:
      0002AB BF 0B 00         [24] 1141 	cjne	r7,#0x0b,00128$
      0002AE                       1142 00128$:
      0002AE 50 46            [24] 1143 	jnc	00103$
                                   1144 ;	src/main.c:158: printf("%u", line_sensors[i]);
      0002B0 EF               [12] 1145 	mov	a,r7
      0002B1 24r00            [12] 1146 	add	a, #_line_sensors
      0002B3 F9               [12] 1147 	mov	r1,a
      0002B4 87 06            [24] 1148 	mov	ar6,@r1
      0002B6 7D 00            [12] 1149 	mov	r5,#0x00
      0002B8 C0 07            [24] 1150 	push	ar7
      0002BA C0 06            [24] 1151 	push	ar6
      0002BC C0 05            [24] 1152 	push	ar5
      0002BE 74r05            [12] 1153 	mov	a,#___str_1
      0002C0 C0 E0            [24] 1154 	push	acc
      0002C2 74s00            [12] 1155 	mov	a,#(___str_1 >> 8)
      0002C4 C0 E0            [24] 1156 	push	acc
      0002C6 74 80            [12] 1157 	mov	a,#0x80
      0002C8 C0 E0            [24] 1158 	push	acc
      0002CA 12r00r00         [24] 1159 	lcall	_printf
      0002CD E5 81            [12] 1160 	mov	a,sp
      0002CF 24 FB            [12] 1161 	add	a,#0xfb
      0002D1 F5 81            [12] 1162 	mov	sp,a
      0002D3 D0 07            [24] 1163 	pop	ar7
                                   1164 ;	src/main.c:159: if(i < 10)
      0002D5 BF 0A 00         [24] 1165 	cjne	r7,#0x0a,00130$
      0002D8                       1166 00130$:
      0002D8 50 19            [24] 1167 	jnc	00106$
                                   1168 ;	src/main.c:160: printf(",");
      0002DA C0 07            [24] 1169 	push	ar7
      0002DC 74r1A            [12] 1170 	mov	a,#___str_5
      0002DE C0 E0            [24] 1171 	push	acc
      0002E0 74s00            [12] 1172 	mov	a,#(___str_5 >> 8)
      0002E2 C0 E0            [24] 1173 	push	acc
      0002E4 74 80            [12] 1174 	mov	a,#0x80
      0002E6 C0 E0            [24] 1175 	push	acc
      0002E8 12r00r00         [24] 1176 	lcall	_printf
      0002EB 15 81            [12] 1177 	dec	sp
      0002ED 15 81            [12] 1178 	dec	sp
      0002EF 15 81            [12] 1179 	dec	sp
      0002F1 D0 07            [24] 1180 	pop	ar7
      0002F3                       1181 00106$:
                                   1182 ;	src/main.c:156: for(unsigned char i = 0; i < 11; i++)
      0002F3 0F               [12] 1183 	inc	r7
      0002F4 80 B5            [24] 1184 	sjmp	00105$
      0002F6                       1185 00103$:
                                   1186 ;	src/main.c:163: printf("],\"pattern\":%u}\r\n", line_pattern);
      0002F6 C0*0B            [24] 1187 	push	_line_pattern
      0002F8 C0*0C            [24] 1188 	push	(_line_pattern + 1)
      0002FA 74r1C            [12] 1189 	mov	a,#___str_6
      0002FC C0 E0            [24] 1190 	push	acc
      0002FE 74s00            [12] 1191 	mov	a,#(___str_6 >> 8)
      000300 C0 E0            [24] 1192 	push	acc
      000302 74 80            [12] 1193 	mov	a,#0x80
      000304 C0 E0            [24] 1194 	push	acc
      000306 12r00r00         [24] 1195 	lcall	_printf
      000309 E5 81            [12] 1196 	mov	a,sp
      00030B 24 FB            [12] 1197 	add	a,#0xfb
      00030D F5 81            [12] 1198 	mov	sp,a
                                   1199 ;	src/main.c:164: }
      00030F 22               [24] 1200 	ret
                                   1201 ;------------------------------------------------------------
                                   1202 ;Allocation info for local variables in function 'Send_Binary_String'
                                   1203 ;------------------------------------------------------------
                                   1204 ;i             Allocated to registers r7 
                                   1205 ;------------------------------------------------------------
                                   1206 ;	src/main.c:170: void Send_Binary_String(void)
                                   1207 ;	-----------------------------------------
                                   1208 ;	 function Send_Binary_String
                                   1209 ;	-----------------------------------------
      000310                       1210 _Send_Binary_String:
                                   1211 ;	src/main.c:174: for(i = 0; i < 11; i++)
      000310 7F 00            [12] 1212 	mov	r7,#0x00
      000312                       1213 00102$:
                                   1214 ;	src/main.c:176: printf("%c", line_sensors[i] ? '1' : '0');
      000312 EF               [12] 1215 	mov	a,r7
      000313 24r00            [12] 1216 	add	a, #_line_sensors
      000315 F9               [12] 1217 	mov	r1,a
      000316 E7               [12] 1218 	mov	a,@r1
      000317 60 06            [24] 1219 	jz	00106$
      000319 7D 31            [12] 1220 	mov	r5,#0x31
      00031B 7E 00            [12] 1221 	mov	r6,#0x00
      00031D 80 04            [24] 1222 	sjmp	00107$
      00031F                       1223 00106$:
      00031F 7D 30            [12] 1224 	mov	r5,#0x30
      000321 7E 00            [12] 1225 	mov	r6,#0x00
      000323                       1226 00107$:
      000323 C0 07            [24] 1227 	push	ar7
      000325 C0 05            [24] 1228 	push	ar5
      000327 C0 06            [24] 1229 	push	ar6
      000329 74r2E            [12] 1230 	mov	a,#___str_7
      00032B C0 E0            [24] 1231 	push	acc
      00032D 74s00            [12] 1232 	mov	a,#(___str_7 >> 8)
      00032F C0 E0            [24] 1233 	push	acc
      000331 74 80            [12] 1234 	mov	a,#0x80
      000333 C0 E0            [24] 1235 	push	acc
      000335 12r00r00         [24] 1236 	lcall	_printf
      000338 E5 81            [12] 1237 	mov	a,sp
      00033A 24 FB            [12] 1238 	add	a,#0xfb
      00033C F5 81            [12] 1239 	mov	sp,a
      00033E D0 07            [24] 1240 	pop	ar7
                                   1241 ;	src/main.c:174: for(i = 0; i < 11; i++)
      000340 0F               [12] 1242 	inc	r7
      000341 BF 0B 00         [24] 1243 	cjne	r7,#0x0b,00128$
      000344                       1244 00128$:
      000344 40 CC            [24] 1245 	jc	00102$
                                   1246 ;	src/main.c:178: printf("\r\n");
      000346 74r0A            [12] 1247 	mov	a,#___str_3
      000348 C0 E0            [24] 1248 	push	acc
      00034A 74s00            [12] 1249 	mov	a,#(___str_3 >> 8)
      00034C C0 E0            [24] 1250 	push	acc
      00034E 74 80            [12] 1251 	mov	a,#0x80
      000350 C0 E0            [24] 1252 	push	acc
      000352 12r00r00         [24] 1253 	lcall	_printf
      000355 15 81            [12] 1254 	dec	sp
      000357 15 81            [12] 1255 	dec	sp
      000359 15 81            [12] 1256 	dec	sp
                                   1257 ;	src/main.c:179: }
      00035B 22               [24] 1258 	ret
                                   1259 ;------------------------------------------------------------
                                   1260 ;Allocation info for local variables in function 'Send_Hex_Format'
                                   1261 ;------------------------------------------------------------
                                   1262 ;	src/main.c:185: void Send_Hex_Format(void)
                                   1263 ;	-----------------------------------------
                                   1264 ;	 function Send_Hex_Format
                                   1265 ;	-----------------------------------------
      00035C                       1266 _Send_Hex_Format:
                                   1267 ;	src/main.c:187: printf("L:%03X\r\n", line_pattern);
      00035C C0*0B            [24] 1268 	push	_line_pattern
      00035E C0*0C            [24] 1269 	push	(_line_pattern + 1)
      000360 74r31            [12] 1270 	mov	a,#___str_8
      000362 C0 E0            [24] 1271 	push	acc
      000364 74s00            [12] 1272 	mov	a,#(___str_8 >> 8)
      000366 C0 E0            [24] 1273 	push	acc
      000368 74 80            [12] 1274 	mov	a,#0x80
      00036A C0 E0            [24] 1275 	push	acc
      00036C 12r00r00         [24] 1276 	lcall	_printf
      00036F E5 81            [12] 1277 	mov	a,sp
      000371 24 FB            [12] 1278 	add	a,#0xfb
      000373 F5 81            [12] 1279 	mov	sp,a
                                   1280 ;	src/main.c:188: }
      000375 22               [24] 1281 	ret
                                   1282 ;------------------------------------------------------------
                                   1283 ;Allocation info for local variables in function 'main'
                                   1284 ;------------------------------------------------------------
                                   1285 ;	src/main.c:193: void main(void) 
                                   1286 ;	-----------------------------------------
                                   1287 ;	 function main
                                   1288 ;	-----------------------------------------
      000376                       1289 _main:
                                   1290 ;	src/main.c:196: Set_All_GPIO_Quasi_Mode;
      000376 75 B1 00         [24] 1291 	mov	_P0M1,#0x00
      000379 75 B2 00         [24] 1292 	mov	_P0M2,#0x00
      00037C 75 B3 00         [24] 1293 	mov	_P1M1,#0x00
      00037F 75 B4 00         [24] 1294 	mov	_P1M2,#0x00
      000382 75 AC 00         [24] 1295 	mov	_P3M1,#0x00
      000385 75 AD 00         [24] 1296 	mov	_P3M2,#0x00
                                   1297 ;	src/main.c:197: GPIO_Init();
      000388 12r00r10         [24] 1298 	lcall	_GPIO_Init
                                   1299 ;	src/main.c:198: UART_Init();
      00038B 12r01r92         [24] 1300 	lcall	_UART_Init
                                   1301 ;	src/main.c:201: Timer0_Delay1ms(100);
      00038E 90 00 64         [24] 1302 	mov	dptr,#0x0064
      000391 E4               [12] 1303 	clr	a
      000392 F5 F0            [12] 1304 	mov	b,a
      000394 12r00r00         [24] 1305 	lcall	_Timer0_Delay1ms
                                   1306 ;	src/main.c:204: printf("Line Follower Started\r\n");
      000397 74r3A            [12] 1307 	mov	a,#___str_9
      000399 C0 E0            [24] 1308 	push	acc
      00039B 74s00            [12] 1309 	mov	a,#(___str_9 >> 8)
      00039D C0 E0            [24] 1310 	push	acc
      00039F 74 80            [12] 1311 	mov	a,#0x80
      0003A1 C0 E0            [24] 1312 	push	acc
      0003A3 12r00r00         [24] 1313 	lcall	_printf
      0003A6 15 81            [12] 1314 	dec	sp
      0003A8 15 81            [12] 1315 	dec	sp
      0003AA 15 81            [12] 1316 	dec	sp
                                   1317 ;	src/main.c:206: while(1)
      0003AC                       1318 00102$:
                                   1319 ;	src/main.c:209: Read_Line_Sensors();
      0003AC 12r01rA3         [24] 1320 	lcall	_Read_Line_Sensors
                                   1321 ;	src/main.c:212: line_pattern = Get_Line_Pattern();
      0003AF 12r01rE6         [24] 1322 	lcall	_Get_Line_Pattern
      0003B2 85 82*0B         [24] 1323 	mov	_line_pattern,dpl
      0003B5 85 83*0C         [24] 1324 	mov	(_line_pattern + 1),dph
                                   1325 ;	src/main.c:222: Send_JSON_Format();
      0003B8 12r02r94         [24] 1326 	lcall	_Send_JSON_Format
                                   1327 ;	src/main.c:231: Timer0_Delay1ms(30);  // 50ms = 20Hz update rate
      0003BB 90 00 1E         [24] 1328 	mov	dptr,#0x001e
      0003BE E4               [12] 1329 	clr	a
      0003BF F5 F0            [12] 1330 	mov	b,a
      0003C1 12r00r00         [24] 1331 	lcall	_Timer0_Delay1ms
                                   1332 ;	src/main.c:233: }
      0003C4 80 E6            [24] 1333 	sjmp	00102$
                                   1334 	.area CSEG    (CODE)
                                   1335 	.area CONST   (CODE)
                                   1336 	.area CONST   (CODE)
      000000                       1337 ___str_0:
      000000 25 75                 1338 	.ascii "%u"
      000002 0D                    1339 	.db 0x0d
      000003 0A                    1340 	.db 0x0a
      000004 00                    1341 	.db 0x00
                                   1342 	.area CSEG    (CODE)
                                   1343 	.area CONST   (CODE)
      000005                       1344 ___str_1:
      000005 25 75                 1345 	.ascii "%u"
      000007 00                    1346 	.db 0x00
                                   1347 	.area CSEG    (CODE)
                                   1348 	.area CONST   (CODE)
      000008                       1349 ___str_2:
      000008 20                    1350 	.ascii " "
      000009 00                    1351 	.db 0x00
                                   1352 	.area CSEG    (CODE)
                                   1353 	.area CONST   (CODE)
      00000A                       1354 ___str_3:
      00000A 0D                    1355 	.db 0x0d
      00000B 0A                    1356 	.db 0x0a
      00000C 00                    1357 	.db 0x00
                                   1358 	.area CSEG    (CODE)
                                   1359 	.area CONST   (CODE)
      00000D                       1360 ___str_4:
      00000D 7B                    1361 	.ascii "{"
      00000E 22                    1362 	.db 0x22
      00000F 73 65 6E 73 6F 72 73  1363 	.ascii "sensors"
      000016 22                    1364 	.db 0x22
      000017 3A 5B                 1365 	.ascii ":["
      000019 00                    1366 	.db 0x00
                                   1367 	.area CSEG    (CODE)
                                   1368 	.area CONST   (CODE)
      00001A                       1369 ___str_5:
      00001A 2C                    1370 	.ascii ","
      00001B 00                    1371 	.db 0x00
                                   1372 	.area CSEG    (CODE)
                                   1373 	.area CONST   (CODE)
      00001C                       1374 ___str_6:
      00001C 5D 2C                 1375 	.ascii "],"
      00001E 22                    1376 	.db 0x22
      00001F 70 61 74 74 65 72 6E  1377 	.ascii "pattern"
      000026 22                    1378 	.db 0x22
      000027 3A 25 75 7D           1379 	.ascii ":%u}"
      00002B 0D                    1380 	.db 0x0d
      00002C 0A                    1381 	.db 0x0a
      00002D 00                    1382 	.db 0x00
                                   1383 	.area CSEG    (CODE)
                                   1384 	.area CONST   (CODE)
      00002E                       1385 ___str_7:
      00002E 25 63                 1386 	.ascii "%c"
      000030 00                    1387 	.db 0x00
                                   1388 	.area CSEG    (CODE)
                                   1389 	.area CONST   (CODE)
      000031                       1390 ___str_8:
      000031 4C 3A 25 30 33 58     1391 	.ascii "L:%03X"
      000037 0D                    1392 	.db 0x0d
      000038 0A                    1393 	.db 0x0a
      000039 00                    1394 	.db 0x00
                                   1395 	.area CSEG    (CODE)
                                   1396 	.area CONST   (CODE)
      00003A                       1397 ___str_9:
      00003A 4C 69 6E 65 20 46 6F  1398 	.ascii "Line Follower Started"
             6C 6C 6F 77 65 72 20
             53 74 61 72 74 65 64
      00004F 0D                    1399 	.db 0x0d
      000050 0A                    1400 	.db 0x0a
      000051 00                    1401 	.db 0x00
                                   1402 	.area CSEG    (CODE)
                                   1403 	.area CABS    (ABS,CODE)
