ASxxxx Linker V03.00/V05.40 + sdld,  page 1.
Hexadecimal  [32-Bits]

Area                                    Addr        Size        Decimal Bytes (Attributes)
--------------------------------        ----        ----        ------- ----- ------------
CABS                                00000000    00000000 =           0. bytes (ABS,CON,CODE)

      Value  Global                              Global Defined In Module
      -----  --------------------------------   ------------------------
C:   00000000  l_BIT_BANK                      
C:   00000000  l_CABS                          
C:   00000000  l_CONST                         
C:   00000000  l_GSINIT1                       
C:   00000000  l_GSINIT5                       
C:   00000000  l_IABS                          
C:   00000000  l_PSEG                          
C:   00000000  l_REG_BANK_1                    
C:   00000000  l_REG_BANK_2                    
C:   00000000  l_REG_BANK_3                    
C:   00000000  l_RSEG                          
C:   00000000  l_RSEG0                         
C:   00000000  l_RSEG1                         
C:   00000000  l_XABS                          
C:   00000000  l__CODE                         
C:   00000000  s_BSEG                          
C:   00000000  s_CABS                          
C:   00000000  s_DSEG                          
C:   00000000  s_HOME                          
C:   00000000  s_IABS                          
C:   00000000  s_REG_BANK_0                    
C:   00000000  s_RSEG                          
C:   00000000  s_RSEG0                         
C:   00000000  s_RSEG1                         
C:   00000000  s_XABS                          
C:   00000001  l_BSEG_BYTES                    
C:   00000001  s_PSEG                          
C:   00000001  s_XSEG                          
C:   00000003  l_GSFINAL                       
C:   00000003  l_GSINIT0                       
C:   00000004  l_BSEG                          
C:   00000004  l_OSEG                          
C:   00000008  l_REG_BANK_0                    
C:   00000008  s_REG_BANK_1                    
C:   0000000A  l_GSINIT2                       
C:   00000010  s_REG_BANK_2                    
C:   00000018  l_ISEG                          
C:   00000018  s_BIT_BANK                      
C:   00000018  s_REG_BANK_3                    
C:   00000020  s_BSEG_BYTES                    
C:   00000020  s__CODE                         
C:   00000022  l_GSINIT3                       
C:   00000029  l_HOME                          
C:   00000029  s_GSINIT0                       
C:   0000002A  l_GSINIT4                       
C:   0000002C  s_GSINIT1                       
C:   0000002C  s_GSINIT2                       
C:   00000036  s_GSINIT3                       
C:   0000003A  l_XINIT                         
C:   0000003A  l_XISEG                         
ASxxxx Linker V03.00/V05.40 + sdld,  page 2.
Hexadecimal  [32-Bits]

Area                                    Addr        Size        Decimal Bytes (Attributes)
--------------------------------        ----        ----        ------- ----- ------------
CABS                                00000000    00000000 =           0. bytes (ABS,CON,CODE)

      Value  Global                              Global Defined In Module
      -----  --------------------------------   ------------------------
C:   0000003A  l_XSEG                          
C:   0000003B  s_XISEG                         
C:   00000044  s_OSEG                          
C:   00000048  s_ISEG                          
C:   0000004F  l_GSINIT                        
C:   00000058  s_GSINIT4                       
C:   00000060  s_SSEG                          
C:   00000080  l_DSEG                          
C:   00000082  s_GSINIT                        
C:   00000082  s_GSINIT5                       
C:   000000A0  l_SSEG                          
C:   000000D1  s_GSFINAL                       
C:   000000D4  s_CSEG                          
C:   00000100  l_IRAM                          
C:   0000163A  l_CSEG                          
C:   0000170E  s_CONST                         
C:   0000170E  s_XINIT                         

ASxxxx Linker V03.00/V05.40 + sdld,  page 3.
Hexadecimal  [32-Bits]

Area                                    Addr        Size        Decimal Bytes (Attributes)
--------------------------------        ----        ----        ------- ----- ------------
.  .ABS.                            00000000    00000000 =           0. bytes (ABS,CON)

      Value  Global                              Global Defined In Module
      -----  --------------------------------   ------------------------
     00000000  .__.ABS.                           _startup
     00000080  _MOSI                              millis
     00000080  _P0                                millis
     00000080  _P00                               millis
     00000081  _MISO                              millis
     00000081  _P01                               millis
     00000081  _SP                                millis
     00000082  _DPL                               millis
     00000082  _P02                               millis
     00000082  _RXD_1                             millis
     00000083  _DPH                               millis
     00000083  _P03                               millis
     00000084  _P04                               millis
     00000084  _RCTRIM0                           millis
     00000084  _STADC                             millis
     00000085  _P05                               millis
     00000085  _RCTRIM1                           millis
     00000086  _P06                               millis
     00000086  _RWK                               millis
     00000086  _TXD                               millis
     00000087  _P07                               millis
     00000087  _PCON                              millis
     00000087  _RXD                               millis
     00000088  _IT0                               millis
     00000088  _TCON                              millis
     00000089  _IE0                               millis
     00000089  _TMOD                              millis
     0000008A  _IT1                               millis
     0000008A  _TL0                               millis
     0000008B  _IE1                               millis
     0000008B  _TL1                               millis
     0000008C  _TH0                               millis
     0000008C  _TR0                               millis
     0000008D  _TF0                               millis
     0000008D  _TH1                               millis
     0000008E  _CKCON                             millis
     0000008E  _TR1                               millis
     0000008F  _TF1                               millis
     0000008F  _WKCON                             millis
     00000090  _P1                                millis
     00000090  _P10                               millis
     00000091  _P11                               millis
     00000091  _SFRS                              millis
     00000092  _CAPCON0                           millis
     00000092  _P12                               millis
     00000093  _CAPCON1                           millis
     00000093  _P13                               millis
     00000093  _SCL                               millis
     00000094  _CAPCON2                           millis
     00000094  _P14                               millis
ASxxxx Linker V03.00/V05.40 + sdld,  page 4.
Hexadecimal  [32-Bits]

Area                                    Addr        Size        Decimal Bytes (Attributes)
--------------------------------        ----        ----        ------- ----- ------------
.  .ABS.                            00000000    00000000 =           0. bytes (ABS,CON)

      Value  Global                              Global Defined In Module
      -----  --------------------------------   ------------------------
     00000094  _SDA                               millis
     00000095  _CKDIV                             millis
     00000095  _P15                               millis
     00000096  _CKSWT                             millis
     00000096  _P16                               millis
     00000096  _TXD_1                             millis
     00000097  _CKEN                              millis
     00000097  _P17                               millis
     00000098  _RI                                millis
     00000098  _SCON                              millis
     00000099  _SBUF                              millis
     00000099  _TI                                millis
     0000009A  _RB8                               millis
     0000009A  _SBUF_1                            millis
     0000009B  _EIE                               millis
     0000009B  _TB8                               millis
     0000009C  _EIE1                              millis
     0000009C  _REN                               millis
     0000009D  _SM2                               millis
     0000009E  _SM1                               millis
     0000009F  _CHPCON                            millis
     0000009F  _FE                                millis
     0000009F  _SM0                               millis
     000000A0  _P2                                millis
     000000A0  _P20                               millis
     000000A0  __XPAGE                            
     000000A2  _AUXR1                             millis
     000000A3  _BODCON0                           millis
     000000A4  _IAPTRG                            millis
     000000A5  _IAPUEN                            millis
     000000A6  _IAPAL                             millis
     000000A7  _IAPAH                             millis
     000000A8  _EX0                               millis
     000000A8  _IE                                millis
     000000A9  _ET0                               millis
     000000A9  _SADDR                             millis
     000000AA  _EX1                               millis
     000000AA  _WDCON                             millis
     000000AB  _BODCON1                           millis
     000000AB  _ET1                               millis
     000000AC  _ES                                millis
     000000AC  _P3M1                              millis
     000000AC  _P3S                               millis
     000000AD  _EBOD                              millis
     000000AD  _P3M2                              millis
     000000AD  _P3SR                              millis
     000000AE  _EADC                              millis
     000000AE  _IAPFD                             millis
     000000AF  _EA                                millis
     000000AF  _IAPCN                             millis
     000000B0  _P3                                millis
ASxxxx Linker V03.00/V05.40 + sdld,  page 5.
Hexadecimal  [32-Bits]

Area                                    Addr        Size        Decimal Bytes (Attributes)
--------------------------------        ----        ----        ------- ----- ------------
.  .ABS.                            00000000    00000000 =           0. bytes (ABS,CON)

      Value  Global                              Global Defined In Module
      -----  --------------------------------   ------------------------
     000000B0  _P30                               millis
     000000B1  _P0M1                              millis
     000000B1  _P0S                               millis
     000000B2  _P0M2                              millis
     000000B2  _P0SR                              millis
     000000B3  _P1M1                              millis
     000000B3  _P1S                               millis
     000000B4  _P1M2                              millis
     000000B4  _P1SR                              millis
     000000B5  _P2S                               millis
     000000B7  _IPH                               millis
     000000B7  _PWMINTC                           millis
     000000B8  _IP                                millis
     000000B8  _PX0                               millis
     000000B9  _PT0                               millis
     000000B9  _SADEN                             millis
     000000BA  _PX1                               millis
     000000BA  _SADEN_1                           millis
     000000BB  _PT1                               millis
     000000BB  _SADDR_1                           millis
     000000BC  _I2DAT                             millis
     000000BC  _PS                                millis
     000000BD  _I2STAT                            millis
     000000BD  _PBOD                              millis
     000000BE  _I2CLK                             millis
     000000BE  _PADC                              millis
     000000BF  _I2TOC                             millis
     000000C0  _I2CON                             millis
     000000C0  _I2CPX                             millis
     000000C1  _I2ADDR                            millis
     000000C2  _AA                                millis
     000000C2  _ADCRL                             millis
     000000C3  _ADCRH                             millis
     000000C3  _SI                                millis
     000000C4  _PWM4H                             millis
     000000C4  _STO                               millis
     000000C4  _T3CON                             millis
     000000C5  _PWM5H                             millis
     000000C5  _RL3                               millis
     000000C5  _STA                               millis
     000000C6  _I2CEN                             millis
     000000C6  _PIOCON1                           millis
     000000C6  _RH3                               millis
     000000C7  _TA                                millis
     000000C8  _CM_RL2                            millis
     000000C8  _T2CON                             millis
     000000C9  _T2MOD                             millis
     000000CA  _RCMP2L                            millis
     000000CA  _TR2                               millis
     000000CB  _RCMP2H                            millis
     000000CC  _PWM4L                             millis
ASxxxx Linker V03.00/V05.40 + sdld,  page 6.
Hexadecimal  [32-Bits]

Area                                    Addr        Size        Decimal Bytes (Attributes)
--------------------------------        ----        ----        ------- ----- ------------
.  .ABS.                            00000000    00000000 =           0. bytes (ABS,CON)

      Value  Global                              Global Defined In Module
      -----  --------------------------------   ------------------------
     000000CC  _TL2                               millis
     000000CD  _PWM5L                             millis
     000000CD  _TH2                               millis
     000000CE  _ADCMPL                            millis
     000000CF  _ADCMPH                            millis
     000000CF  _TF2                               millis
     000000D0  _P                                 millis
     000000D0  _PSW                               millis
     000000D1  _PWMPH                             millis
     000000D2  _OV                                millis
     000000D2  _PWM0H                             millis
     000000D3  _PWM1H                             millis
     000000D3  _RS0                               millis
     000000D4  _PWM2H                             millis
     000000D4  _RS1                               millis
     000000D5  _F0                                millis
     000000D5  _PWM3H                             millis
     000000D6  _AC                                millis
     000000D6  _PNP                               millis
     000000D7  _CY                                millis
     000000D7  _FBD                               millis
     000000D8  _PWMCON0                           millis
     000000D9  _PWMPL                             millis
     000000DA  _PWM0L                             millis
     000000DB  _PWM1L                             millis
     000000DC  _CLRPWM                            millis
     000000DC  _PWM2L                             millis
     000000DD  _PWM3L                             millis
     000000DD  _PWMF                              millis
     000000DE  _LOAD                              millis
     000000DE  _PIOCON0                           millis
     000000DF  _PWMCON1                           millis
     000000DF  _PWMRUN                            millis
     000000E0  _ACC                               millis
     000000E1  _ADCCON1                           millis
     000000E2  _ADCCON2                           millis
     000000E3  _ADCDLY                            millis
     000000E4  _C0L                               millis
     000000E5  _C0H                               millis
     000000E6  _C1L                               millis
     000000E7  _C1H                               millis
     000000E8  _ADCCON0                           millis
     000000E8  _ADCHS0                            millis
     000000E9  _ADCHS1                            millis
     000000E9  _PICON                             millis
     000000EA  _ADCHS2                            millis
     000000EA  _PINEN                             millis
     000000EB  _ADCHS3                            millis
     000000EB  _PIPEN                             millis
     000000EC  _ETGSEL0                           millis
     000000EC  _PIF                               millis
ASxxxx Linker V03.00/V05.40 + sdld,  page 7.
Hexadecimal  [32-Bits]

Area                                    Addr        Size        Decimal Bytes (Attributes)
--------------------------------        ----        ----        ------- ----- ------------
.  .ABS.                            00000000    00000000 =           0. bytes (ABS,CON)

      Value  Global                              Global Defined In Module
      -----  --------------------------------   ------------------------
     000000ED  _C2L                               millis
     000000ED  _ETGSEL1                           millis
     000000EE  _ADCS                              millis
     000000EE  _C2H                               millis
     000000EF  _ADCF                              millis
     000000EF  _EIP                               millis
     000000F0  _B                                 millis
     000000F1  _CAPCON3                           millis
     000000F2  _CAPCON4                           millis
     000000F3  _SPCR                              millis
     000000F3  _SPCR2                             millis
     000000F4  _SPSR                              millis
     000000F5  _B_5                               _gptrget
     000000F5  _SPDR                              millis
     000000F6  _AINDIDS                           millis
     000000F6  _B_6                               _gptrget
     000000F7  _B_7                               _gptrget
     000000F7  _EIPH                              millis
     000000F8  _RI_1                              millis
     000000F8  _SCON_1                            millis
     000000F9  _PDTEN                             millis
     000000F9  _TI_1                              millis
     000000FA  _PDTCNT                            millis
     000000FA  _RB8_1                             millis
     000000FB  _PMEN                              millis
     000000FB  _TB8_1                             millis
     000000FC  _PMD                               millis
     000000FC  _REN_1                             millis
     000000FD  _PORDIS                            millis
     000000FD  _SM2_1                             millis
     000000FE  _EIP1                              millis
     000000FE  _SM1_1                             millis
     000000FF  _EIPH1                             millis
     000000FF  _FE_1                              millis
     000000FF  _SM0_1                             millis

ASxxxx Linker V03.00/V05.40 + sdld,  page 8.
Hexadecimal  [32-Bits]

Area                                    Addr        Size        Decimal Bytes (Attributes)
--------------------------------        ----        ----        ------- ----- ------------
BSEG_BYTES                          00000020    00000001 =           1. bytes (REL,CON)

      Value  Global                              Global Defined In Module
      -----  --------------------------------   ------------------------
ASxxxx Linker V03.00/V05.40 + sdld,  page 9.
Hexadecimal  [32-Bits]

Area                                    Addr        Size        Decimal Bytes (Attributes)
--------------------------------        ----        ----        ------- ----- ------------
REG_BANK_0                          00000000    00000008 =           8. bytes (REL,OVR)

      Value  Global                              Global Defined In Module
      -----  --------------------------------   ------------------------
ASxxxx Linker V03.00/V05.40 + sdld,  page 10.
Hexadecimal  [32-Bits]

Area                                    Addr        Size        Decimal Bytes (Attributes)
--------------------------------        ----        ----        ------- ----- ------------
DSEG                                00000000    00000080 =         128. bytes (REL,CON)

      Value  Global                              Global Defined In Module
      -----  --------------------------------   ------------------------
     00000009  _ADC_Init_PARM_2                   adc
     0000000C  _PWM_SetDuty_PARM_2                pwm
     0000000E  _rx_head                           uart0
     0000000F  _rx_tail                           uart0
     00000010  _tx_busy                           uart0
     00000011  _i                                 1main
     00000012  _sig1                              1main
     00000014  _sig2                              1main
     00000016  _sigT                              1main
     00000021  _parse_json_PARM_2                 json
     00000024  _parse_json_PARM_3                 json
     00000027  _parse_json_PARM_4                 json
     0000002A  _parse_json_PARM_5                 json
     0000002D  _parse_json_PARM_6                 json
     00000030  _parse_json_PARM_7                 json
     00000033  _parse_json_PARM_8                 json
     00000036  _parse_json_PARM_9                 json
     0000003C  _map_PARM_2                        math
     0000003E  _map_PARM_3                        math
     00000040  _map_PARM_4                        math
     00000042  _map_PARM_5                        math
ASxxxx Linker V03.00/V05.40 + sdld,  page 11.
Hexadecimal  [32-Bits]

Area                                    Addr        Size        Decimal Bytes (Attributes)
--------------------------------        ----        ----        ------- ----- ------------
OSEG                                00000044    00000004 =           4. bytes (REL,OVR)

      Value  Global                              Global Defined In Module
      -----  --------------------------------   ------------------------
     00000044  _ADC_ComapreMode_PARM_2            adc
     00000044  _ADC_ConvertTime_PARM_2            adc
     00000044  __divslong_PARM_2                  _divulong
     00000044  __divulong_PARM_2                  _divulong
     00000044  __gptrput_PARM_2                   _gptrput
     00000044  __mulint_PARM_2                    _mulint
     00000044  __mullong_PARM_2                   _mullong

ASxxxx Linker V03.00/V05.40 + sdld,  page 12.
Hexadecimal  [32-Bits]

Area                                    Addr        Size        Decimal Bytes (Attributes)
--------------------------------        ----        ----        ------- ----- ------------
ISEG                                00000048    00000018 =          24. bytes (REL,CON)

      Value  Global                              Global Defined In Module
      -----  --------------------------------   ------------------------
ASxxxx Linker V03.00/V05.40 + sdld,  page 13.
Hexadecimal  [32-Bits]

Area                                    Addr        Size        Decimal Bytes (Attributes)
--------------------------------        ----        ----        ------- ----- ------------
SSEG                                00000060    000000A0 =         160. bytes (REL,OVR)

      Value  Global                              Global Defined In Module
      -----  --------------------------------   ------------------------
     00000060  __start__stack                     1main

ASxxxx Linker V03.00/V05.40 + sdld,  page 14.
Hexadecimal  [32-Bits]

Area                                    Addr        Size        Decimal Bytes (Attributes)
--------------------------------        ----        ----        ------- ----- ------------
XSEG                                00000001    0000003A =          58. bytes (REL,CON,XDATA)

      Value  Global                              Global Defined In Module
      -----  --------------------------------   ------------------------
D:   00000001  _dataRx                            1main
D:   00000009  _json                              1main

ASxxxx Linker V03.00/V05.40 + sdld,  page 15.
Hexadecimal  [32-Bits]

Area                                    Addr        Size        Decimal Bytes (Attributes)
--------------------------------        ----        ----        ------- ----- ------------
XISEG                               0000003B    0000003A =          58. bytes (REL,CON,XDATA)

      Value  Global                              Global Defined In Module
      -----  --------------------------------   ------------------------
D:   0000003B  _rx_buffer                         uart0
D:   00000059  _previous                          1main
D:   0000005D  _timeDelay                         1main
ASxxxx Linker V03.00/V05.40 + sdld,  page 16.
Hexadecimal  [32-Bits]

Area                                    Addr        Size        Decimal Bytes (Attributes)
--------------------------------        ----        ----        ------- ----- ------------
HOME                                00000000    00000029 =          41. bytes (REL,CON,CODE)

      Value  Global                              Global Defined In Module
      -----  --------------------------------   ------------------------
C:   00000026  __sdcc_program_startup             1main

ASxxxx Linker V03.00/V05.40 + sdld,  page 17.
Hexadecimal  [32-Bits]

Area                                    Addr        Size        Decimal Bytes (Attributes)
--------------------------------        ----        ----        ------- ----- ------------
GSINIT0                             00000029    00000003 =           3. bytes (REL,CON,CODE)

      Value  Global                              Global Defined In Module
      -----  --------------------------------   ------------------------
C:   00000029  __sdcc_gsinit_startup              

ASxxxx Linker V03.00/V05.40 + sdld,  page 18.
Hexadecimal  [32-Bits]

Area                                    Addr        Size        Decimal Bytes (Attributes)
--------------------------------        ----        ----        ------- ----- ------------
GSINIT2                             0000002C    0000000A =          10. bytes (REL,CON,CODE)

      Value  Global                              Global Defined In Module
      -----  --------------------------------   ------------------------
ASxxxx Linker V03.00/V05.40 + sdld,  page 19.
Hexadecimal  [32-Bits]

Area                                    Addr        Size        Decimal Bytes (Attributes)
--------------------------------        ----        ----        ------- ----- ------------
GSINIT3                             00000036    00000022 =          34. bytes (REL,CON,CODE)

      Value  Global                              Global Defined In Module
      -----  --------------------------------   ------------------------
C:   00000036  __mcs51_genXINIT                   

ASxxxx Linker V03.00/V05.40 + sdld,  page 20.
Hexadecimal  [32-Bits]

Area                                    Addr        Size        Decimal Bytes (Attributes)
--------------------------------        ----        ----        ------- ----- ------------
GSINIT4                             00000058    0000002A =          42. bytes (REL,CON,CODE)

      Value  Global                              Global Defined In Module
      -----  --------------------------------   ------------------------
C:   00000058  __mcs51_genRAMCLEAR                
C:   0000005E  __mcs51_genXRAMCLEAR               

ASxxxx Linker V03.00/V05.40 + sdld,  page 21.
Hexadecimal  [32-Bits]

Area                                    Addr        Size        Decimal Bytes (Attributes)
--------------------------------        ----        ----        ------- ----- ------------
GSINIT                              00000082    0000004F =          79. bytes (REL,CON,CODE)

      Value  Global                              Global Defined In Module
      -----  --------------------------------   ------------------------
ASxxxx Linker V03.00/V05.40 + sdld,  page 22.
Hexadecimal  [32-Bits]

Area                                    Addr        Size        Decimal Bytes (Attributes)
--------------------------------        ----        ----        ------- ----- ------------
GSFINAL                             000000D1    00000003 =           3. bytes (REL,CON,CODE)

      Value  Global                              Global Defined In Module
      -----  --------------------------------   ------------------------
ASxxxx Linker V03.00/V05.40 + sdld,  page 23.
Hexadecimal  [32-Bits]

Area                                    Addr        Size        Decimal Bytes (Attributes)
--------------------------------        ----        ----        ------- ----- ------------
CSEG                                000000D4    0000163A =        5690. bytes (REL,CON,CODE)

      Value  Global                              Global Defined In Module
      -----  --------------------------------   ------------------------
C:   000000D4  _InitialUART0_Timer1               Common
C:   00000114  _InitialUART0_Timer3               Common
C:   00000165  _Receive_Data_From_UART0           Common
C:   0000016E  _Send_Data_To_UART0                Common
C:   00000178  _InitialUART1_Timer3               Common
C:   000001C4  _Receive_Data_From_UART1           Common
C:   000001CD  _Send_Data_To_UART1                Common
C:   000001D7  _Timer0_Delay100us                 Delay
C:   0000020F  _Timer0_Delay1ms                   Delay
C:   00000247  _Timer0_Delay40ms                  Delay
C:   0000027F  _Timer1_Delay10ms                  Delay
C:   000002B7  _Timer2_Delay500us                 Delay
C:   000002F2  _Timer3_Delay10us                  Delay
C:   00000331  _Timer3_Delay100ms                 Delay
C:   00000370  _ADC_ConvertTime                   adc
C:   00000391  _ADC_StartConv                     adc
C:   00000394  _ADC_IsBusy                        adc
C:   0000039E  _ADC_GetData                       adc
C:   00000456  _ADC_ClearFlag                     adc
C:   00000459  _ADC_Disable                       adc
C:   0000045D  _ADC_ComapreMode                   adc
C:   00000486  _ADC_Init                          adc
C:   000005D7  _ADC_SelectChannel                 adc
C:   000006BC  _PWM_Init                          pwm
C:   000006F9  _PWM_SetDuty                       pwm
C:   000007F6  _PWM_GetDuty                       pwm
C:   00000904  _putchar                           sdcc_stdio
C:   00000914  _getchar                           sdcc_stdio
C:   00000922  _MODIFY_HIRC                       sys
C:   00000A20  _FsysSelect                        sys
C:   00000A83  _ClockEnable                       sys
C:   00000AB8  _ClockDisable                      sys
C:   00000AE5  _ClockSwitch                       sys
C:   00000B67  _UART0_Init                        uart0
C:   00000B6F  _UART0_PutChar                     uart0
C:   00000B72  _UART0_PutString                   uart0
C:   00000B9D  _UART0_GetChar                     uart0
C:   00000BE9  _UART0_Available                   uart0
C:   00000BED  _UART0_ResetBuffer                 uart0
C:   00000BF1  _SerialPort0_ISR                   uart0
C:   00000C27  _main                              1main
C:   00000E71  _HallSpeed_Init                    hall_speed
C:   00000EA1  _HallSpeed_GetCount                hall_speed
C:   00000EC4  _HallSpeed_GetSpeed                hall_speed
C:   00000EE7  _Timer0_ISR                        hall_speed
C:   00000FF8  _parse_json                        json
C:   0000153C  _map                               math
C:   0000159E  _Timer1_ISR                        millis
C:   000015BF  _Millis_Init                       millis
C:   000015D7  _Millis                            millis
ASxxxx Linker V03.00/V05.40 + sdld,  page 24.
Hexadecimal  [32-Bits]

Area                                    Addr        Size        Decimal Bytes (Attributes)
--------------------------------        ----        ----        ------- ----- ------------
CSEG                                000000D4    0000163A =        5690. bytes (REL,CON,CODE)

      Value  Global                              Global Defined In Module
      -----  --------------------------------   ------------------------
C:   000015E3  __divulong                         _divulong
C:   00001648  __gptrput                          _gptrput
C:   00001663  __mulint                           _mulint
C:   00001663  __mulint_dummy                     _mulint
C:   00001680  __mullong                          _mullong
C:   00001680  __mullong_dummy                    _mullong
C:   000016EE  __gptrget                          _gptrget
C:   0000170A  ___sdcc_external_startup           _startup

ASxxxx Linker V03.00/V05.40 + sdld,  page 25.
Hexadecimal  [32-Bits]

Area                                    Addr        Size        Decimal Bytes (Attributes)
--------------------------------        ----        ----        ------- ----- ------------
XINIT                               0000170E    0000003A =          58. bytes (REL,CON,CODE)

      Value  Global                              Global Defined In Module
      -----  --------------------------------   ------------------------
ASxxxx Linker V03.00/V05.40 + sdld,  page 26.

Files Linked                              [ module(s) ]

.pio\build\n76e003\lib450\N76E003\Common.rel
                                          [  ]
.pio\build\n76e003\lib450\N76E003\Delay.rel
                                          [  ]
.pio\build\n76e003\lib450\N76E003\adc.rel
                                          [  ]
.pio\build\n76e003\lib450\N76E003\pwm.rel
                                          [  ]
.pio\build\n76e003\lib450\N76E003\sdcc_stdio.rel
                                          [  ]
.pio\build\n76e003\lib450\N76E003\sys.rel
                                          [  ]
.pio\build\n76e003\lib450\N76E003\uart0.rel
                                          [  ]
.pio\build\n76e003\src\1main.rel          [  ]
.pio\build\n76e003\src\hall_speed.rel     [  ]
.pio\build\n76e003\src\json.rel           [  ]
.pio\build\n76e003\src\math.rel           [  ]
.pio\build\n76e003\src\millis.rel         [  ]


Libraries Linked                          [ object file ]

C:\Users\Admin\.platformio\packages\toolchain-sdcc\bin\..\lib\small/liblong.lib
                                          [ _divulong.rel ]
C:\Users\Admin\.platformio\packages\toolchain-sdcc\bin\..\lib\small/mcs51.lib
                                          [ crtclear.rel ]
C:\Users\Admin\.platformio\packages\toolchain-sdcc\bin\..\lib\small/mcs51.lib
                                          [ crtxinit.rel ]
C:\Users\Admin\.platformio\packages\toolchain-sdcc\bin\..\lib\small/libsdcc.lib
                                          [ _gptrput.rel ]
C:\Users\Admin\.platformio\packages\toolchain-sdcc\bin\..\lib\small/libint.lib
                                          [ _mulint.rel ]
C:\Users\Admin\.platformio\packages\toolchain-sdcc\bin\..\lib\small/liblong.lib
                                          [ _mullong.rel ]
C:\Users\Admin\.platformio\packages\toolchain-sdcc\bin\..\lib\small/mcs51.lib
                                          [ crtxclear.rel ]
C:\Users\Admin\.platformio\packages\toolchain-sdcc\bin\..\lib\small/mcs51.lib
                                          [ crtpagesfr.rel ]
C:\Users\Admin\.platformio\packages\toolchain-sdcc\bin\..\lib\small/mcs51.lib
                                          [ crtstart.rel ]
C:\Users\Admin\.platformio\packages\toolchain-sdcc\bin\..\lib\small/libsdcc.lib
                                          [ _gptrget.rel ]
C:\Users\Admin\.platformio\packages\toolchain-sdcc\bin\..\lib\small/libsdcc.lib
                                          [ _startup.rel ]

ASxxxx Linker V03.00/V05.40 + sdld,  page 27.

User Base Address Definitions

HOME = 0x0000
XSEG = 0x0001
PSEG = 0x0001
ISEG = 0x0000
BSEG = 0x0000

